ARM GAS  C:\Users\Asus\AppData\Local\Temp\cc1XRTNe.s 			page 1


   1              		.syntax unified
   2              		.cpu cortex-m3
   3              		.fpu softvfp
   4              		.eabi_attribute 20, 1
   5              		.eabi_attribute 21, 1
   6              		.eabi_attribute 23, 3
   7              		.eabi_attribute 24, 1
   8              		.eabi_attribute 25, 1
   9              		.eabi_attribute 26, 1
  10              		.eabi_attribute 30, 1
  11              		.eabi_attribute 34, 1
  12              		.eabi_attribute 18, 4
  13              		.thumb
  14              		.syntax unified
  15              		.file	"ErikaOS_1_cortex_mx_ee_context.c"
  16              		.text
  17              	.Ltext0:
  18              		.cfi_sections	.debug_frame
  19              		.section	.text.EE_std_run_task_code,"ax",%progbits
  20              		.align	2
  21              		.global	EE_std_run_task_code
  22              		.thumb
  23              		.thumb_func
  24              		.type	EE_std_run_task_code, %function
  25              	EE_std_run_task_code:
  26              	.LFB70:
  27              		.file 1 "Generated_Source\\PSoC5\\ErikaOS_1_cortex_mx_ee_context.c"
   1:Generated_Source\PSoC5/ErikaOS_1_cortex_mx_ee_context.c **** /* ###*B*###
   2:Generated_Source\PSoC5/ErikaOS_1_cortex_mx_ee_context.c ****  * ERIKA Enterprise - a tiny RTOS for small microcontrollers
   3:Generated_Source\PSoC5/ErikaOS_1_cortex_mx_ee_context.c ****  *
   4:Generated_Source\PSoC5/ErikaOS_1_cortex_mx_ee_context.c ****  * Copyright (C) 2002-2011  Evidence Srl
   5:Generated_Source\PSoC5/ErikaOS_1_cortex_mx_ee_context.c ****  *
   6:Generated_Source\PSoC5/ErikaOS_1_cortex_mx_ee_context.c ****  * This file is part of ERIKA Enterprise.
   7:Generated_Source\PSoC5/ErikaOS_1_cortex_mx_ee_context.c ****  *
   8:Generated_Source\PSoC5/ErikaOS_1_cortex_mx_ee_context.c ****  * ERIKA Enterprise is free software; you can redistribute it
   9:Generated_Source\PSoC5/ErikaOS_1_cortex_mx_ee_context.c ****  * and/or modify it under the terms of the GNU General Public License
  10:Generated_Source\PSoC5/ErikaOS_1_cortex_mx_ee_context.c ****  * version 2 as published by the Free Software Foundation, 
  11:Generated_Source\PSoC5/ErikaOS_1_cortex_mx_ee_context.c ****  * (with a special exception described below).
  12:Generated_Source\PSoC5/ErikaOS_1_cortex_mx_ee_context.c ****  *
  13:Generated_Source\PSoC5/ErikaOS_1_cortex_mx_ee_context.c ****  * Linking this code statically or dynamically with other modules is
  14:Generated_Source\PSoC5/ErikaOS_1_cortex_mx_ee_context.c ****  * making a combined work based on this code.  Thus, the terms and
  15:Generated_Source\PSoC5/ErikaOS_1_cortex_mx_ee_context.c ****  * conditions of the GNU General Public License cover the whole
  16:Generated_Source\PSoC5/ErikaOS_1_cortex_mx_ee_context.c ****  * combination.
  17:Generated_Source\PSoC5/ErikaOS_1_cortex_mx_ee_context.c ****  *
  18:Generated_Source\PSoC5/ErikaOS_1_cortex_mx_ee_context.c ****  * As a special exception, the copyright holders of this library give you
  19:Generated_Source\PSoC5/ErikaOS_1_cortex_mx_ee_context.c ****  * permission to link this code with independent modules to produce an
  20:Generated_Source\PSoC5/ErikaOS_1_cortex_mx_ee_context.c ****  * executable, regardless of the license terms of these independent
  21:Generated_Source\PSoC5/ErikaOS_1_cortex_mx_ee_context.c ****  * modules, and to copy and distribute the resulting executable under
  22:Generated_Source\PSoC5/ErikaOS_1_cortex_mx_ee_context.c ****  * terms of your choice, provided that you also meet, for each linked
  23:Generated_Source\PSoC5/ErikaOS_1_cortex_mx_ee_context.c ****  * independent module, the terms and conditions of the license of that
  24:Generated_Source\PSoC5/ErikaOS_1_cortex_mx_ee_context.c ****  * module.  An independent module is a module which is not derived from
  25:Generated_Source\PSoC5/ErikaOS_1_cortex_mx_ee_context.c ****  * or based on this library.  If you modify this code, you may extend
  26:Generated_Source\PSoC5/ErikaOS_1_cortex_mx_ee_context.c ****  * this exception to your version of the code, but you are not
  27:Generated_Source\PSoC5/ErikaOS_1_cortex_mx_ee_context.c ****  * obligated to do so.  If you do not wish to do so, delete this
  28:Generated_Source\PSoC5/ErikaOS_1_cortex_mx_ee_context.c ****  * exception statement from your version.
  29:Generated_Source\PSoC5/ErikaOS_1_cortex_mx_ee_context.c ****  *
  30:Generated_Source\PSoC5/ErikaOS_1_cortex_mx_ee_context.c ****  * ERIKA Enterprise is distributed in the hope that it will be
ARM GAS  C:\Users\Asus\AppData\Local\Temp\cc1XRTNe.s 			page 2


  31:Generated_Source\PSoC5/ErikaOS_1_cortex_mx_ee_context.c ****  * useful, but WITHOUT ANY WARRANTY; without even the implied warranty
  32:Generated_Source\PSoC5/ErikaOS_1_cortex_mx_ee_context.c ****  * of MERCHANTABILITY or FITNESS FOR A PARTICULAR PURPOSE.  See the
  33:Generated_Source\PSoC5/ErikaOS_1_cortex_mx_ee_context.c ****  * GNU General Public License version 2 for more details.
  34:Generated_Source\PSoC5/ErikaOS_1_cortex_mx_ee_context.c ****  *
  35:Generated_Source\PSoC5/ErikaOS_1_cortex_mx_ee_context.c ****  * You should have received a copy of the GNU General Public License
  36:Generated_Source\PSoC5/ErikaOS_1_cortex_mx_ee_context.c ****  * version 2 along with ERIKA Enterprise; if not, write to the
  37:Generated_Source\PSoC5/ErikaOS_1_cortex_mx_ee_context.c ****  * Free Software Foundation, Inc., 51 Franklin Street, Fifth Floor,
  38:Generated_Source\PSoC5/ErikaOS_1_cortex_mx_ee_context.c ****  * Boston, MA 02110-1301 USA.
  39:Generated_Source\PSoC5/ErikaOS_1_cortex_mx_ee_context.c ****  * ###*E*### */
  40:Generated_Source\PSoC5/ErikaOS_1_cortex_mx_ee_context.c **** 
  41:Generated_Source\PSoC5/ErikaOS_1_cortex_mx_ee_context.c **** /*
  42:Generated_Source\PSoC5/ErikaOS_1_cortex_mx_ee_context.c ****  * Context switch functions used in HAL implementations
  43:Generated_Source\PSoC5/ErikaOS_1_cortex_mx_ee_context.c ****  * Author: 2011 Gianluca Franchino
  44:Generated_Source\PSoC5/ErikaOS_1_cortex_mx_ee_context.c ****  *         2011 Giuseppe Serano
  45:Generated_Source\PSoC5/ErikaOS_1_cortex_mx_ee_context.c ****  */
  46:Generated_Source\PSoC5/ErikaOS_1_cortex_mx_ee_context.c **** 
  47:Generated_Source\PSoC5/ErikaOS_1_cortex_mx_ee_context.c **** /*
  48:Generated_Source\PSoC5/ErikaOS_1_cortex_mx_ee_context.c ****  * PSoC Port and API Generation
  49:Generated_Source\PSoC5/ErikaOS_1_cortex_mx_ee_context.c ****  * Carlos Fernando Meier Martinez
  50:Generated_Source\PSoC5/ErikaOS_1_cortex_mx_ee_context.c ****  * Hochschule Darmstadt, Germany. 2017.
  51:Generated_Source\PSoC5/ErikaOS_1_cortex_mx_ee_context.c ****  */
  52:Generated_Source\PSoC5/ErikaOS_1_cortex_mx_ee_context.c **** 
  53:Generated_Source\PSoC5/ErikaOS_1_cortex_mx_ee_context.c **** #include "ErikaOS_1_ee_internal.inc"
  54:Generated_Source\PSoC5/ErikaOS_1_cortex_mx_ee_context.c **** 
  55:Generated_Source\PSoC5/ErikaOS_1_cortex_mx_ee_context.c **** /* This version should work for both the monostack and multistack versions of
  56:Generated_Source\PSoC5/ErikaOS_1_cortex_mx_ee_context.c ****  * the kernel, thanks to the macros defined in cpu/common/inc/ee_context.inc.
  57:Generated_Source\PSoC5/ErikaOS_1_cortex_mx_ee_context.c ****  * In the mono version, all the stack-related stuff is ignored. */
  58:Generated_Source\PSoC5/ErikaOS_1_cortex_mx_ee_context.c **** EE_TID EE_std_run_task_code(EE_TID tid)
  59:Generated_Source\PSoC5/ErikaOS_1_cortex_mx_ee_context.c **** {
  28              		.loc 1 59 0
  29              		.cfi_startproc
  30              		@ args = 0, pretend = 0, frame = 0
  31              		@ frame_needed = 0, uses_anonymous_args = 0
  32              	.LVL0:
  33 0000 08B5     		push	{r3, lr}
  34              		.cfi_def_cfa_offset 8
  35              		.cfi_offset 3, -8
  36              		.cfi_offset 14, -4
  37              	.LBB14:
  38              	.LBB15:
  39              	.LBB16:
  40              		.file 2 "Generated_Source\\PSoC5\\ErikaOS_1_cortex_mx_ee_cpu.inc"
   1:Generated_Source\PSoC5/ErikaOS_1_cortex_mx_ee_cpu.inc **** /* ###*B*###
   2:Generated_Source\PSoC5/ErikaOS_1_cortex_mx_ee_cpu.inc ****  * ERIKA Enterprise - a tiny RTOS for small microcontrollers
   3:Generated_Source\PSoC5/ErikaOS_1_cortex_mx_ee_cpu.inc ****  *
   4:Generated_Source\PSoC5/ErikaOS_1_cortex_mx_ee_cpu.inc ****  * Copyright (C) 2002-2011  Evidence Srl
   5:Generated_Source\PSoC5/ErikaOS_1_cortex_mx_ee_cpu.inc ****  *
   6:Generated_Source\PSoC5/ErikaOS_1_cortex_mx_ee_cpu.inc ****  * This file is part of ERIKA Enterprise.
   7:Generated_Source\PSoC5/ErikaOS_1_cortex_mx_ee_cpu.inc ****  *
   8:Generated_Source\PSoC5/ErikaOS_1_cortex_mx_ee_cpu.inc ****  * ERIKA Enterprise is free software; you can redistribute it
   9:Generated_Source\PSoC5/ErikaOS_1_cortex_mx_ee_cpu.inc ****  * and/or modify it under the terms of the GNU General Public License
  10:Generated_Source\PSoC5/ErikaOS_1_cortex_mx_ee_cpu.inc ****  * version 2 as published by the Free Software Foundation, 
  11:Generated_Source\PSoC5/ErikaOS_1_cortex_mx_ee_cpu.inc ****  * (with a special exception described below).
  12:Generated_Source\PSoC5/ErikaOS_1_cortex_mx_ee_cpu.inc ****  *
  13:Generated_Source\PSoC5/ErikaOS_1_cortex_mx_ee_cpu.inc ****  * Linking this code statically or dynamically with other modules is
  14:Generated_Source\PSoC5/ErikaOS_1_cortex_mx_ee_cpu.inc ****  * making a combined work based on this code.  Thus, the terms and
  15:Generated_Source\PSoC5/ErikaOS_1_cortex_mx_ee_cpu.inc ****  * conditions of the GNU General Public License cover the whole
ARM GAS  C:\Users\Asus\AppData\Local\Temp\cc1XRTNe.s 			page 3


  16:Generated_Source\PSoC5/ErikaOS_1_cortex_mx_ee_cpu.inc ****  * combination.
  17:Generated_Source\PSoC5/ErikaOS_1_cortex_mx_ee_cpu.inc ****  *
  18:Generated_Source\PSoC5/ErikaOS_1_cortex_mx_ee_cpu.inc ****  * As a special exception, the copyright holders of this library give you
  19:Generated_Source\PSoC5/ErikaOS_1_cortex_mx_ee_cpu.inc ****  * permission to link this code with independent modules to produce an
  20:Generated_Source\PSoC5/ErikaOS_1_cortex_mx_ee_cpu.inc ****  * executable, regardless of the license terms of these independent
  21:Generated_Source\PSoC5/ErikaOS_1_cortex_mx_ee_cpu.inc ****  * modules, and to copy and distribute the resulting executable under
  22:Generated_Source\PSoC5/ErikaOS_1_cortex_mx_ee_cpu.inc ****  * terms of your choice, provided that you also meet, for each linked
  23:Generated_Source\PSoC5/ErikaOS_1_cortex_mx_ee_cpu.inc ****  * independent module, the terms and conditions of the license of that
  24:Generated_Source\PSoC5/ErikaOS_1_cortex_mx_ee_cpu.inc ****  * module.  An independent module is a module which is not derived from
  25:Generated_Source\PSoC5/ErikaOS_1_cortex_mx_ee_cpu.inc ****  * or based on this library.  If you modify this code, you may extend
  26:Generated_Source\PSoC5/ErikaOS_1_cortex_mx_ee_cpu.inc ****  * this exception to your version of the code, but you are not
  27:Generated_Source\PSoC5/ErikaOS_1_cortex_mx_ee_cpu.inc ****  * obligated to do so.  If you do not wish to do so, delete this
  28:Generated_Source\PSoC5/ErikaOS_1_cortex_mx_ee_cpu.inc ****  * exception statement from your version.
  29:Generated_Source\PSoC5/ErikaOS_1_cortex_mx_ee_cpu.inc ****  *
  30:Generated_Source\PSoC5/ErikaOS_1_cortex_mx_ee_cpu.inc ****  * ERIKA Enterprise is distributed in the hope that it will be
  31:Generated_Source\PSoC5/ErikaOS_1_cortex_mx_ee_cpu.inc ****  * useful, but WITHOUT ANY WARRANTY; without even the implied warranty
  32:Generated_Source\PSoC5/ErikaOS_1_cortex_mx_ee_cpu.inc ****  * of MERCHANTABILITY or FITNESS FOR A PARTICULAR PURPOSE.  See the
  33:Generated_Source\PSoC5/ErikaOS_1_cortex_mx_ee_cpu.inc ****  * GNU General Public License version 2 for more details.
  34:Generated_Source\PSoC5/ErikaOS_1_cortex_mx_ee_cpu.inc ****  *
  35:Generated_Source\PSoC5/ErikaOS_1_cortex_mx_ee_cpu.inc ****  * You should have received a copy of the GNU General Public License
  36:Generated_Source\PSoC5/ErikaOS_1_cortex_mx_ee_cpu.inc ****  * version 2 along with ERIKA Enterprise; if not, write to the
  37:Generated_Source\PSoC5/ErikaOS_1_cortex_mx_ee_cpu.inc ****  * Free Software Foundation, Inc., 51 Franklin Street, Fifth Floor,
  38:Generated_Source\PSoC5/ErikaOS_1_cortex_mx_ee_cpu.inc ****  * Boston, MA 02110-1301 USA.
  39:Generated_Source\PSoC5/ErikaOS_1_cortex_mx_ee_cpu.inc ****  * ###*E*### */
  40:Generated_Source\PSoC5/ErikaOS_1_cortex_mx_ee_cpu.inc **** 
  41:Generated_Source\PSoC5/ErikaOS_1_cortex_mx_ee_cpu.inc **** /** 
  42:Generated_Source\PSoC5/ErikaOS_1_cortex_mx_ee_cpu.inc **** 	@file ee_cpu.h
  43:Generated_Source\PSoC5/ErikaOS_1_cortex_mx_ee_cpu.inc **** 	@brief CPU-dependent part of HAL. Derived from pkg/cpu/pic30/inc/ee_cpu.h
  44:Generated_Source\PSoC5/ErikaOS_1_cortex_mx_ee_cpu.inc **** 	@author Gianluca Franchino
  45:Generated_Source\PSoC5/ErikaOS_1_cortex_mx_ee_cpu.inc **** 	@author Giuseppe Serano
  46:Generated_Source\PSoC5/ErikaOS_1_cortex_mx_ee_cpu.inc **** 	@date 2011
  47:Generated_Source\PSoC5/ErikaOS_1_cortex_mx_ee_cpu.inc **** */ 
  48:Generated_Source\PSoC5/ErikaOS_1_cortex_mx_ee_cpu.inc ****     
  49:Generated_Source\PSoC5/ErikaOS_1_cortex_mx_ee_cpu.inc **** /*
  50:Generated_Source\PSoC5/ErikaOS_1_cortex_mx_ee_cpu.inc ****  * PSoC Port and API Generation
  51:Generated_Source\PSoC5/ErikaOS_1_cortex_mx_ee_cpu.inc ****  * Carlos Fernando Meier Martinez
  52:Generated_Source\PSoC5/ErikaOS_1_cortex_mx_ee_cpu.inc ****  * Hochschule Darmstadt, Germany. 2017.
  53:Generated_Source\PSoC5/ErikaOS_1_cortex_mx_ee_cpu.inc ****  */
  54:Generated_Source\PSoC5/ErikaOS_1_cortex_mx_ee_cpu.inc **** 
  55:Generated_Source\PSoC5/ErikaOS_1_cortex_mx_ee_cpu.inc **** #ifndef __INCLUDE_CORTEX_MX_EE_CPU_H__
  56:Generated_Source\PSoC5/ErikaOS_1_cortex_mx_ee_cpu.inc **** #define __INCLUDE_CORTEX_MX_EE_CPU_H__
  57:Generated_Source\PSoC5/ErikaOS_1_cortex_mx_ee_cpu.inc **** 
  58:Generated_Source\PSoC5/ErikaOS_1_cortex_mx_ee_cpu.inc **** #include "ErikaOS_1_eecfg.inc"
  59:Generated_Source\PSoC5/ErikaOS_1_cortex_mx_ee_cpu.inc **** 
  60:Generated_Source\PSoC5/ErikaOS_1_cortex_mx_ee_cpu.inc **** 
  61:Generated_Source\PSoC5/ErikaOS_1_cortex_mx_ee_cpu.inc **** #ifdef __GNU__
  62:Generated_Source\PSoC5/ErikaOS_1_cortex_mx_ee_cpu.inc **** #include "ErikaOS_1_common_ee_compiler_gcc.inc"
  63:Generated_Source\PSoC5/ErikaOS_1_cortex_mx_ee_cpu.inc **** #endif
  64:Generated_Source\PSoC5/ErikaOS_1_cortex_mx_ee_cpu.inc **** 
  65:Generated_Source\PSoC5/ErikaOS_1_cortex_mx_ee_cpu.inc **** /* Initial stack offset (in words): Used in multistack. */
  66:Generated_Source\PSoC5/ErikaOS_1_cortex_mx_ee_cpu.inc **** #ifndef CORTEX_MX_INIT_TOS_OFFSET
  67:Generated_Source\PSoC5/ErikaOS_1_cortex_mx_ee_cpu.inc **** #define CORTEX_MX_INIT_TOS_OFFSET 10
  68:Generated_Source\PSoC5/ErikaOS_1_cortex_mx_ee_cpu.inc **** #endif
  69:Generated_Source\PSoC5/ErikaOS_1_cortex_mx_ee_cpu.inc **** 
  70:Generated_Source\PSoC5/ErikaOS_1_cortex_mx_ee_cpu.inc **** /*************************************************************************
  71:Generated_Source\PSoC5/ErikaOS_1_cortex_mx_ee_cpu.inc ****  HAL Types and structures
  72:Generated_Source\PSoC5/ErikaOS_1_cortex_mx_ee_cpu.inc ****  *************************************************************************/
ARM GAS  C:\Users\Asus\AppData\Local\Temp\cc1XRTNe.s 			page 4


  73:Generated_Source\PSoC5/ErikaOS_1_cortex_mx_ee_cpu.inc **** 
  74:Generated_Source\PSoC5/ErikaOS_1_cortex_mx_ee_cpu.inc **** /* Primitive data types */
  75:Generated_Source\PSoC5/ErikaOS_1_cortex_mx_ee_cpu.inc **** #include "ErikaOS_1_common_ee_types.inc"
  76:Generated_Source\PSoC5/ErikaOS_1_cortex_mx_ee_cpu.inc **** 
  77:Generated_Source\PSoC5/ErikaOS_1_cortex_mx_ee_cpu.inc **** typedef EE_UINT32 EE_UREG;
  78:Generated_Source\PSoC5/ErikaOS_1_cortex_mx_ee_cpu.inc **** typedef EE_INT32  EE_SREG;
  79:Generated_Source\PSoC5/ErikaOS_1_cortex_mx_ee_cpu.inc **** typedef EE_UINT32 EE_FREG;
  80:Generated_Source\PSoC5/ErikaOS_1_cortex_mx_ee_cpu.inc **** #define EE_UREG_SIZE 4
  81:Generated_Source\PSoC5/ErikaOS_1_cortex_mx_ee_cpu.inc **** 
  82:Generated_Source\PSoC5/ErikaOS_1_cortex_mx_ee_cpu.inc **** /* boolean type */
  83:Generated_Source\PSoC5/ErikaOS_1_cortex_mx_ee_cpu.inc **** #ifndef EE_TYPEBOOL
  84:Generated_Source\PSoC5/ErikaOS_1_cortex_mx_ee_cpu.inc **** typedef EE_UREG EE_TYPEBOOL;
  85:Generated_Source\PSoC5/ErikaOS_1_cortex_mx_ee_cpu.inc **** #endif
  86:Generated_Source\PSoC5/ErikaOS_1_cortex_mx_ee_cpu.inc **** 
  87:Generated_Source\PSoC5/ErikaOS_1_cortex_mx_ee_cpu.inc **** /* boolean true define */
  88:Generated_Source\PSoC5/ErikaOS_1_cortex_mx_ee_cpu.inc **** #ifndef EE_TRUE
  89:Generated_Source\PSoC5/ErikaOS_1_cortex_mx_ee_cpu.inc **** #define EE_TRUE ((EE_TYPEBOOL)1U)
  90:Generated_Source\PSoC5/ErikaOS_1_cortex_mx_ee_cpu.inc **** #endif
  91:Generated_Source\PSoC5/ErikaOS_1_cortex_mx_ee_cpu.inc **** 
  92:Generated_Source\PSoC5/ErikaOS_1_cortex_mx_ee_cpu.inc **** /* boolean false define */
  93:Generated_Source\PSoC5/ErikaOS_1_cortex_mx_ee_cpu.inc **** #ifndef EE_FALSE
  94:Generated_Source\PSoC5/ErikaOS_1_cortex_mx_ee_cpu.inc **** #define EE_FALSE ((EE_TYPEBOOL)0U)
  95:Generated_Source\PSoC5/ErikaOS_1_cortex_mx_ee_cpu.inc **** #endif
  96:Generated_Source\PSoC5/ErikaOS_1_cortex_mx_ee_cpu.inc **** 
  97:Generated_Source\PSoC5/ErikaOS_1_cortex_mx_ee_cpu.inc **** #define	EE_HWREG_PTR		volatile EE_UREG *
  98:Generated_Source\PSoC5/ErikaOS_1_cortex_mx_ee_cpu.inc **** #define	EE_HWREG_ADDR(x)	((EE_HWREG_PTR)(x))
  99:Generated_Source\PSoC5/ErikaOS_1_cortex_mx_ee_cpu.inc **** #define	EE_HWREG(x)		(*EE_HWREG_ADDR(x))
 100:Generated_Source\PSoC5/ErikaOS_1_cortex_mx_ee_cpu.inc **** 
 101:Generated_Source\PSoC5/ErikaOS_1_cortex_mx_ee_cpu.inc **** #ifdef __GNU__
 102:Generated_Source\PSoC5/ErikaOS_1_cortex_mx_ee_cpu.inc **** 
 103:Generated_Source\PSoC5/ErikaOS_1_cortex_mx_ee_cpu.inc **** /* Get current SP */
 104:Generated_Source\PSoC5/ErikaOS_1_cortex_mx_ee_cpu.inc **** __INLINE__ EE_UINT32  __current_sp(void)
 105:Generated_Source\PSoC5/ErikaOS_1_cortex_mx_ee_cpu.inc **** {
 106:Generated_Source\PSoC5/ErikaOS_1_cortex_mx_ee_cpu.inc **** EE_UINT32 temp;
 107:Generated_Source\PSoC5/ErikaOS_1_cortex_mx_ee_cpu.inc **** __ASM ("mov %0, sp" : "=r" (temp) : );
 108:Generated_Source\PSoC5/ErikaOS_1_cortex_mx_ee_cpu.inc **** return temp;
 109:Generated_Source\PSoC5/ErikaOS_1_cortex_mx_ee_cpu.inc **** }
 110:Generated_Source\PSoC5/ErikaOS_1_cortex_mx_ee_cpu.inc **** 
 111:Generated_Source\PSoC5/ErikaOS_1_cortex_mx_ee_cpu.inc **** /* Set a breakpoint */
 112:Generated_Source\PSoC5/ErikaOS_1_cortex_mx_ee_cpu.inc **** #define __breakpoint(value)	__ASM ("bkpt "#value)
 113:Generated_Source\PSoC5/ErikaOS_1_cortex_mx_ee_cpu.inc **** 
 114:Generated_Source\PSoC5/ErikaOS_1_cortex_mx_ee_cpu.inc **** #endif
 115:Generated_Source\PSoC5/ErikaOS_1_cortex_mx_ee_cpu.inc **** 
 116:Generated_Source\PSoC5/ErikaOS_1_cortex_mx_ee_cpu.inc **** /* ISR Priority representation type */
 117:Generated_Source\PSoC5/ErikaOS_1_cortex_mx_ee_cpu.inc **** typedef EE_UREG EE_TYPEISR2PRIO;
 118:Generated_Source\PSoC5/ErikaOS_1_cortex_mx_ee_cpu.inc **** 
 119:Generated_Source\PSoC5/ErikaOS_1_cortex_mx_ee_cpu.inc **** /* Thread IDs */
 120:Generated_Source\PSoC5/ErikaOS_1_cortex_mx_ee_cpu.inc **** typedef EE_INT32 EE_TID;
 121:Generated_Source\PSoC5/ErikaOS_1_cortex_mx_ee_cpu.inc **** 
 122:Generated_Source\PSoC5/ErikaOS_1_cortex_mx_ee_cpu.inc **** /* Thread IDs - unsigned version*/
 123:Generated_Source\PSoC5/ErikaOS_1_cortex_mx_ee_cpu.inc **** typedef EE_UINT32 EE_UTID;
 124:Generated_Source\PSoC5/ErikaOS_1_cortex_mx_ee_cpu.inc **** 
 125:Generated_Source\PSoC5/ErikaOS_1_cortex_mx_ee_cpu.inc **** /* Used by the common layer to decide whether to start a new thread */
 126:Generated_Source\PSoC5/ErikaOS_1_cortex_mx_ee_cpu.inc **** #define TID_IS_STACKED_MARK 0x80000000
 127:Generated_Source\PSoC5/ErikaOS_1_cortex_mx_ee_cpu.inc **** 
 128:Generated_Source\PSoC5/ErikaOS_1_cortex_mx_ee_cpu.inc **** /* EE_TYPEIRQ is currently unused */
 129:Generated_Source\PSoC5/ErikaOS_1_cortex_mx_ee_cpu.inc **** 
ARM GAS  C:\Users\Asus\AppData\Local\Temp\cc1XRTNe.s 			page 5


 130:Generated_Source\PSoC5/ErikaOS_1_cortex_mx_ee_cpu.inc **** /* XXX: define EE_TIME? */
 131:Generated_Source\PSoC5/ErikaOS_1_cortex_mx_ee_cpu.inc **** 
 132:Generated_Source\PSoC5/ErikaOS_1_cortex_mx_ee_cpu.inc **** /* Use the "standard" implementation */
 133:Generated_Source\PSoC5/ErikaOS_1_cortex_mx_ee_cpu.inc **** #include "ErikaOS_1_common_ee_hal_structs.inc"
 134:Generated_Source\PSoC5/ErikaOS_1_cortex_mx_ee_cpu.inc **** 
 135:Generated_Source\PSoC5/ErikaOS_1_cortex_mx_ee_cpu.inc **** /******************************************************************************
 136:Generated_Source\PSoC5/ErikaOS_1_cortex_mx_ee_cpu.inc ****  Application dependent data types
 137:Generated_Source\PSoC5/ErikaOS_1_cortex_mx_ee_cpu.inc ****  ******************************************************************************/
 138:Generated_Source\PSoC5/ErikaOS_1_cortex_mx_ee_cpu.inc **** 
 139:Generated_Source\PSoC5/ErikaOS_1_cortex_mx_ee_cpu.inc **** #ifdef	__HAS_TYPES_H__
 140:Generated_Source\PSoC5/ErikaOS_1_cortex_mx_ee_cpu.inc **** #include	"types.h"
 141:Generated_Source\PSoC5/ErikaOS_1_cortex_mx_ee_cpu.inc **** #endif
 142:Generated_Source\PSoC5/ErikaOS_1_cortex_mx_ee_cpu.inc **** 
 143:Generated_Source\PSoC5/ErikaOS_1_cortex_mx_ee_cpu.inc **** /******************************************************************************
 144:Generated_Source\PSoC5/ErikaOS_1_cortex_mx_ee_cpu.inc ****  CPU Peripherals
 145:Generated_Source\PSoC5/ErikaOS_1_cortex_mx_ee_cpu.inc ****  ******************************************************************************/
 146:Generated_Source\PSoC5/ErikaOS_1_cortex_mx_ee_cpu.inc **** 
 147:Generated_Source\PSoC5/ErikaOS_1_cortex_mx_ee_cpu.inc **** #ifdef __CORTEX_MX__
 148:Generated_Source\PSoC5/ErikaOS_1_cortex_mx_ee_cpu.inc **** #include "ErikaOS_1_cortex_mx_ee_nvic.inc"
 149:Generated_Source\PSoC5/ErikaOS_1_cortex_mx_ee_cpu.inc **** #include "ErikaOS_1_cortex_mx_ee_systick.inc"
 150:Generated_Source\PSoC5/ErikaOS_1_cortex_mx_ee_cpu.inc **** #endif
 151:Generated_Source\PSoC5/ErikaOS_1_cortex_mx_ee_cpu.inc **** 
 152:Generated_Source\PSoC5/ErikaOS_1_cortex_mx_ee_cpu.inc **** /******************************************************************************
 153:Generated_Source\PSoC5/ErikaOS_1_cortex_mx_ee_cpu.inc ****  HAL Variables
 154:Generated_Source\PSoC5/ErikaOS_1_cortex_mx_ee_cpu.inc ****  ******************************************************************************/
 155:Generated_Source\PSoC5/ErikaOS_1_cortex_mx_ee_cpu.inc **** 
 156:Generated_Source\PSoC5/ErikaOS_1_cortex_mx_ee_cpu.inc **** #ifdef __MULTI__
 157:Generated_Source\PSoC5/ErikaOS_1_cortex_mx_ee_cpu.inc **** 
 158:Generated_Source\PSoC5/ErikaOS_1_cortex_mx_ee_cpu.inc **** /* Top-of-stack of each private stack */
 159:Generated_Source\PSoC5/ErikaOS_1_cortex_mx_ee_cpu.inc **** extern struct EE_TOS EE_cortex_mx_system_tos[];
 160:Generated_Source\PSoC5/ErikaOS_1_cortex_mx_ee_cpu.inc **** //#define	EE_std_system_tos EE_cortex_mx_system_tos
 161:Generated_Source\PSoC5/ErikaOS_1_cortex_mx_ee_cpu.inc **** 
 162:Generated_Source\PSoC5/ErikaOS_1_cortex_mx_ee_cpu.inc **** /* Index of the current stack */
 163:Generated_Source\PSoC5/ErikaOS_1_cortex_mx_ee_cpu.inc **** extern EE_UREG EE_cortex_mx_active_tos;
 164:Generated_Source\PSoC5/ErikaOS_1_cortex_mx_ee_cpu.inc **** #define	EE_hal_active_tos EE_cortex_mx_active_tos
 165:Generated_Source\PSoC5/ErikaOS_1_cortex_mx_ee_cpu.inc **** 
 166:Generated_Source\PSoC5/ErikaOS_1_cortex_mx_ee_cpu.inc **** /*extern	EE_UREG EE_pic30_thread_tos[];
 167:Generated_Source\PSoC5/ErikaOS_1_cortex_mx_ee_cpu.inc **** #define	EE_std_thread_tos EE_pic30_thread_tos */
 168:Generated_Source\PSoC5/ErikaOS_1_cortex_mx_ee_cpu.inc **** #endif /* __MULTI__ */
 169:Generated_Source\PSoC5/ErikaOS_1_cortex_mx_ee_cpu.inc **** 
 170:Generated_Source\PSoC5/ErikaOS_1_cortex_mx_ee_cpu.inc **** /*********************************************************************
 171:Generated_Source\PSoC5/ErikaOS_1_cortex_mx_ee_cpu.inc ****  Cortex M0 interrupt disabling/enabling
 172:Generated_Source\PSoC5/ErikaOS_1_cortex_mx_ee_cpu.inc ****  *********************************************************************/
 173:Generated_Source\PSoC5/ErikaOS_1_cortex_mx_ee_cpu.inc **** 
 174:Generated_Source\PSoC5/ErikaOS_1_cortex_mx_ee_cpu.inc **** /* Used to check the value returned by EE_cortex_mx_disableIRQ */
 175:Generated_Source\PSoC5/ErikaOS_1_cortex_mx_ee_cpu.inc **** #define EE_cortex_mx_are_IRQs_enabled(ie) ((ie) ^ 1)
 176:Generated_Source\PSoC5/ErikaOS_1_cortex_mx_ee_cpu.inc **** 
 177:Generated_Source\PSoC5/ErikaOS_1_cortex_mx_ee_cpu.inc **** /**
 178:Generated_Source\PSoC5/ErikaOS_1_cortex_mx_ee_cpu.inc ****  * Enable interrupts
 179:Generated_Source\PSoC5/ErikaOS_1_cortex_mx_ee_cpu.inc ****  */
 180:Generated_Source\PSoC5/ErikaOS_1_cortex_mx_ee_cpu.inc **** __INLINE__ void  EE_cortex_mx_enableIRQ(void)
 181:Generated_Source\PSoC5/ErikaOS_1_cortex_mx_ee_cpu.inc **** {
 182:Generated_Source\PSoC5/ErikaOS_1_cortex_mx_ee_cpu.inc **** #ifdef __IAR__
 183:Generated_Source\PSoC5/ErikaOS_1_cortex_mx_ee_cpu.inc **** 	__ASM ("cpsie i");
 184:Generated_Source\PSoC5/ErikaOS_1_cortex_mx_ee_cpu.inc **** #else	/* __IAR__ */
 185:Generated_Source\PSoC5/ErikaOS_1_cortex_mx_ee_cpu.inc **** #ifdef __CCS__
 186:Generated_Source\PSoC5/ErikaOS_1_cortex_mx_ee_cpu.inc **** 	__ASM ("    cpsie    i\n");
ARM GAS  C:\Users\Asus\AppData\Local\Temp\cc1XRTNe.s 			page 6


 187:Generated_Source\PSoC5/ErikaOS_1_cortex_mx_ee_cpu.inc **** #else	/* __CCS__ */
 188:Generated_Source\PSoC5/ErikaOS_1_cortex_mx_ee_cpu.inc **** #ifdef __KEIL__
 189:Generated_Source\PSoC5/ErikaOS_1_cortex_mx_ee_cpu.inc **** 	__enable_irq();
 190:Generated_Source\PSoC5/ErikaOS_1_cortex_mx_ee_cpu.inc **** #else	/* __KEIL__ */
 191:Generated_Source\PSoC5/ErikaOS_1_cortex_mx_ee_cpu.inc **** 	__ASM volatile("cpsie i");
  41              		.loc 2 191 0
  42              		.syntax unified
  43              	@ 191 "Generated_Source\PSoC5\ErikaOS_1_cortex_mx_ee_cpu.inc" 1
  44 0002 62B6     		cpsie i
  45              	@ 0 "" 2
  46              		.thumb
  47              		.syntax unified
  48              	.LBE16:
  49              	.LBE15:
  50              	.LBE14:
  60:Generated_Source\PSoC5/ErikaOS_1_cortex_mx_ee_context.c ****     EE_hal_enableIRQ();
  61:Generated_Source\PSoC5/ErikaOS_1_cortex_mx_ee_context.c **** /* Call a the body of a task */
  62:Generated_Source\PSoC5/ErikaOS_1_cortex_mx_ee_context.c **** #if defined(__OO_BCC1__) || defined(__OO_BCC2__) || \
  63:Generated_Source\PSoC5/ErikaOS_1_cortex_mx_ee_context.c ****  defined(__OO_ECC1__) || defined(__OO_ECC2__)
  64:Generated_Source\PSoC5/ErikaOS_1_cortex_mx_ee_context.c ****     EE_oo_thread_stub();
  51              		.loc 1 64 0
  52 0004 FFF7FEFF 		bl	EE_oo_thread_stub
  53              	.LVL1:
  54              	.LBB17:
  55              	.LBB18:
  56              	.LBB19:
 192:Generated_Source\PSoC5/ErikaOS_1_cortex_mx_ee_cpu.inc **** #endif	/* !__KEIL__ */
 193:Generated_Source\PSoC5/ErikaOS_1_cortex_mx_ee_cpu.inc **** #endif	/* !__CCS__ */
 194:Generated_Source\PSoC5/ErikaOS_1_cortex_mx_ee_cpu.inc **** #endif	/* !__IAR__ */
 195:Generated_Source\PSoC5/ErikaOS_1_cortex_mx_ee_cpu.inc **** }
 196:Generated_Source\PSoC5/ErikaOS_1_cortex_mx_ee_cpu.inc **** 
 197:Generated_Source\PSoC5/ErikaOS_1_cortex_mx_ee_cpu.inc **** /**
 198:Generated_Source\PSoC5/ErikaOS_1_cortex_mx_ee_cpu.inc ****  * Disable interrupts
 199:Generated_Source\PSoC5/ErikaOS_1_cortex_mx_ee_cpu.inc ****  */
 200:Generated_Source\PSoC5/ErikaOS_1_cortex_mx_ee_cpu.inc **** __INLINE__ void  EE_cortex_mx_disableIRQ(void)
 201:Generated_Source\PSoC5/ErikaOS_1_cortex_mx_ee_cpu.inc **** {
 202:Generated_Source\PSoC5/ErikaOS_1_cortex_mx_ee_cpu.inc **** #ifdef __IAR__
 203:Generated_Source\PSoC5/ErikaOS_1_cortex_mx_ee_cpu.inc **** 	__ASM ("cpsid i");
 204:Generated_Source\PSoC5/ErikaOS_1_cortex_mx_ee_cpu.inc **** #else	/* __IAR__ */
 205:Generated_Source\PSoC5/ErikaOS_1_cortex_mx_ee_cpu.inc **** #ifdef __CCS__
 206:Generated_Source\PSoC5/ErikaOS_1_cortex_mx_ee_cpu.inc **** 	__ASM ("    cpsid    i\n");
 207:Generated_Source\PSoC5/ErikaOS_1_cortex_mx_ee_cpu.inc **** #else	/* __CCS__ */
 208:Generated_Source\PSoC5/ErikaOS_1_cortex_mx_ee_cpu.inc **** #ifdef __KEIL__
 209:Generated_Source\PSoC5/ErikaOS_1_cortex_mx_ee_cpu.inc **** 	__disable_irq();
 210:Generated_Source\PSoC5/ErikaOS_1_cortex_mx_ee_cpu.inc **** #else	/* __KEIL__ */
 211:Generated_Source\PSoC5/ErikaOS_1_cortex_mx_ee_cpu.inc **** 	__ASM volatile("cpsid i");
  57              		.loc 2 211 0
  58              		.syntax unified
  59              	@ 211 "Generated_Source\PSoC5\ErikaOS_1_cortex_mx_ee_cpu.inc" 1
  60 0008 72B6     		cpsid i
  61              	@ 0 "" 2
  62              		.thumb
  63              		.syntax unified
  64              	.LBE19:
  65              	.LBE18:
  66              	.LBE17:
  65:Generated_Source\PSoC5/ErikaOS_1_cortex_mx_ee_context.c ****     (void)tid;
ARM GAS  C:\Users\Asus\AppData\Local\Temp\cc1XRTNe.s 			page 7


  66:Generated_Source\PSoC5/ErikaOS_1_cortex_mx_ee_context.c **** #else
  67:Generated_Source\PSoC5/ErikaOS_1_cortex_mx_ee_context.c ****     /* Useless check to make MISRA-C happy. */
  68:Generated_Source\PSoC5/ErikaOS_1_cortex_mx_ee_context.c ****     if ( EE_hal_thread_body[tid] != 0 ) {
  69:Generated_Source\PSoC5/ErikaOS_1_cortex_mx_ee_context.c ****         EE_hal_thread_body[tid]();
  70:Generated_Source\PSoC5/ErikaOS_1_cortex_mx_ee_context.c ****     }
  71:Generated_Source\PSoC5/ErikaOS_1_cortex_mx_ee_context.c **** #endif
  72:Generated_Source\PSoC5/ErikaOS_1_cortex_mx_ee_context.c ****     EE_hal_disableIRQ();
  73:Generated_Source\PSoC5/ErikaOS_1_cortex_mx_ee_context.c ****     EE_thread_end_instance(); /* Call the scheduler */
  67              		.loc 1 73 0
  68 000a FFF7FEFF 		bl	EE_thread_end_instance
  69              	.LVL2:
  74:Generated_Source\PSoC5/ErikaOS_1_cortex_mx_ee_context.c ****     return EE_std_endcycle_next_tid;
  75:Generated_Source\PSoC5/ErikaOS_1_cortex_mx_ee_context.c **** }
  70              		.loc 1 75 0
  71 000e 014B     		ldr	r3, .L3
  72 0010 1868     		ldr	r0, [r3]
  73 0012 08BD     		pop	{r3, pc}
  74              	.L4:
  75              		.align	2
  76              	.L3:
  77 0014 00000000 		.word	EE_std_endcycle_next_tid
  78              		.cfi_endproc
  79              	.LFE70:
  80              		.size	EE_std_run_task_code, .-EE_std_run_task_code
  81              		.section	.text.EE_std_need_context_change,"ax",%progbits
  82              		.align	2
  83              		.global	EE_std_need_context_change
  84              		.thumb
  85              		.thumb_func
  86              		.type	EE_std_need_context_change, %function
  87              	EE_std_need_context_change:
  88              	.LFB71:
  76:Generated_Source\PSoC5/ErikaOS_1_cortex_mx_ee_context.c **** 
  77:Generated_Source\PSoC5/ErikaOS_1_cortex_mx_ee_context.c **** #ifdef __MULTI__
  78:Generated_Source\PSoC5/ErikaOS_1_cortex_mx_ee_context.c **** 
  79:Generated_Source\PSoC5/ErikaOS_1_cortex_mx_ee_context.c **** int EE_std_need_context_change(EE_TID tid)
  80:Generated_Source\PSoC5/ErikaOS_1_cortex_mx_ee_context.c **** {
  89              		.loc 1 80 0
  90              		.cfi_startproc
  91              		@ args = 0, pretend = 0, frame = 0
  92              		@ frame_needed = 0, uses_anonymous_args = 0
  93              		@ link register save eliminated.
  94              	.LVL3:
  81:Generated_Source\PSoC5/ErikaOS_1_cortex_mx_ee_context.c ****   /* FIXME: "tid+1" can be used as an index for arrays even when marked if
  82:Generated_Source\PSoC5/ErikaOS_1_cortex_mx_ee_context.c ****    * EE_TID is defined as an int.  Otherwise, the mark will cause a memory
  83:Generated_Source\PSoC5/ErikaOS_1_cortex_mx_ee_context.c ****    * access violation!  */
  84:Generated_Source\PSoC5/ErikaOS_1_cortex_mx_ee_context.c ****   EE_UTID utid;
  85:Generated_Source\PSoC5/ErikaOS_1_cortex_mx_ee_context.c ****   int need_context_change = 1;
  86:Generated_Source\PSoC5/ErikaOS_1_cortex_mx_ee_context.c ****   if (tid < 0) {
  95              		.loc 1 86 0
  96 0000 0028     		cmp	r0, #0
  97 0002 0BDA     		bge	.L7
  87:Generated_Source\PSoC5/ErikaOS_1_cortex_mx_ee_context.c ****     /* Unmark the tid to access the EE_std_thread_tos, otherwise undefined
  88:Generated_Source\PSoC5/ErikaOS_1_cortex_mx_ee_context.c ****        behaviour. (Index out of arrays boundaries)
  89:Generated_Source\PSoC5/ErikaOS_1_cortex_mx_ee_context.c ****        FIXME: #1
  90:Generated_Source\PSoC5/ErikaOS_1_cortex_mx_ee_context.c ****     */
  91:Generated_Source\PSoC5/ErikaOS_1_cortex_mx_ee_context.c ****     utid = (EE_UTID)tid & (~(EE_UTID)TID_IS_STACKED_MARK);
ARM GAS  C:\Users\Asus\AppData\Local\Temp\cc1XRTNe.s 			page 8


  98              		.loc 1 91 0
  99 0004 20F00040 		bic	r0, r0, #-2147483648
 100              	.LVL4:
  92:Generated_Source\PSoC5/ErikaOS_1_cortex_mx_ee_context.c ****     need_context_change = (EE_hal_active_tos != EE_std_thread_tos[utid + 1U]);
 101              		.loc 1 92 0
 102 0008 0130     		adds	r0, r0, #1
 103              	.LVL5:
 104 000a 054B     		ldr	r3, .L8
 105 000c 53F82000 		ldr	r0, [r3, r0, lsl #2]
 106              	.LVL6:
 107 0010 044B     		ldr	r3, .L8+4
 108 0012 1B68     		ldr	r3, [r3]
 109 0014 181A     		subs	r0, r3, r0
 110 0016 18BF     		it	ne
 111 0018 0120     		movne	r0, #1
 112              	.LVL7:
 113 001a 7047     		bx	lr
 114              	.LVL8:
 115              	.L7:
  85:Generated_Source\PSoC5/ErikaOS_1_cortex_mx_ee_context.c ****   if (tid < 0) {
 116              		.loc 1 85 0
 117 001c 0120     		movs	r0, #1
 118              	.LVL9:
  93:Generated_Source\PSoC5/ErikaOS_1_cortex_mx_ee_context.c ****   }
  94:Generated_Source\PSoC5/ErikaOS_1_cortex_mx_ee_context.c ****   return need_context_change;
  95:Generated_Source\PSoC5/ErikaOS_1_cortex_mx_ee_context.c **** }
 119              		.loc 1 95 0
 120 001e 7047     		bx	lr
 121              	.L9:
 122              		.align	2
 123              	.L8:
 124 0020 00000000 		.word	EE_std_thread_tos
 125 0024 00000000 		.word	EE_cortex_mx_active_tos
 126              		.cfi_endproc
 127              	.LFE71:
 128              		.size	EE_std_need_context_change, .-EE_std_need_context_change
 129              		.text
 130              	.Letext0:
 131              		.file 3 "Generated_Source\\PSoC5\\ErikaOS_1_common_ee_types.inc"
 132              		.file 4 "Generated_Source\\PSoC5\\ErikaOS_1_ee_oo_common.inc"
 133              		.file 5 "Generated_Source\\PSoC5\\ErikaOS_1_common_ee_hal_structs.inc"
 134              		.file 6 "Generated_Source\\PSoC5\\ErikaOS_1_common_ee_primitives.inc"
 135              		.file 7 "Generated_Source\\PSoC5\\ErikaOS_1_cortex_mx_ee_context.inc"
 136              		.file 8 "Generated_Source\\PSoC5\\ErikaOS_1_ee_oo_intfunc.inc"
 137              		.file 9 "Generated_Source\\PSoC5\\ErikaOS_1_ee_oo_internal.inc"
 138              		.section	.debug_info,"",%progbits
 139              	.Ldebug_info0:
 140 0000 FD040000 		.4byte	0x4fd
 141 0004 0400     		.2byte	0x4
 142 0006 00000000 		.4byte	.Ldebug_abbrev0
 143 000a 04       		.byte	0x4
 144 000b 01       		.uleb128 0x1
 145 000c D5040000 		.4byte	.LASF75
 146 0010 0C       		.byte	0xc
 147 0011 C1030000 		.4byte	.LASF76
 148 0015 29030000 		.4byte	.LASF77
 149 0019 00000000 		.4byte	.Ldebug_ranges0+0
ARM GAS  C:\Users\Asus\AppData\Local\Temp\cc1XRTNe.s 			page 9


 150 001d 00000000 		.4byte	0
 151 0021 00000000 		.4byte	.Ldebug_line0
 152 0025 02       		.uleb128 0x2
 153 0026 01       		.byte	0x1
 154 0027 06       		.byte	0x6
 155 0028 A7020000 		.4byte	.LASF0
 156 002c 02       		.uleb128 0x2
 157 002d 01       		.byte	0x1
 158 002e 08       		.byte	0x8
 159 002f 4C020000 		.4byte	.LASF1
 160 0033 02       		.uleb128 0x2
 161 0034 02       		.byte	0x2
 162 0035 05       		.byte	0x5
 163 0036 75000000 		.4byte	.LASF2
 164 003a 02       		.uleb128 0x2
 165 003b 02       		.byte	0x2
 166 003c 07       		.byte	0x7
 167 003d 90030000 		.4byte	.LASF3
 168 0041 02       		.uleb128 0x2
 169 0042 04       		.byte	0x4
 170 0043 05       		.byte	0x5
 171 0044 B4010000 		.4byte	.LASF4
 172 0048 02       		.uleb128 0x2
 173 0049 04       		.byte	0x4
 174 004a 07       		.byte	0x7
 175 004b 39040000 		.4byte	.LASF5
 176 004f 02       		.uleb128 0x2
 177 0050 08       		.byte	0x8
 178 0051 05       		.byte	0x5
 179 0052 7D010000 		.4byte	.LASF6
 180 0056 02       		.uleb128 0x2
 181 0057 08       		.byte	0x8
 182 0058 07       		.byte	0x7
 183 0059 B3020000 		.4byte	.LASF7
 184 005d 03       		.uleb128 0x3
 185 005e 04       		.byte	0x4
 186 005f 05       		.byte	0x5
 187 0060 696E7400 		.ascii	"int\000"
 188 0064 02       		.uleb128 0x2
 189 0065 04       		.byte	0x4
 190 0066 07       		.byte	0x7
 191 0067 DC020000 		.4byte	.LASF8
 192 006b 02       		.uleb128 0x2
 193 006c 08       		.byte	0x8
 194 006d 04       		.byte	0x4
 195 006e 2C020000 		.4byte	.LASF9
 196 0072 04       		.uleb128 0x4
 197 0073 8B010000 		.4byte	.LASF10
 198 0077 03       		.byte	0x3
 199 0078 3F       		.byte	0x3f
 200 0079 25000000 		.4byte	0x25
 201 007d 04       		.uleb128 0x4
 202 007e F9030000 		.4byte	.LASF11
 203 0082 03       		.byte	0x3
 204 0083 52       		.byte	0x52
 205 0084 3A000000 		.4byte	0x3a
 206 0088 04       		.uleb128 0x4
ARM GAS  C:\Users\Asus\AppData\Local\Temp\cc1XRTNe.s 			page 10


 207 0089 20030000 		.4byte	.LASF12
 208 008d 03       		.byte	0x3
 209 008e 53       		.byte	0x53
 210 008f 5D000000 		.4byte	0x5d
 211 0093 04       		.uleb128 0x4
 212 0094 B4000000 		.4byte	.LASF13
 213 0098 03       		.byte	0x3
 214 0099 54       		.byte	0x54
 215 009a 64000000 		.4byte	0x64
 216 009e 04       		.uleb128 0x4
 217 009f 2B000000 		.4byte	.LASF14
 218 00a3 02       		.byte	0x2
 219 00a4 4D       		.byte	0x4d
 220 00a5 93000000 		.4byte	0x93
 221 00a9 04       		.uleb128 0x4
 222 00aa 96000000 		.4byte	.LASF15
 223 00ae 02       		.byte	0x2
 224 00af 4F       		.byte	0x4f
 225 00b0 93000000 		.4byte	0x93
 226 00b4 04       		.uleb128 0x4
 227 00b5 4B040000 		.4byte	.LASF16
 228 00b9 02       		.byte	0x2
 229 00ba 54       		.byte	0x54
 230 00bb 9E000000 		.4byte	0x9e
 231 00bf 04       		.uleb128 0x4
 232 00c0 CF000000 		.4byte	.LASF17
 233 00c4 02       		.byte	0x2
 234 00c5 78       		.byte	0x78
 235 00c6 88000000 		.4byte	0x88
 236 00ca 04       		.uleb128 0x4
 237 00cb 83040000 		.4byte	.LASF18
 238 00cf 02       		.byte	0x2
 239 00d0 7B       		.byte	0x7b
 240 00d1 93000000 		.4byte	0x93
 241 00d5 05       		.uleb128 0x5
 242 00d6 93010000 		.4byte	.LASF19
 243 00da 04       		.byte	0x4
 244 00db 1101     		.2byte	0x111
 245 00dd 7D000000 		.4byte	0x7d
 246 00e1 05       		.uleb128 0x5
 247 00e2 02020000 		.4byte	.LASF20
 248 00e6 04       		.byte	0x4
 249 00e7 3502     		.2byte	0x235
 250 00e9 9E000000 		.4byte	0x9e
 251 00ed 05       		.uleb128 0x5
 252 00ee 1A020000 		.4byte	.LASF21
 253 00f2 04       		.byte	0x4
 254 00f3 5D02     		.2byte	0x25d
 255 00f5 9E000000 		.4byte	0x9e
 256 00f9 05       		.uleb128 0x5
 257 00fa 8B040000 		.4byte	.LASF22
 258 00fe 04       		.byte	0x4
 259 00ff 6C02     		.2byte	0x26c
 260 0101 9E000000 		.4byte	0x9e
 261 0105 06       		.uleb128 0x6
 262 0106 0C       		.byte	0xc
 263 0107 04       		.byte	0x4
ARM GAS  C:\Users\Asus\AppData\Local\Temp\cc1XRTNe.s 			page 11


 264 0108 7202     		.2byte	0x272
 265 010a 36010000 		.4byte	0x136
 266 010e 07       		.uleb128 0x7
 267 010f BD010000 		.4byte	.LASF23
 268 0113 04       		.byte	0x4
 269 0114 7302     		.2byte	0x273
 270 0116 E1000000 		.4byte	0xe1
 271 011a 00       		.byte	0
 272 011b 07       		.uleb128 0x7
 273 011c 44000000 		.4byte	.LASF24
 274 0120 04       		.byte	0x4
 275 0121 7402     		.2byte	0x274
 276 0123 E1000000 		.4byte	0xe1
 277 0127 04       		.byte	0x4
 278 0128 07       		.uleb128 0x7
 279 0129 D6000000 		.4byte	.LASF25
 280 012d 04       		.byte	0x4
 281 012e 7502     		.2byte	0x275
 282 0130 E1000000 		.4byte	0xe1
 283 0134 08       		.byte	0x8
 284 0135 00       		.byte	0
 285 0136 05       		.uleb128 0x5
 286 0137 EB010000 		.4byte	.LASF26
 287 013b 04       		.byte	0x4
 288 013c 7A02     		.2byte	0x27a
 289 013e 05010000 		.4byte	0x105
 290 0142 06       		.uleb128 0x6
 291 0143 08       		.byte	0x8
 292 0144 04       		.byte	0x4
 293 0145 7D02     		.2byte	0x27d
 294 0147 66010000 		.4byte	0x166
 295 014b 07       		.uleb128 0x7
 296 014c DF000000 		.4byte	.LASF27
 297 0150 04       		.byte	0x4
 298 0151 7E02     		.2byte	0x27e
 299 0153 E1000000 		.4byte	0xe1
 300 0157 00       		.byte	0
 301 0158 07       		.uleb128 0x7
 302 0159 AB050000 		.4byte	.LASF28
 303 015d 04       		.byte	0x4
 304 015e 7F02     		.2byte	0x27f
 305 0160 ED000000 		.4byte	0xed
 306 0164 04       		.byte	0x4
 307 0165 00       		.byte	0
 308 0166 05       		.uleb128 0x5
 309 0167 4D010000 		.4byte	.LASF29
 310 016b 04       		.byte	0x4
 311 016c 8002     		.2byte	0x280
 312 016e 42010000 		.4byte	0x142
 313 0172 08       		.uleb128 0x8
 314 0173 01       		.byte	0x1
 315 0174 2C000000 		.4byte	0x2c
 316 0178 04       		.byte	0x4
 317 0179 8A02     		.2byte	0x28a
 318 017b 8C010000 		.4byte	0x18c
 319 017f 09       		.uleb128 0x9
 320 0180 63040000 		.4byte	.LASF30
ARM GAS  C:\Users\Asus\AppData\Local\Temp\cc1XRTNe.s 			page 12


 321 0184 00       		.byte	0
 322 0185 09       		.uleb128 0x9
 323 0186 A3010000 		.4byte	.LASF31
 324 018a 01       		.byte	0x1
 325 018b 00       		.byte	0
 326 018c 05       		.uleb128 0x5
 327 018d 19010000 		.4byte	.LASF32
 328 0191 04       		.byte	0x4
 329 0192 8D02     		.2byte	0x28d
 330 0194 72010000 		.4byte	0x172
 331 0198 05       		.uleb128 0x5
 332 0199 9E000000 		.4byte	.LASF33
 333 019d 04       		.byte	0x4
 334 019e 9002     		.2byte	0x290
 335 01a0 8C010000 		.4byte	0x18c
 336 01a4 06       		.uleb128 0x6
 337 01a5 0C       		.byte	0xc
 338 01a6 04       		.byte	0x4
 339 01a7 9402     		.2byte	0x294
 340 01a9 D3010000 		.4byte	0x1d3
 341 01ad 0A       		.uleb128 0xa
 342 01ae 6300     		.ascii	"c\000"
 343 01b0 04       		.byte	0x4
 344 01b1 9602     		.2byte	0x296
 345 01b3 F9000000 		.4byte	0xf9
 346 01b7 00       		.byte	0
 347 01b8 07       		.uleb128 0x7
 348 01b9 8E000000 		.4byte	.LASF34
 349 01bd 04       		.byte	0x4
 350 01be 9802     		.2byte	0x298
 351 01c0 ED000000 		.4byte	0xed
 352 01c4 04       		.byte	0x4
 353 01c5 07       		.uleb128 0x7
 354 01c6 00000000 		.4byte	.LASF35
 355 01ca 04       		.byte	0x4
 356 01cb 9A02     		.2byte	0x29a
 357 01cd 98010000 		.4byte	0x198
 358 01d1 08       		.byte	0x8
 359 01d2 00       		.byte	0
 360 01d3 05       		.uleb128 0x5
 361 01d4 A3030000 		.4byte	.LASF36
 362 01d8 04       		.byte	0x4
 363 01d9 9B02     		.2byte	0x29b
 364 01db A4010000 		.4byte	0x1a4
 365 01df 06       		.uleb128 0x6
 366 01e0 10       		.byte	0x10
 367 01e1 04       		.byte	0x4
 368 01e2 9F02     		.2byte	0x29f
 369 01e4 1D020000 		.4byte	0x21d
 370 01e8 07       		.uleb128 0x7
 371 01e9 47020000 		.4byte	.LASF37
 372 01ed 04       		.byte	0x4
 373 01ee A002     		.2byte	0x2a0
 374 01f0 B4000000 		.4byte	0xb4
 375 01f4 00       		.byte	0
 376 01f5 07       		.uleb128 0x7
 377 01f6 63050000 		.4byte	.LASF38
ARM GAS  C:\Users\Asus\AppData\Local\Temp\cc1XRTNe.s 			page 13


 378 01fa 04       		.byte	0x4
 379 01fb A102     		.2byte	0x2a1
 380 01fd E1000000 		.4byte	0xe1
 381 0201 04       		.byte	0x4
 382 0202 07       		.uleb128 0x7
 383 0203 88000000 		.4byte	.LASF39
 384 0207 04       		.byte	0x4
 385 0208 A202     		.2byte	0x2a2
 386 020a E1000000 		.4byte	0xe1
 387 020e 08       		.byte	0x8
 388 020f 07       		.uleb128 0x7
 389 0210 99050000 		.4byte	.LASF40
 390 0214 04       		.byte	0x4
 391 0215 A302     		.2byte	0x2a3
 392 0217 ED000000 		.4byte	0xed
 393 021b 0C       		.byte	0xc
 394 021c 00       		.byte	0
 395 021d 05       		.uleb128 0x5
 396 021e CD010000 		.4byte	.LASF41
 397 0222 04       		.byte	0x4
 398 0223 A402     		.2byte	0x2a4
 399 0225 DF010000 		.4byte	0x1df
 400 0229 0B       		.uleb128 0xb
 401 022a 6C040000 		.4byte	.LASF42
 402 022e 02       		.byte	0x2
 403 022f B4       		.byte	0xb4
 404 0230 03       		.byte	0x3
 405 0231 0B       		.uleb128 0xb
 406 0232 5A020000 		.4byte	.LASF43
 407 0236 02       		.byte	0x2
 408 0237 C8       		.byte	0xc8
 409 0238 03       		.byte	0x3
 410 0239 0C       		.uleb128 0xc
 411 023a E9020000 		.4byte	.LASF44
 412 023e 02       		.byte	0x2
 413 023f 9C01     		.2byte	0x19c
 414 0241 03       		.byte	0x3
 415 0242 0C       		.uleb128 0xc
 416 0243 33000000 		.4byte	.LASF45
 417 0247 02       		.byte	0x2
 418 0248 9601     		.2byte	0x196
 419 024a 03       		.byte	0x3
 420 024b 0D       		.uleb128 0xd
 421 024c 84050000 		.4byte	.LASF46
 422 0250 01       		.byte	0x1
 423 0251 3A       		.byte	0x3a
 424 0252 BF000000 		.4byte	0xbf
 425 0256 00000000 		.4byte	.LFB70
 426 025a 18000000 		.4byte	.LFE70-.LFB70
 427 025e 01       		.uleb128 0x1
 428 025f 9C       		.byte	0x9c
 429 0260 CE020000 		.4byte	0x2ce
 430 0264 0E       		.uleb128 0xe
 431 0265 74696400 		.ascii	"tid\000"
 432 0269 01       		.byte	0x1
 433 026a 3A       		.byte	0x3a
 434 026b BF000000 		.4byte	0xbf
ARM GAS  C:\Users\Asus\AppData\Local\Temp\cc1XRTNe.s 			page 14


 435 026f 00000000 		.4byte	.LLST0
 436 0273 0F       		.uleb128 0xf
 437 0274 42020000 		.4byte	0x242
 438 0278 02000000 		.4byte	.LBB14
 439 027c 02000000 		.4byte	.LBE14-.LBB14
 440 0280 01       		.byte	0x1
 441 0281 3C       		.byte	0x3c
 442 0282 97020000 		.4byte	0x297
 443 0286 10       		.uleb128 0x10
 444 0287 29020000 		.4byte	0x229
 445 028b 02000000 		.4byte	.LBB15
 446 028f 02000000 		.4byte	.LBE15-.LBB15
 447 0293 02       		.byte	0x2
 448 0294 9801     		.2byte	0x198
 449 0296 00       		.byte	0
 450 0297 0F       		.uleb128 0xf
 451 0298 39020000 		.4byte	0x239
 452 029c 08000000 		.4byte	.LBB17
 453 02a0 02000000 		.4byte	.LBE17-.LBB17
 454 02a4 01       		.byte	0x1
 455 02a5 48       		.byte	0x48
 456 02a6 BB020000 		.4byte	0x2bb
 457 02aa 10       		.uleb128 0x10
 458 02ab 31020000 		.4byte	0x231
 459 02af 08000000 		.4byte	.LBB18
 460 02b3 02000000 		.4byte	.LBE18-.LBB18
 461 02b7 02       		.byte	0x2
 462 02b8 9E01     		.2byte	0x19e
 463 02ba 00       		.byte	0
 464 02bb 11       		.uleb128 0x11
 465 02bc 08000000 		.4byte	.LVL1
 466 02c0 E8040000 		.4byte	0x4e8
 467 02c4 11       		.uleb128 0x11
 468 02c5 0E000000 		.4byte	.LVL2
 469 02c9 F4040000 		.4byte	0x4f4
 470 02cd 00       		.byte	0
 471 02ce 0D       		.uleb128 0xd
 472 02cf E5000000 		.4byte	.LASF47
 473 02d3 01       		.byte	0x1
 474 02d4 4F       		.byte	0x4f
 475 02d5 5D000000 		.4byte	0x5d
 476 02d9 00000000 		.4byte	.LFB71
 477 02dd 28000000 		.4byte	.LFE71-.LFB71
 478 02e1 01       		.uleb128 0x1
 479 02e2 9C       		.byte	0x9c
 480 02e3 15030000 		.4byte	0x315
 481 02e7 0E       		.uleb128 0xe
 482 02e8 74696400 		.ascii	"tid\000"
 483 02ec 01       		.byte	0x1
 484 02ed 4F       		.byte	0x4f
 485 02ee BF000000 		.4byte	0xbf
 486 02f2 21000000 		.4byte	.LLST1
 487 02f6 12       		.uleb128 0x12
 488 02f7 89020000 		.4byte	.LASF48
 489 02fb 01       		.byte	0x1
 490 02fc 54       		.byte	0x54
 491 02fd CA000000 		.4byte	0xca
ARM GAS  C:\Users\Asus\AppData\Local\Temp\cc1XRTNe.s 			page 15


 492 0301 5B000000 		.4byte	.LLST2
 493 0305 12       		.uleb128 0x12
 494 0306 03040000 		.4byte	.LASF49
 495 030a 01       		.byte	0x1
 496 030b 55       		.byte	0x55
 497 030c 5D000000 		.4byte	0x5d
 498 0310 8F000000 		.4byte	.LLST3
 499 0314 00       		.byte	0
 500 0315 13       		.uleb128 0x13
 501 0316 2C030000 		.4byte	0x32c
 502 031a 25030000 		.4byte	0x325
 503 031e 14       		.uleb128 0x14
 504 031f 25030000 		.4byte	0x325
 505 0323 05       		.byte	0x5
 506 0324 00       		.byte	0
 507 0325 02       		.uleb128 0x2
 508 0326 04       		.byte	0x4
 509 0327 07       		.byte	0x7
 510 0328 7F000000 		.4byte	.LASF50
 511 032c 15       		.uleb128 0x15
 512 032d 9E000000 		.4byte	0x9e
 513 0331 16       		.uleb128 0x16
 514 0332 CA020000 		.4byte	.LASF51
 515 0336 05       		.byte	0x5
 516 0337 67       		.byte	0x67
 517 0338 3C030000 		.4byte	0x33c
 518 033c 15       		.uleb128 0x15
 519 033d 15030000 		.4byte	0x315
 520 0341 16       		.uleb128 0x16
 521 0342 05000000 		.4byte	.LASF52
 522 0346 02       		.byte	0x2
 523 0347 A3       		.byte	0xa3
 524 0348 9E000000 		.4byte	0x9e
 525 034c 16       		.uleb128 0x16
 526 034d 38010000 		.4byte	.LASF53
 527 0351 06       		.byte	0x6
 528 0352 44       		.byte	0x44
 529 0353 9E000000 		.4byte	0x9e
 530 0357 16       		.uleb128 0x16
 531 0358 07030000 		.4byte	.LASF54
 532 035c 07       		.byte	0x7
 533 035d 48       		.byte	0x48
 534 035e BF000000 		.4byte	0xbf
 535 0362 13       		.uleb128 0x13
 536 0363 2C030000 		.4byte	0x32c
 537 0367 72030000 		.4byte	0x372
 538 036b 14       		.uleb128 0x14
 539 036c 25030000 		.4byte	0x325
 540 0370 04       		.byte	0x4
 541 0371 00       		.byte	0
 542 0372 16       		.uleb128 0x16
 543 0373 BE000000 		.4byte	.LASF55
 544 0377 04       		.byte	0x4
 545 0378 B2       		.byte	0xb2
 546 0379 7D030000 		.4byte	0x37d
 547 037d 15       		.uleb128 0x15
 548 037e 62030000 		.4byte	0x362
ARM GAS  C:\Users\Asus\AppData\Local\Temp\cc1XRTNe.s 			page 16


 549 0382 16       		.uleb128 0x16
 550 0383 A4040000 		.4byte	.LASF56
 551 0387 04       		.byte	0x4
 552 0388 B3       		.byte	0xb3
 553 0389 8D030000 		.4byte	0x38d
 554 038d 15       		.uleb128 0x15
 555 038e 62030000 		.4byte	0x362
 556 0392 13       		.uleb128 0x13
 557 0393 9E000000 		.4byte	0x9e
 558 0397 A2030000 		.4byte	0x3a2
 559 039b 14       		.uleb128 0x14
 560 039c 25030000 		.4byte	0x325
 561 03a0 04       		.byte	0x4
 562 03a1 00       		.byte	0
 563 03a2 16       		.uleb128 0x16
 564 03a3 97040000 		.4byte	.LASF57
 565 03a7 04       		.byte	0x4
 566 03a8 CA       		.byte	0xca
 567 03a9 92030000 		.4byte	0x392
 568 03ad 13       		.uleb128 0x13
 569 03ae BF000000 		.4byte	0xbf
 570 03b2 BD030000 		.4byte	0x3bd
 571 03b6 14       		.uleb128 0x14
 572 03b7 25030000 		.4byte	0x325
 573 03bb 04       		.byte	0x4
 574 03bc 00       		.byte	0
 575 03bd 16       		.uleb128 0x16
 576 03be B8040000 		.4byte	.LASF58
 577 03c2 04       		.byte	0x4
 578 03c3 D2       		.byte	0xd2
 579 03c4 AD030000 		.4byte	0x3ad
 580 03c8 16       		.uleb128 0x16
 581 03c9 FB020000 		.4byte	.LASF59
 582 03cd 04       		.byte	0x4
 583 03ce DA       		.byte	0xda
 584 03cf 92030000 		.4byte	0x392
 585 03d3 16       		.uleb128 0x16
 586 03d4 57040000 		.4byte	.LASF60
 587 03d8 04       		.byte	0x4
 588 03d9 E2       		.byte	0xe2
 589 03da BF000000 		.4byte	0xbf
 590 03de 16       		.uleb128 0x16
 591 03df 0B020000 		.4byte	.LASF61
 592 03e3 04       		.byte	0x4
 593 03e4 F7       		.byte	0xf7
 594 03e5 9E000000 		.4byte	0x9e
 595 03e9 17       		.uleb128 0x17
 596 03ea 1D000000 		.4byte	.LASF62
 597 03ee 04       		.byte	0x4
 598 03ef 3F01     		.2byte	0x13f
 599 03f1 D5000000 		.4byte	0xd5
 600 03f5 17       		.uleb128 0x17
 601 03f6 51000000 		.4byte	.LASF63
 602 03fa 04       		.byte	0x4
 603 03fb 5C01     		.2byte	0x15c
 604 03fd 92030000 		.4byte	0x392
 605 0401 13       		.uleb128 0x13
ARM GAS  C:\Users\Asus\AppData\Local\Temp\cc1XRTNe.s 			page 17


 606 0402 B4000000 		.4byte	0xb4
 607 0406 11040000 		.4byte	0x411
 608 040a 14       		.uleb128 0x14
 609 040b 25030000 		.4byte	0x325
 610 040f 04       		.byte	0x4
 611 0410 00       		.byte	0
 612 0411 17       		.uleb128 0x17
 613 0412 64000000 		.4byte	.LASF64
 614 0416 04       		.byte	0x4
 615 0417 6701     		.2byte	0x167
 616 0419 01040000 		.4byte	0x401
 617 041d 13       		.uleb128 0x13
 618 041e 2D040000 		.4byte	0x42d
 619 0422 2D040000 		.4byte	0x42d
 620 0426 14       		.uleb128 0x14
 621 0427 25030000 		.4byte	0x325
 622 042b 00       		.byte	0
 623 042c 00       		.byte	0
 624 042d 15       		.uleb128 0x15
 625 042e 36010000 		.4byte	0x136
 626 0432 17       		.uleb128 0x17
 627 0433 38020000 		.4byte	.LASF65
 628 0437 04       		.byte	0x4
 629 0438 CA02     		.2byte	0x2ca
 630 043a 3E040000 		.4byte	0x43e
 631 043e 15       		.uleb128 0x15
 632 043f 1D040000 		.4byte	0x41d
 633 0443 13       		.uleb128 0x13
 634 0444 53040000 		.4byte	0x453
 635 0448 53040000 		.4byte	0x453
 636 044c 14       		.uleb128 0x14
 637 044d 25030000 		.4byte	0x325
 638 0451 00       		.byte	0
 639 0452 00       		.byte	0
 640 0453 15       		.uleb128 0x15
 641 0454 D3010000 		.4byte	0x1d3
 642 0458 17       		.uleb128 0x17
 643 0459 00010000 		.4byte	.LASF66
 644 045d 04       		.byte	0x4
 645 045e DD02     		.2byte	0x2dd
 646 0460 64040000 		.4byte	0x464
 647 0464 15       		.uleb128 0x15
 648 0465 43040000 		.4byte	0x443
 649 0469 13       		.uleb128 0x13
 650 046a 66010000 		.4byte	0x166
 651 046e 79040000 		.4byte	0x479
 652 0472 14       		.uleb128 0x14
 653 0473 25030000 		.4byte	0x325
 654 0477 00       		.byte	0
 655 0478 00       		.byte	0
 656 0479 17       		.uleb128 0x17
 657 047a 17040000 		.4byte	.LASF67
 658 047e 04       		.byte	0x4
 659 047f FB02     		.2byte	0x2fb
 660 0481 69040000 		.4byte	0x469
 661 0485 13       		.uleb128 0x13
 662 0486 1D020000 		.4byte	0x21d
ARM GAS  C:\Users\Asus\AppData\Local\Temp\cc1XRTNe.s 			page 18


 663 048a 95040000 		.4byte	0x495
 664 048e 14       		.uleb128 0x14
 665 048f 25030000 		.4byte	0x325
 666 0493 00       		.byte	0
 667 0494 00       		.byte	0
 668 0495 17       		.uleb128 0x17
 669 0496 8E020000 		.4byte	.LASF68
 670 049a 04       		.byte	0x4
 671 049b 0403     		.2byte	0x304
 672 049d 85040000 		.4byte	0x485
 673 04a1 16       		.uleb128 0x16
 674 04a2 6C050000 		.4byte	.LASF69
 675 04a6 08       		.byte	0x8
 676 04a7 40       		.byte	0x40
 677 04a8 9E000000 		.4byte	0x9e
 678 04ac 16       		.uleb128 0x16
 679 04ad 64010000 		.4byte	.LASF70
 680 04b1 08       		.byte	0x8
 681 04b2 47       		.byte	0x47
 682 04b3 A9000000 		.4byte	0xa9
 683 04b7 16       		.uleb128 0x16
 684 04b8 26040000 		.4byte	.LASF71
 685 04bc 08       		.byte	0x8
 686 04bd 4A       		.byte	0x4a
 687 04be 9E000000 		.4byte	0x9e
 688 04c2 13       		.uleb128 0x13
 689 04c3 D2040000 		.4byte	0x4d2
 690 04c7 D2040000 		.4byte	0x4d2
 691 04cb 14       		.uleb128 0x14
 692 04cc 25030000 		.4byte	0x325
 693 04d0 FF       		.byte	0xff
 694 04d1 00       		.byte	0
 695 04d2 15       		.uleb128 0x15
 696 04d3 72000000 		.4byte	0x72
 697 04d7 17       		.uleb128 0x17
 698 04d8 9E050000 		.4byte	.LASF72
 699 04dc 09       		.byte	0x9
 700 04dd AB01     		.2byte	0x1ab
 701 04df E3040000 		.4byte	0x4e3
 702 04e3 15       		.uleb128 0x15
 703 04e4 C2040000 		.4byte	0x4c2
 704 04e8 18       		.uleb128 0x18
 705 04e9 C3040000 		.4byte	.LASF73
 706 04ed C3040000 		.4byte	.LASF73
 707 04f1 04       		.byte	0x4
 708 04f2 E701     		.2byte	0x1e7
 709 04f4 18       		.uleb128 0x18
 710 04f5 72020000 		.4byte	.LASF74
 711 04f9 72020000 		.4byte	.LASF74
 712 04fd 09       		.byte	0x9
 713 04fe 1002     		.2byte	0x210
 714 0500 00       		.byte	0
 715              		.section	.debug_abbrev,"",%progbits
 716              	.Ldebug_abbrev0:
 717 0000 01       		.uleb128 0x1
 718 0001 11       		.uleb128 0x11
 719 0002 01       		.byte	0x1
ARM GAS  C:\Users\Asus\AppData\Local\Temp\cc1XRTNe.s 			page 19


 720 0003 25       		.uleb128 0x25
 721 0004 0E       		.uleb128 0xe
 722 0005 13       		.uleb128 0x13
 723 0006 0B       		.uleb128 0xb
 724 0007 03       		.uleb128 0x3
 725 0008 0E       		.uleb128 0xe
 726 0009 1B       		.uleb128 0x1b
 727 000a 0E       		.uleb128 0xe
 728 000b 55       		.uleb128 0x55
 729 000c 17       		.uleb128 0x17
 730 000d 11       		.uleb128 0x11
 731 000e 01       		.uleb128 0x1
 732 000f 10       		.uleb128 0x10
 733 0010 17       		.uleb128 0x17
 734 0011 00       		.byte	0
 735 0012 00       		.byte	0
 736 0013 02       		.uleb128 0x2
 737 0014 24       		.uleb128 0x24
 738 0015 00       		.byte	0
 739 0016 0B       		.uleb128 0xb
 740 0017 0B       		.uleb128 0xb
 741 0018 3E       		.uleb128 0x3e
 742 0019 0B       		.uleb128 0xb
 743 001a 03       		.uleb128 0x3
 744 001b 0E       		.uleb128 0xe
 745 001c 00       		.byte	0
 746 001d 00       		.byte	0
 747 001e 03       		.uleb128 0x3
 748 001f 24       		.uleb128 0x24
 749 0020 00       		.byte	0
 750 0021 0B       		.uleb128 0xb
 751 0022 0B       		.uleb128 0xb
 752 0023 3E       		.uleb128 0x3e
 753 0024 0B       		.uleb128 0xb
 754 0025 03       		.uleb128 0x3
 755 0026 08       		.uleb128 0x8
 756 0027 00       		.byte	0
 757 0028 00       		.byte	0
 758 0029 04       		.uleb128 0x4
 759 002a 16       		.uleb128 0x16
 760 002b 00       		.byte	0
 761 002c 03       		.uleb128 0x3
 762 002d 0E       		.uleb128 0xe
 763 002e 3A       		.uleb128 0x3a
 764 002f 0B       		.uleb128 0xb
 765 0030 3B       		.uleb128 0x3b
 766 0031 0B       		.uleb128 0xb
 767 0032 49       		.uleb128 0x49
 768 0033 13       		.uleb128 0x13
 769 0034 00       		.byte	0
 770 0035 00       		.byte	0
 771 0036 05       		.uleb128 0x5
 772 0037 16       		.uleb128 0x16
 773 0038 00       		.byte	0
 774 0039 03       		.uleb128 0x3
 775 003a 0E       		.uleb128 0xe
 776 003b 3A       		.uleb128 0x3a
ARM GAS  C:\Users\Asus\AppData\Local\Temp\cc1XRTNe.s 			page 20


 777 003c 0B       		.uleb128 0xb
 778 003d 3B       		.uleb128 0x3b
 779 003e 05       		.uleb128 0x5
 780 003f 49       		.uleb128 0x49
 781 0040 13       		.uleb128 0x13
 782 0041 00       		.byte	0
 783 0042 00       		.byte	0
 784 0043 06       		.uleb128 0x6
 785 0044 13       		.uleb128 0x13
 786 0045 01       		.byte	0x1
 787 0046 0B       		.uleb128 0xb
 788 0047 0B       		.uleb128 0xb
 789 0048 3A       		.uleb128 0x3a
 790 0049 0B       		.uleb128 0xb
 791 004a 3B       		.uleb128 0x3b
 792 004b 05       		.uleb128 0x5
 793 004c 01       		.uleb128 0x1
 794 004d 13       		.uleb128 0x13
 795 004e 00       		.byte	0
 796 004f 00       		.byte	0
 797 0050 07       		.uleb128 0x7
 798 0051 0D       		.uleb128 0xd
 799 0052 00       		.byte	0
 800 0053 03       		.uleb128 0x3
 801 0054 0E       		.uleb128 0xe
 802 0055 3A       		.uleb128 0x3a
 803 0056 0B       		.uleb128 0xb
 804 0057 3B       		.uleb128 0x3b
 805 0058 05       		.uleb128 0x5
 806 0059 49       		.uleb128 0x49
 807 005a 13       		.uleb128 0x13
 808 005b 38       		.uleb128 0x38
 809 005c 0B       		.uleb128 0xb
 810 005d 00       		.byte	0
 811 005e 00       		.byte	0
 812 005f 08       		.uleb128 0x8
 813 0060 04       		.uleb128 0x4
 814 0061 01       		.byte	0x1
 815 0062 0B       		.uleb128 0xb
 816 0063 0B       		.uleb128 0xb
 817 0064 49       		.uleb128 0x49
 818 0065 13       		.uleb128 0x13
 819 0066 3A       		.uleb128 0x3a
 820 0067 0B       		.uleb128 0xb
 821 0068 3B       		.uleb128 0x3b
 822 0069 05       		.uleb128 0x5
 823 006a 01       		.uleb128 0x1
 824 006b 13       		.uleb128 0x13
 825 006c 00       		.byte	0
 826 006d 00       		.byte	0
 827 006e 09       		.uleb128 0x9
 828 006f 28       		.uleb128 0x28
 829 0070 00       		.byte	0
 830 0071 03       		.uleb128 0x3
 831 0072 0E       		.uleb128 0xe
 832 0073 1C       		.uleb128 0x1c
 833 0074 0B       		.uleb128 0xb
ARM GAS  C:\Users\Asus\AppData\Local\Temp\cc1XRTNe.s 			page 21


 834 0075 00       		.byte	0
 835 0076 00       		.byte	0
 836 0077 0A       		.uleb128 0xa
 837 0078 0D       		.uleb128 0xd
 838 0079 00       		.byte	0
 839 007a 03       		.uleb128 0x3
 840 007b 08       		.uleb128 0x8
 841 007c 3A       		.uleb128 0x3a
 842 007d 0B       		.uleb128 0xb
 843 007e 3B       		.uleb128 0x3b
 844 007f 05       		.uleb128 0x5
 845 0080 49       		.uleb128 0x49
 846 0081 13       		.uleb128 0x13
 847 0082 38       		.uleb128 0x38
 848 0083 0B       		.uleb128 0xb
 849 0084 00       		.byte	0
 850 0085 00       		.byte	0
 851 0086 0B       		.uleb128 0xb
 852 0087 2E       		.uleb128 0x2e
 853 0088 00       		.byte	0
 854 0089 03       		.uleb128 0x3
 855 008a 0E       		.uleb128 0xe
 856 008b 3A       		.uleb128 0x3a
 857 008c 0B       		.uleb128 0xb
 858 008d 3B       		.uleb128 0x3b
 859 008e 0B       		.uleb128 0xb
 860 008f 27       		.uleb128 0x27
 861 0090 19       		.uleb128 0x19
 862 0091 20       		.uleb128 0x20
 863 0092 0B       		.uleb128 0xb
 864 0093 00       		.byte	0
 865 0094 00       		.byte	0
 866 0095 0C       		.uleb128 0xc
 867 0096 2E       		.uleb128 0x2e
 868 0097 00       		.byte	0
 869 0098 03       		.uleb128 0x3
 870 0099 0E       		.uleb128 0xe
 871 009a 3A       		.uleb128 0x3a
 872 009b 0B       		.uleb128 0xb
 873 009c 3B       		.uleb128 0x3b
 874 009d 05       		.uleb128 0x5
 875 009e 27       		.uleb128 0x27
 876 009f 19       		.uleb128 0x19
 877 00a0 20       		.uleb128 0x20
 878 00a1 0B       		.uleb128 0xb
 879 00a2 00       		.byte	0
 880 00a3 00       		.byte	0
 881 00a4 0D       		.uleb128 0xd
 882 00a5 2E       		.uleb128 0x2e
 883 00a6 01       		.byte	0x1
 884 00a7 3F       		.uleb128 0x3f
 885 00a8 19       		.uleb128 0x19
 886 00a9 03       		.uleb128 0x3
 887 00aa 0E       		.uleb128 0xe
 888 00ab 3A       		.uleb128 0x3a
 889 00ac 0B       		.uleb128 0xb
 890 00ad 3B       		.uleb128 0x3b
ARM GAS  C:\Users\Asus\AppData\Local\Temp\cc1XRTNe.s 			page 22


 891 00ae 0B       		.uleb128 0xb
 892 00af 27       		.uleb128 0x27
 893 00b0 19       		.uleb128 0x19
 894 00b1 49       		.uleb128 0x49
 895 00b2 13       		.uleb128 0x13
 896 00b3 11       		.uleb128 0x11
 897 00b4 01       		.uleb128 0x1
 898 00b5 12       		.uleb128 0x12
 899 00b6 06       		.uleb128 0x6
 900 00b7 40       		.uleb128 0x40
 901 00b8 18       		.uleb128 0x18
 902 00b9 9742     		.uleb128 0x2117
 903 00bb 19       		.uleb128 0x19
 904 00bc 01       		.uleb128 0x1
 905 00bd 13       		.uleb128 0x13
 906 00be 00       		.byte	0
 907 00bf 00       		.byte	0
 908 00c0 0E       		.uleb128 0xe
 909 00c1 05       		.uleb128 0x5
 910 00c2 00       		.byte	0
 911 00c3 03       		.uleb128 0x3
 912 00c4 08       		.uleb128 0x8
 913 00c5 3A       		.uleb128 0x3a
 914 00c6 0B       		.uleb128 0xb
 915 00c7 3B       		.uleb128 0x3b
 916 00c8 0B       		.uleb128 0xb
 917 00c9 49       		.uleb128 0x49
 918 00ca 13       		.uleb128 0x13
 919 00cb 02       		.uleb128 0x2
 920 00cc 17       		.uleb128 0x17
 921 00cd 00       		.byte	0
 922 00ce 00       		.byte	0
 923 00cf 0F       		.uleb128 0xf
 924 00d0 1D       		.uleb128 0x1d
 925 00d1 01       		.byte	0x1
 926 00d2 31       		.uleb128 0x31
 927 00d3 13       		.uleb128 0x13
 928 00d4 11       		.uleb128 0x11
 929 00d5 01       		.uleb128 0x1
 930 00d6 12       		.uleb128 0x12
 931 00d7 06       		.uleb128 0x6
 932 00d8 58       		.uleb128 0x58
 933 00d9 0B       		.uleb128 0xb
 934 00da 59       		.uleb128 0x59
 935 00db 0B       		.uleb128 0xb
 936 00dc 01       		.uleb128 0x1
 937 00dd 13       		.uleb128 0x13
 938 00de 00       		.byte	0
 939 00df 00       		.byte	0
 940 00e0 10       		.uleb128 0x10
 941 00e1 1D       		.uleb128 0x1d
 942 00e2 00       		.byte	0
 943 00e3 31       		.uleb128 0x31
 944 00e4 13       		.uleb128 0x13
 945 00e5 11       		.uleb128 0x11
 946 00e6 01       		.uleb128 0x1
 947 00e7 12       		.uleb128 0x12
ARM GAS  C:\Users\Asus\AppData\Local\Temp\cc1XRTNe.s 			page 23


 948 00e8 06       		.uleb128 0x6
 949 00e9 58       		.uleb128 0x58
 950 00ea 0B       		.uleb128 0xb
 951 00eb 59       		.uleb128 0x59
 952 00ec 05       		.uleb128 0x5
 953 00ed 00       		.byte	0
 954 00ee 00       		.byte	0
 955 00ef 11       		.uleb128 0x11
 956 00f0 898201   		.uleb128 0x4109
 957 00f3 00       		.byte	0
 958 00f4 11       		.uleb128 0x11
 959 00f5 01       		.uleb128 0x1
 960 00f6 31       		.uleb128 0x31
 961 00f7 13       		.uleb128 0x13
 962 00f8 00       		.byte	0
 963 00f9 00       		.byte	0
 964 00fa 12       		.uleb128 0x12
 965 00fb 34       		.uleb128 0x34
 966 00fc 00       		.byte	0
 967 00fd 03       		.uleb128 0x3
 968 00fe 0E       		.uleb128 0xe
 969 00ff 3A       		.uleb128 0x3a
 970 0100 0B       		.uleb128 0xb
 971 0101 3B       		.uleb128 0x3b
 972 0102 0B       		.uleb128 0xb
 973 0103 49       		.uleb128 0x49
 974 0104 13       		.uleb128 0x13
 975 0105 02       		.uleb128 0x2
 976 0106 17       		.uleb128 0x17
 977 0107 00       		.byte	0
 978 0108 00       		.byte	0
 979 0109 13       		.uleb128 0x13
 980 010a 01       		.uleb128 0x1
 981 010b 01       		.byte	0x1
 982 010c 49       		.uleb128 0x49
 983 010d 13       		.uleb128 0x13
 984 010e 01       		.uleb128 0x1
 985 010f 13       		.uleb128 0x13
 986 0110 00       		.byte	0
 987 0111 00       		.byte	0
 988 0112 14       		.uleb128 0x14
 989 0113 21       		.uleb128 0x21
 990 0114 00       		.byte	0
 991 0115 49       		.uleb128 0x49
 992 0116 13       		.uleb128 0x13
 993 0117 2F       		.uleb128 0x2f
 994 0118 0B       		.uleb128 0xb
 995 0119 00       		.byte	0
 996 011a 00       		.byte	0
 997 011b 15       		.uleb128 0x15
 998 011c 26       		.uleb128 0x26
 999 011d 00       		.byte	0
 1000 011e 49       		.uleb128 0x49
 1001 011f 13       		.uleb128 0x13
 1002 0120 00       		.byte	0
 1003 0121 00       		.byte	0
 1004 0122 16       		.uleb128 0x16
ARM GAS  C:\Users\Asus\AppData\Local\Temp\cc1XRTNe.s 			page 24


 1005 0123 34       		.uleb128 0x34
 1006 0124 00       		.byte	0
 1007 0125 03       		.uleb128 0x3
 1008 0126 0E       		.uleb128 0xe
 1009 0127 3A       		.uleb128 0x3a
 1010 0128 0B       		.uleb128 0xb
 1011 0129 3B       		.uleb128 0x3b
 1012 012a 0B       		.uleb128 0xb
 1013 012b 49       		.uleb128 0x49
 1014 012c 13       		.uleb128 0x13
 1015 012d 3F       		.uleb128 0x3f
 1016 012e 19       		.uleb128 0x19
 1017 012f 3C       		.uleb128 0x3c
 1018 0130 19       		.uleb128 0x19
 1019 0131 00       		.byte	0
 1020 0132 00       		.byte	0
 1021 0133 17       		.uleb128 0x17
 1022 0134 34       		.uleb128 0x34
 1023 0135 00       		.byte	0
 1024 0136 03       		.uleb128 0x3
 1025 0137 0E       		.uleb128 0xe
 1026 0138 3A       		.uleb128 0x3a
 1027 0139 0B       		.uleb128 0xb
 1028 013a 3B       		.uleb128 0x3b
 1029 013b 05       		.uleb128 0x5
 1030 013c 49       		.uleb128 0x49
 1031 013d 13       		.uleb128 0x13
 1032 013e 3F       		.uleb128 0x3f
 1033 013f 19       		.uleb128 0x19
 1034 0140 3C       		.uleb128 0x3c
 1035 0141 19       		.uleb128 0x19
 1036 0142 00       		.byte	0
 1037 0143 00       		.byte	0
 1038 0144 18       		.uleb128 0x18
 1039 0145 2E       		.uleb128 0x2e
 1040 0146 00       		.byte	0
 1041 0147 3F       		.uleb128 0x3f
 1042 0148 19       		.uleb128 0x19
 1043 0149 3C       		.uleb128 0x3c
 1044 014a 19       		.uleb128 0x19
 1045 014b 6E       		.uleb128 0x6e
 1046 014c 0E       		.uleb128 0xe
 1047 014d 03       		.uleb128 0x3
 1048 014e 0E       		.uleb128 0xe
 1049 014f 3A       		.uleb128 0x3a
 1050 0150 0B       		.uleb128 0xb
 1051 0151 3B       		.uleb128 0x3b
 1052 0152 05       		.uleb128 0x5
 1053 0153 00       		.byte	0
 1054 0154 00       		.byte	0
 1055 0155 00       		.byte	0
 1056              		.section	.debug_loc,"",%progbits
 1057              	.Ldebug_loc0:
 1058              	.LLST0:
 1059 0000 00000000 		.4byte	.LVL0
 1060 0004 07000000 		.4byte	.LVL1-1
 1061 0008 0100     		.2byte	0x1
ARM GAS  C:\Users\Asus\AppData\Local\Temp\cc1XRTNe.s 			page 25


 1062 000a 50       		.byte	0x50
 1063 000b 07000000 		.4byte	.LVL1-1
 1064 000f 18000000 		.4byte	.LFE70
 1065 0013 0400     		.2byte	0x4
 1066 0015 F3       		.byte	0xf3
 1067 0016 01       		.uleb128 0x1
 1068 0017 50       		.byte	0x50
 1069 0018 9F       		.byte	0x9f
 1070 0019 00000000 		.4byte	0
 1071 001d 00000000 		.4byte	0
 1072              	.LLST1:
 1073 0021 00000000 		.4byte	.LVL3
 1074 0025 08000000 		.4byte	.LVL4
 1075 0029 0100     		.2byte	0x1
 1076 002b 50       		.byte	0x50
 1077 002c 08000000 		.4byte	.LVL4
 1078 0030 1C000000 		.4byte	.LVL8
 1079 0034 0400     		.2byte	0x4
 1080 0036 F3       		.byte	0xf3
 1081 0037 01       		.uleb128 0x1
 1082 0038 50       		.byte	0x50
 1083 0039 9F       		.byte	0x9f
 1084 003a 1C000000 		.4byte	.LVL8
 1085 003e 1E000000 		.4byte	.LVL9
 1086 0042 0100     		.2byte	0x1
 1087 0044 50       		.byte	0x50
 1088 0045 1E000000 		.4byte	.LVL9
 1089 0049 28000000 		.4byte	.LFE71
 1090 004d 0400     		.2byte	0x4
 1091 004f F3       		.byte	0xf3
 1092 0050 01       		.uleb128 0x1
 1093 0051 50       		.byte	0x50
 1094 0052 9F       		.byte	0x9f
 1095 0053 00000000 		.4byte	0
 1096 0057 00000000 		.4byte	0
 1097              	.LLST2:
 1098 005b 08000000 		.4byte	.LVL4
 1099 005f 0A000000 		.4byte	.LVL5
 1100 0063 0100     		.2byte	0x1
 1101 0065 50       		.byte	0x50
 1102 0066 0A000000 		.4byte	.LVL5
 1103 006a 10000000 		.4byte	.LVL6
 1104 006e 0300     		.2byte	0x3
 1105 0070 70       		.byte	0x70
 1106 0071 7F       		.sleb128 -1
 1107 0072 9F       		.byte	0x9f
 1108 0073 10000000 		.4byte	.LVL6
 1109 0077 1C000000 		.4byte	.LVL8
 1110 007b 0A00     		.2byte	0xa
 1111 007d F3       		.byte	0xf3
 1112 007e 01       		.uleb128 0x1
 1113 007f 50       		.byte	0x50
 1114 0080 0C       		.byte	0xc
 1115 0081 FFFFFF7F 		.4byte	0x7fffffff
 1116 0085 1A       		.byte	0x1a
 1117 0086 9F       		.byte	0x9f
 1118 0087 00000000 		.4byte	0
ARM GAS  C:\Users\Asus\AppData\Local\Temp\cc1XRTNe.s 			page 26


 1119 008b 00000000 		.4byte	0
 1120              	.LLST3:
 1121 008f 00000000 		.4byte	.LVL3
 1122 0093 1A000000 		.4byte	.LVL7
 1123 0097 0200     		.2byte	0x2
 1124 0099 31       		.byte	0x31
 1125 009a 9F       		.byte	0x9f
 1126 009b 1A000000 		.4byte	.LVL7
 1127 009f 1C000000 		.4byte	.LVL8
 1128 00a3 0100     		.2byte	0x1
 1129 00a5 50       		.byte	0x50
 1130 00a6 1C000000 		.4byte	.LVL8
 1131 00aa 1E000000 		.4byte	.LVL9
 1132 00ae 0200     		.2byte	0x2
 1133 00b0 31       		.byte	0x31
 1134 00b1 9F       		.byte	0x9f
 1135 00b2 1E000000 		.4byte	.LVL9
 1136 00b6 28000000 		.4byte	.LFE71
 1137 00ba 0100     		.2byte	0x1
 1138 00bc 50       		.byte	0x50
 1139 00bd 00000000 		.4byte	0
 1140 00c1 00000000 		.4byte	0
 1141              		.section	.debug_aranges,"",%progbits
 1142 0000 24000000 		.4byte	0x24
 1143 0004 0200     		.2byte	0x2
 1144 0006 00000000 		.4byte	.Ldebug_info0
 1145 000a 04       		.byte	0x4
 1146 000b 00       		.byte	0
 1147 000c 0000     		.2byte	0
 1148 000e 0000     		.2byte	0
 1149 0010 00000000 		.4byte	.LFB70
 1150 0014 18000000 		.4byte	.LFE70-.LFB70
 1151 0018 00000000 		.4byte	.LFB71
 1152 001c 28000000 		.4byte	.LFE71-.LFB71
 1153 0020 00000000 		.4byte	0
 1154 0024 00000000 		.4byte	0
 1155              		.section	.debug_ranges,"",%progbits
 1156              	.Ldebug_ranges0:
 1157 0000 00000000 		.4byte	.LFB70
 1158 0004 18000000 		.4byte	.LFE70
 1159 0008 00000000 		.4byte	.LFB71
 1160 000c 28000000 		.4byte	.LFE71
 1161 0010 00000000 		.4byte	0
 1162 0014 00000000 		.4byte	0
 1163              		.section	.debug_line,"",%progbits
 1164              	.Ldebug_line0:
 1165 0000 A8010000 		.section	.debug_str,"MS",%progbits,1
 1165      02006101 
 1165      00000201 
 1165      FB0E0D00 
 1165      01010101 
 1166              	.LASF35:
 1167 0000 6B696E64 		.ascii	"kind\000"
 1167      00
 1168              	.LASF52:
 1169 0005 45455F63 		.ascii	"EE_cortex_mx_active_tos\000"
 1169      6F727465 
ARM GAS  C:\Users\Asus\AppData\Local\Temp\cc1XRTNe.s 			page 27


 1169      785F6D78 
 1169      5F616374 
 1169      6976655F 
 1170              	.LASF62:
 1171 001d 45455F72 		.ascii	"EE_rq_bitmask\000"
 1171      715F6269 
 1171      746D6173 
 1171      6B00
 1172              	.LASF14:
 1173 002b 45455F55 		.ascii	"EE_UREG\000"
 1173      52454700 
 1174              	.LASF45:
 1175 0033 45455F68 		.ascii	"EE_hal_enableIRQ\000"
 1175      616C5F65 
 1175      6E61626C 
 1175      65495251 
 1175      00
 1176              	.LASF24:
 1177 0044 7469636B 		.ascii	"ticksperbase\000"
 1177      73706572 
 1177      62617365 
 1177      00
 1178              	.LASF63:
 1179 0051 45455F74 		.ascii	"EE_th_event_active\000"
 1179      685F6576 
 1179      656E745F 
 1179      61637469 
 1179      766500
 1180              	.LASF64:
 1181 0064 45455F74 		.ascii	"EE_th_waswaiting\000"
 1181      685F7761 
 1181      73776169 
 1181      74696E67 
 1181      00
 1182              	.LASF2:
 1183 0075 73686F72 		.ascii	"short int\000"
 1183      7420696E 
 1183      7400
 1184              	.LASF50:
 1185 007f 73697A65 		.ascii	"sizetype\000"
 1185      74797065 
 1185      00
 1186              	.LASF39:
 1187 0088 64656C74 		.ascii	"delta\000"
 1187      6100
 1188              	.LASF34:
 1189 008e 73706563 		.ascii	"spec_id\000"
 1189      5F696400 
 1190              	.LASF15:
 1191 0096 45455F46 		.ascii	"EE_FREG\000"
 1191      52454700 
 1192              	.LASF33:
 1193 009e 436F756E 		.ascii	"CounterObjectKindType\000"
 1193      7465724F 
 1193      626A6563 
 1193      744B696E 
 1193      64547970 
ARM GAS  C:\Users\Asus\AppData\Local\Temp\cc1XRTNe.s 			page 28


 1194              	.LASF13:
 1195 00b4 45455F55 		.ascii	"EE_UINT32\000"
 1195      494E5433 
 1195      3200
 1196              	.LASF55:
 1197 00be 45455F74 		.ascii	"EE_th_ready_prio\000"
 1197      685F7265 
 1197      6164795F 
 1197      7072696F 
 1197      00
 1198              	.LASF17:
 1199 00cf 45455F54 		.ascii	"EE_TID\000"
 1199      494400
 1200              	.LASF25:
 1201 00d6 6D696E63 		.ascii	"mincycle\000"
 1201      79636C65 
 1201      00
 1202              	.LASF27:
 1203 00df 76616C75 		.ascii	"value\000"
 1203      6500
 1204              	.LASF47:
 1205 00e5 45455F73 		.ascii	"EE_std_need_context_change\000"
 1205      74645F6E 
 1205      6565645F 
 1205      636F6E74 
 1205      6578745F 
 1206              	.LASF66:
 1207 0100 45455F6F 		.ascii	"EE_oo_counter_object_ROM\000"
 1207      6F5F636F 
 1207      756E7465 
 1207      725F6F62 
 1207      6A656374 
 1208              	.LASF32:
 1209 0119 45455F6F 		.ascii	"EE_oo_counter_object_kind_type\000"
 1209      6F5F636F 
 1209      756E7465 
 1209      725F6F62 
 1209      6A656374 
 1210              	.LASF53:
 1211 0138 45455F49 		.ascii	"EE_IRQ_nesting_level\000"
 1211      52515F6E 
 1211      65737469 
 1211      6E675F6C 
 1211      6576656C 
 1212              	.LASF29:
 1213 014d 45455F6F 		.ascii	"EE_oo_counter_RAM_type\000"
 1213      6F5F636F 
 1213      756E7465 
 1213      725F5241 
 1213      4D5F7479 
 1214              	.LASF70:
 1215 0164 45455F6F 		.ascii	"EE_oo_IRQ_suspend_status\000"
 1215      6F5F4952 
 1215      515F7375 
 1215      7370656E 
 1215      645F7374 
 1216              	.LASF6:
ARM GAS  C:\Users\Asus\AppData\Local\Temp\cc1XRTNe.s 			page 29


 1217 017d 6C6F6E67 		.ascii	"long long int\000"
 1217      206C6F6E 
 1217      6720696E 
 1217      7400
 1218              	.LASF10:
 1219 018b 45455F49 		.ascii	"EE_INT8\000"
 1219      4E543800 
 1220              	.LASF19:
 1221 0193 45455F54 		.ascii	"EE_TYPE_RQ_MASK\000"
 1221      5950455F 
 1221      52515F4D 
 1221      41534B00 
 1222              	.LASF31:
 1223 01a3 45455F53 		.ascii	"EE_SCHEDULETABLE\000"
 1223      43484544 
 1223      554C4554 
 1223      41424C45 
 1223      00
 1224              	.LASF4:
 1225 01b4 6C6F6E67 		.ascii	"long int\000"
 1225      20696E74 
 1225      00
 1226              	.LASF23:
 1227 01bd 6D617861 		.ascii	"maxallowedvalue\000"
 1227      6C6C6F77 
 1227      65647661 
 1227      6C756500 
 1228              	.LASF41:
 1229 01cd 45455F6F 		.ascii	"EE_oo_counter_object_RAM_type\000"
 1229      6F5F636F 
 1229      756E7465 
 1229      725F6F62 
 1229      6A656374 
 1230              	.LASF26:
 1231 01eb 45455F6F 		.ascii	"EE_oo_counter_ROM_type\000"
 1231      6F5F636F 
 1231      756E7465 
 1231      725F524F 
 1231      4D5F7479 
 1232              	.LASF20:
 1233 0202 5469636B 		.ascii	"TickType\000"
 1233      54797065 
 1233      00
 1234              	.LASF61:
 1235 020b 45455F73 		.ascii	"EE_sys_ceiling\000"
 1235      79735F63 
 1235      65696C69 
 1235      6E6700
 1236              	.LASF21:
 1237 021a 436F756E 		.ascii	"CounterObjectType\000"
 1237      7465724F 
 1237      626A6563 
 1237      74547970 
 1237      6500
 1238              	.LASF9:
 1239 022c 6C6F6E67 		.ascii	"long double\000"
 1239      20646F75 
ARM GAS  C:\Users\Asus\AppData\Local\Temp\cc1XRTNe.s 			page 30


 1239      626C6500 
 1240              	.LASF65:
 1241 0238 45455F63 		.ascii	"EE_counter_ROM\000"
 1241      6F756E74 
 1241      65725F52 
 1241      4F4D00
 1242              	.LASF37:
 1243 0247 75736564 		.ascii	"used\000"
 1243      00
 1244              	.LASF1:
 1245 024c 756E7369 		.ascii	"unsigned char\000"
 1245      676E6564 
 1245      20636861 
 1245      7200
 1246              	.LASF43:
 1247 025a 45455F63 		.ascii	"EE_cortex_mx_disableIRQ\000"
 1247      6F727465 
 1247      785F6D78 
 1247      5F646973 
 1247      61626C65 
 1248              	.LASF74:
 1249 0272 45455F74 		.ascii	"EE_thread_end_instance\000"
 1249      68726561 
 1249      645F656E 
 1249      645F696E 
 1249      7374616E 
 1250              	.LASF48:
 1251 0289 75746964 		.ascii	"utid\000"
 1251      00
 1252              	.LASF68:
 1253 028e 45455F6F 		.ascii	"EE_oo_counter_object_RAM\000"
 1253      6F5F636F 
 1253      756E7465 
 1253      725F6F62 
 1253      6A656374 
 1254              	.LASF0:
 1255 02a7 7369676E 		.ascii	"signed char\000"
 1255      65642063 
 1255      68617200 
 1256              	.LASF7:
 1257 02b3 6C6F6E67 		.ascii	"long long unsigned int\000"
 1257      206C6F6E 
 1257      6720756E 
 1257      7369676E 
 1257      65642069 
 1258              	.LASF51:
 1259 02ca 45455F73 		.ascii	"EE_std_thread_tos\000"
 1259      74645F74 
 1259      68726561 
 1259      645F746F 
 1259      7300
 1260              	.LASF8:
 1261 02dc 756E7369 		.ascii	"unsigned int\000"
 1261      676E6564 
 1261      20696E74 
 1261      00
 1262              	.LASF44:
ARM GAS  C:\Users\Asus\AppData\Local\Temp\cc1XRTNe.s 			page 31


 1263 02e9 45455F68 		.ascii	"EE_hal_disableIRQ\000"
 1263      616C5F64 
 1263      69736162 
 1263      6C654952 
 1263      5100
 1264              	.LASF59:
 1265 02fb 45455F74 		.ascii	"EE_th_rnact\000"
 1265      685F726E 
 1265      61637400 
 1266              	.LASF54:
 1267 0307 45455F73 		.ascii	"EE_std_endcycle_next_tid\000"
 1267      74645F65 
 1267      6E646379 
 1267      636C655F 
 1267      6E657874 
 1268              	.LASF12:
 1269 0320 45455F49 		.ascii	"EE_INT32\000"
 1269      4E543332 
 1269      00
 1270              	.LASF77:
 1271 0329 433A5C55 		.ascii	"C:\\Users\\Asus\\Desktop\\HDA\\Semester_2\\EAA\\Lab"
 1271      73657273 
 1271      5C417375 
 1271      735C4465 
 1271      736B746F 
 1272 0355 5C4C6162 		.ascii	"\\Lab01\\Electronic_Gaspedal\\Electronic_Gaspedal\\"
 1272      30315C45 
 1272      6C656374 
 1272      726F6E69 
 1272      635F4761 
 1273 0384 4C616230 		.ascii	"Lab01.cydsn\000"
 1273      312E6379 
 1273      64736E00 
 1274              	.LASF3:
 1275 0390 73686F72 		.ascii	"short unsigned int\000"
 1275      7420756E 
 1275      7369676E 
 1275      65642069 
 1275      6E7400
 1276              	.LASF36:
 1277 03a3 45455F6F 		.ascii	"EE_oo_counter_object_ROM_type\000"
 1277      6F5F636F 
 1277      756E7465 
 1277      725F6F62 
 1277      6A656374 
 1278              	.LASF76:
 1279 03c1 47656E65 		.ascii	"Generated_Source\\PSoC5\\ErikaOS_1_cortex_mx_ee_con"
 1279      72617465 
 1279      645F536F 
 1279      75726365 
 1279      5C50536F 
 1280 03f2 74657874 		.ascii	"text.c\000"
 1280      2E6300
 1281              	.LASF11:
 1282 03f9 45455F55 		.ascii	"EE_UINT16\000"
 1282      494E5431 
 1282      3600
ARM GAS  C:\Users\Asus\AppData\Local\Temp\cc1XRTNe.s 			page 32


 1283              	.LASF49:
 1284 0403 6E656564 		.ascii	"need_context_change\000"
 1284      5F636F6E 
 1284      74657874 
 1284      5F636861 
 1284      6E676500 
 1285              	.LASF67:
 1286 0417 45455F63 		.ascii	"EE_counter_RAM\000"
 1286      6F756E74 
 1286      65725F52 
 1286      414D00
 1287              	.LASF71:
 1288 0426 45455F41 		.ascii	"EE_ApplicationMode\000"
 1288      70706C69 
 1288      63617469 
 1288      6F6E4D6F 
 1288      646500
 1289              	.LASF5:
 1290 0439 6C6F6E67 		.ascii	"long unsigned int\000"
 1290      20756E73 
 1290      69676E65 
 1290      6420696E 
 1290      7400
 1291              	.LASF16:
 1292 044b 45455F54 		.ascii	"EE_TYPEBOOL\000"
 1292      59504542 
 1292      4F4F4C00 
 1293              	.LASF60:
 1294 0457 45455F73 		.ascii	"EE_stkfirst\000"
 1294      746B6669 
 1294      72737400 
 1295              	.LASF30:
 1296 0463 45455F41 		.ascii	"EE_ALARM\000"
 1296      4C41524D 
 1296      00
 1297              	.LASF42:
 1298 046c 45455F63 		.ascii	"EE_cortex_mx_enableIRQ\000"
 1298      6F727465 
 1298      785F6D78 
 1298      5F656E61 
 1298      626C6549 
 1299              	.LASF18:
 1300 0483 45455F55 		.ascii	"EE_UTID\000"
 1300      54494400 
 1301              	.LASF22:
 1302 048b 436F756E 		.ascii	"CounterType\000"
 1302      74657254 
 1302      79706500 
 1303              	.LASF57:
 1304 0497 45455F74 		.ascii	"EE_th_status\000"
 1304      685F7374 
 1304      61747573 
 1304      00
 1305              	.LASF56:
 1306 04a4 45455F74 		.ascii	"EE_th_dispatch_prio\000"
 1306      685F6469 
 1306      73706174 
ARM GAS  C:\Users\Asus\AppData\Local\Temp\cc1XRTNe.s 			page 33


 1306      63685F70 
 1306      72696F00 
 1307              	.LASF58:
 1308 04b8 45455F74 		.ascii	"EE_th_next\000"
 1308      685F6E65 
 1308      787400
 1309              	.LASF73:
 1310 04c3 45455F6F 		.ascii	"EE_oo_thread_stub\000"
 1310      6F5F7468 
 1310      72656164 
 1310      5F737475 
 1310      6200
 1311              	.LASF75:
 1312 04d5 474E5520 		.ascii	"GNU C11 5.4.1 20160609 (release) [ARM/embedded-5-br"
 1312      43313120 
 1312      352E342E 
 1312      31203230 
 1312      31363036 
 1313 0508 616E6368 		.ascii	"anch revision 237715] -mcpu=cortex-m3 -mthumb -g -O"
 1313      20726576 
 1313      6973696F 
 1313      6E203233 
 1313      37373135 
 1314 053b 67202D66 		.ascii	"g -ffunction-sections -ffat-lto-objects\000"
 1314      66756E63 
 1314      74696F6E 
 1314      2D736563 
 1314      74696F6E 
 1315              	.LASF38:
 1316 0563 636E7463 		.ascii	"cntcycle\000"
 1316      79636C65 
 1316      00
 1317              	.LASF69:
 1318 056c 45455F6F 		.ascii	"EE_oo_IRQ_disable_count\000"
 1318      6F5F4952 
 1318      515F6469 
 1318      7361626C 
 1318      655F636F 
 1319              	.LASF46:
 1320 0584 45455F73 		.ascii	"EE_std_run_task_code\000"
 1320      74645F72 
 1320      756E5F74 
 1320      61736B5F 
 1320      636F6465 
 1321              	.LASF40:
 1322 0599 6E657874 		.ascii	"next\000"
 1322      00
 1323              	.LASF72:
 1324 059e 45455F72 		.ascii	"EE_rq_lookup\000"
 1324      715F6C6F 
 1324      6F6B7570 
 1324      00
 1325              	.LASF28:
 1326 05ab 66697273 		.ascii	"first\000"
 1326      7400
 1327              		.ident	"GCC: (GNU Tools for ARM Embedded Processors) 5.4.1 20160609 (release) [ARM/embedded-5-bran
