Archive member included to satisfy reference by file (symbol)

.\CortexM3\ARM_GCC_541\Debug\Lab01.a(JOYSTICK_ADC_XY.o)
                              .\CortexM3\ARM_GCC_541\Debug\joystick.o (JOYSTICK_ADC_XY_Start)
.\CortexM3\ARM_GCC_541\Debug\Lab01.a(JOYSTICK_ADC_XY_INT.o)
                              .\CortexM3\ARM_GCC_541\Debug\Lab01.a(JOYSTICK_ADC_XY.o) (JOYSTICK_ADC_XY_ISR)
.\CortexM3\ARM_GCC_541\Debug\Lab01.a(LED_red.o)
                              .\CortexM3\ARM_GCC_541\Debug\led.o (LED_red_Write)
.\CortexM3\ARM_GCC_541\Debug\Lab01.a(LED_yellow.o)
                              .\CortexM3\ARM_GCC_541\Debug\led.o (LED_yellow_Write)
.\CortexM3\ARM_GCC_541\Debug\Lab01.a(LED_green.o)
                              .\CortexM3\ARM_GCC_541\Debug\led.o (LED_green_Write)
.\CortexM3\ARM_GCC_541\Debug\Lab01.a(RGB_PWM_red.o)
                              .\CortexM3\ARM_GCC_541\Debug\led.o (RGB_PWM_red_WriteCompare)
.\CortexM3\ARM_GCC_541\Debug\Lab01.a(RGB_PWM_green.o)
                              .\CortexM3\ARM_GCC_541\Debug\led.o (RGB_PWM_green_WriteCompare)
.\CortexM3\ARM_GCC_541\Debug\Lab01.a(RGB_PWM_blue.o)
                              .\CortexM3\ARM_GCC_541\Debug\led.o (RGB_PWM_blue_WriteCompare)
.\CortexM3\ARM_GCC_541\Debug\Lab01.a(ErikaOS_1_ee_activate.o)
                              .\CortexM3\ARM_GCC_541\Debug\main.o (EE_oo_ActivateTask)
.\CortexM3\ARM_GCC_541\Debug\Lab01.a(ErikaOS_1_ee_alsetrel.o)
                              .\CortexM3\ARM_GCC_541\Debug\main.o (EE_oo_SetRelAlarm)
.\CortexM3\ARM_GCC_541\Debug\Lab01.a(ErikaOS_1_ee_altick.o)
                              .\CortexM3\ARM_GCC_541\Debug\Lab01.a(ErikaOS_1_ee_alsetrel.o) (EE_oo_counter_object_insert)
.\CortexM3\ARM_GCC_541\Debug\Lab01.a(ErikaOS_1_ee_evclear.o)
                              .\CortexM3\ARM_GCC_541\Debug\tsk_brakelight.o (EE_oo_ClearEvent)
.\CortexM3\ARM_GCC_541\Debug\Lab01.a(ErikaOS_1_ee_evget.o)
                              .\CortexM3\ARM_GCC_541\Debug\tsk_brakelight.o (EE_oo_GetEvent)
.\CortexM3\ARM_GCC_541\Debug\Lab01.a(ErikaOS_1_ee_evset.o)
                              .\CortexM3\ARM_GCC_541\Debug\swc_brakelight.o (EE_oo_SetEvent)
.\CortexM3\ARM_GCC_541\Debug\Lab01.a(ErikaOS_1_ee_evwait.o)
                              .\CortexM3\ARM_GCC_541\Debug\tsk_brakelight.o (EE_oo_WaitEvent)
.\CortexM3\ARM_GCC_541\Debug\Lab01.a(ErikaOS_1_ee_irqendin.o)
                              .\CortexM3\ARM_GCC_541\Debug\main.o (EE_IRQ_end_post_stub)
.\CortexM3\ARM_GCC_541\Debug\Lab01.a(ErikaOS_1_ee_lookup.o)
                              .\CortexM3\ARM_GCC_541\Debug\Lab01.a(ErikaOS_1_ee_irqendin.o) (EE_oo_IRQ_disable_count)
.\CortexM3\ARM_GCC_541\Debug\Lab01.a(ErikaOS_1_ee_rq_exchg.o)
                              .\CortexM3\ARM_GCC_541\Debug\Lab01.a(ErikaOS_1_ee_activate.o) (EE_rq2stk_exchange)
.\CortexM3\ARM_GCC_541\Debug\Lab01.a(ErikaOS_1_ee_rq_first.o)
                              .\CortexM3\ARM_GCC_541\Debug\Lab01.a(ErikaOS_1_ee_activate.o) (EE_rq_queryfirst)
.\CortexM3\ARM_GCC_541\Debug\Lab01.a(ErikaOS_1_ee_rq_inser.o)
                              .\CortexM3\ARM_GCC_541\Debug\Lab01.a(ErikaOS_1_ee_activate.o) (EE_rq_insert)
.\CortexM3\ARM_GCC_541\Debug\Lab01.a(ErikaOS_1_ee_shtdown.o)
                              .\CortexM3\ARM_GCC_541\Debug\main.o (EE_oo_ShutdownOS)
.\CortexM3\ARM_GCC_541\Debug\Lab01.a(ErikaOS_1_ee_startos.o)
                              .\CortexM3\ARM_GCC_541\Debug\Lab01.a(ErikaOS_1_ee_shtdown.o) (EE_oo_started)
.\CortexM3\ARM_GCC_541\Debug\Lab01.a(ErikaOS_1_ee_terminat.o)
                              .\CortexM3\ARM_GCC_541\Debug\main.o (EE_oo_TerminateTask)
.\CortexM3\ARM_GCC_541\Debug\Lab01.a(ErikaOS_1_cortex_mx_ee_utils.o)
                              .\CortexM3\ARM_GCC_541\Debug\main.o (EE_system_init)
.\CortexM3\ARM_GCC_541\Debug\Lab01.a(ErikaOS_1_common_ee_hal_structs.o)
                              .\CortexM3\ARM_GCC_541\Debug\Lab01.a(ErikaOS_1_ee_irqendin.o) (EE_std_endcycle_next_tid)
.\CortexM3\ARM_GCC_541\Debug\Lab01.a(ErikaOS_1_eecfg.o)
                              .\CortexM3\ARM_GCC_541\Debug\Lab01.a(ErikaOS_1_ee_startos.o) (EE_oo_autostart_task_data)
.\CortexM3\ARM_GCC_541\Debug\Lab01.a(UART_LOG.o)
                              .\CortexM3\ARM_GCC_541\Debug\main.o (UART_LOG_Start)
.\CortexM3\ARM_GCC_541\Debug\Lab01.a(JOYSTICK_ADC_XY_SAR.o)
                              .\CortexM3\ARM_GCC_541\Debug\Lab01.a(JOYSTICK_ADC_XY.o) (JOYSTICK_ADC_XY_SAR_shift)
.\CortexM3\ARM_GCC_541\Debug\Lab01.a(JOYSTICK_ADC_XY_TempBuf_dma.o)
                              .\CortexM3\ARM_GCC_541\Debug\Lab01.a(JOYSTICK_ADC_XY.o) (JOYSTICK_ADC_XY_TempBuf_DmaInitialize)
.\CortexM3\ARM_GCC_541\Debug\Lab01.a(JOYSTICK_ADC_XY_FinalBuf_dma.o)
                              .\CortexM3\ARM_GCC_541\Debug\Lab01.a(JOYSTICK_ADC_XY.o) (JOYSTICK_ADC_XY_FinalBuf_DmaInitialize)
.\CortexM3\ARM_GCC_541\Debug\Lab01.a(JOYSTICK_ADC_XY_IRQ.o)
[...]
Memory Configuration

Name             Origin             Length             Attributes
rom              0x00000000         0x00040000         xr
ram              0x1fff8000         0x00010000         xrw
*default*        0x00000000         0xffffffff

Linker script and memory map

LOAD c:/program files (x86)/cypress/psoc creator/4.4/psoc creator/import/gnu/arm/5.4.1/bin/../lib/gcc/arm-none-eabi/5.4.1/armv7-m/crti.o
LOAD c:/program files (x86)/cypress/psoc creator/4.4/psoc creator/import/gnu/arm/5.4.1/bin/../lib/gcc/arm-none-eabi/5.4.1/armv7-m/crtbegin.o
LOAD c:/program files (x86)/cypress/psoc creator/4.4/psoc creator/import/gnu/arm/5.4.1/bin/../lib/gcc/arm-none-eabi/5.4.1/../../../../arm-none-eabi/lib/armv7-m/crt0.o
START GROUP
LOAD .\CortexM3\ARM_GCC_541\Debug\main.o
LOAD .\CortexM3\ARM_GCC_541\Debug\swc_brakelight.o
LOAD .\CortexM3\ARM_GCC_541\Debug\swc_control.o
LOAD .\CortexM3\ARM_GCC_541\Debug\swc_engine.o
LOAD .\CortexM3\ARM_GCC_541\Debug\swc_remote.o
LOAD .\CortexM3\ARM_GCC_541\Debug\tsk_brakelight.o
LOAD .\CortexM3\ARM_GCC_541\Debug\tsk_control.o
LOAD .\CortexM3\ARM_GCC_541\Debug\tsk_io.o
LOAD .\CortexM3\ARM_GCC_541\Debug\WatchDogTimer.o
LOAD .\CortexM3\ARM_GCC_541\Debug\joystick.o
LOAD .\CortexM3\ARM_GCC_541\Debug\led.o
LOAD .\CortexM3\ARM_GCC_541\Debug\rte.o
LOAD .\CortexM3\ARM_GCC_541\Debug\sc_joystick.o
LOAD .\CortexM3\ARM_GCC_541\Debug\sc_joystick_type.o
LOAD .\CortexM3\ARM_GCC_541\Debug\sc_speed.o
LOAD .\CortexM3\ARM_GCC_541\Debug\sc_speed_type.o
LOAD .\CortexM3\ARM_GCC_541\Debug\sp_common.o
LOAD .\CortexM3\ARM_GCC_541\Debug\cyfitter_cfg.o
LOAD .\CortexM3\ARM_GCC_541\Debug\cymetadata.o
LOAD .\CortexM3\ARM_GCC_541\Debug\Cm3Start.o
LOAD .\CortexM3\ARM_GCC_541\Debug\Lab01.a
LOAD C:\Program Files (x86)\Cypress\PSoC Creator\4.4\PSoC Creator\psoc\content\cycomponentlibrary\CyComponentLibrary.cylib\CortexM3\ARM_GCC_541\Debug\CyComponentLibrary.a
END GROUP
START GROUP
LOAD c:/program files (x86)/cypress/psoc creator/4.4/psoc creator/import/gnu/arm/5.4.1/bin/../lib/gcc/arm-none-eabi/5.4.1/armv7-m\libgcc.a
LOAD c:/program files (x86)/cypress/psoc creator/4.4/psoc creator/import/gnu/arm/5.4.1/bin/../lib/gcc/arm-none-eabi/5.4.1/../../../../arm-none-eabi/lib/armv7-m\libg_nano.a
LOAD c:/program files (x86)/cypress/psoc creator/4.4/psoc creator/import/gnu/arm/5.4.1/bin/../lib/gcc/arm-none-eabi/5.4.1/../../../../arm-none-eabi/lib/armv7-m\libc_nano.a
END GROUP
START GROUP
LOAD c:/program files (x86)/cypress/psoc creator/4.4/psoc creator/import/gnu/arm/5.4.1/bin/../lib/gcc/arm-none-eabi/5.4.1/armv7-m\libgcc.a
LOAD c:/program files (x86)/cypress/psoc creator/4.4/psoc creator/import/gnu/arm/5.4.1/bin/../lib/gcc/arm-none-eabi/5.4.1/../../../../arm-none-eabi/lib/armv7-m\libc_nano.a
END GROUP
LOAD c:/program files (x86)/cypress/psoc creator/4.4/psoc creator/import/gnu/arm/5.4.1/bin/../lib/gcc/arm-none-eabi/5.4.1/armv7-m/crtend.o
LOAD c:/program files (x86)/cypress/psoc creator/4.4/psoc creator/import/gnu/arm/5.4.1/bin/../lib/gcc/arm-none-eabi/5.4.1/armv7-m/crtn.o
START GROUP
LOAD c:/program files (x86)/cypress/psoc creator/4.4/psoc creator/import/gnu/arm/5.4.1/bin/../lib/gcc/arm-none-eabi/5.4.1/armv7-m\libgcc.a
LOAD c:/program files (x86)/cypress/psoc creator/4.4/psoc creator/import/gnu/arm/5.4.1/bin/../lib/gcc/arm-none-eabi/5.4.1/../../../../arm-none-eabi/lib/armv7-m\libc.a
LOAD c:/program files (x86)/cypress/psoc creator/4.4/psoc creator/import/gnu/arm/5.4.1/bin/../lib/gcc/arm-none-eabi/5.4.1/../../../../arm-none-eabi/lib/armv7-m\libnosys.a
END GROUP
                0x00000000                CY_APPL_ORIGIN = 0x0
                0x00000100                CY_FLASH_ROW_SIZE = 0x100
                0x00000020                CY_ECC_ROW_SIZE = 0x20
                0x00000000                CY_EE_IN_BTLDR = 0x0
                0x00000000                CY_APPL_LOADABLE = 0x0
                0x00000800                CY_EE_SIZE = 0x800
                0x00000001                CY_APPL_NUM = 0x1
                0x00000001                CY_APPL_MAX = 0x1
                0x00000040                CY_METADATA_SIZE = 0x40
                0x00000000                CY_APPL_LOADABLE = 0x0
                0x00000000                CY_CHECKSUM_EXCLUDE_SIZE = ALIGN (0x0, CY_FLASH_ROW_SIZE)
                [!provide]                PROVIDE (__cy_heap_start, _end)
                0x00000001                PROVIDE (__cy_region_num, ((__cy_regions_end - __cy_regions) / 0x10))
                0x20008000                PROVIDE (__cy_stack, (ORIGIN (ram) + LENGTH (ram)))
                [!provide]                PROVIDE (__cy_heap_end, (__cy_stack - 0x800))

.cybootloader   0x00000000        0x0
 *(.cybootloader)
                0x00000000                appl1_start = CY_APPL_ORIGIN?CY_APPL_ORIGIN:ALIGN (CY_FLASH_ROW_SIZE)
                0x0001ff00                appl2_start = (appl1_start + ALIGN ((((LENGTH (rom) - appl1_start) - (0x2 * CY_FLASH_ROW_SIZE)) / 0x2), CY_FLASH_ROW_SIZE))
                0x00000000                appl_start = (CY_APPL_NUM == 0x1)?appl1_start:appl2_start
                0x00000000                ecc_offset = ((appl_start / CY_FLASH_ROW_SIZE) * CY_ECC_ROW_SIZE)
                0x00000000                ee_offset = (CY_APPL_LOADABLE && ! (CY_EE_IN_BTLDR))?((CY_EE_SIZE / CY_APPL_MAX) * (CY_APPL_NUM - 0x1)):0x0
                0x00000800                ee_size = (CY_APPL_LOADABLE && ! (CY_EE_IN_BTLDR))?(CY_EE_SIZE / CY_APPL_MAX):CY_EE_SIZE
                [!provide]                PROVIDE (CY_ECC_OFFSET, ecc_offset)

.text           0x00000000     0x21a6
 CREATE_OBJECT_SYMBOLS
                0x00000000                PROVIDE (__cy_interrupt_vector, RomVectors)
 *(.romvectors)
 .romvectors    0x00000000       0x10 .\CortexM3\ARM_GCC_541\Debug\Cm3Start.o
                0x00000000                RomVectors
                0x00000001                ASSERT ((. != __cy_interrupt_vector), No interrupt vector)
                0x00000001                ASSERT (CY_APPL_ORIGIN?(SIZEOF (.cybootloader) <= CY_APPL_ORIGIN):0x1, Wrong image location)
                0x00000010                PROVIDE (__cy_reset, Reset)
 *(.text.Reset)
 .text.Reset    0x00000010       0x18 .\CortexM3\ARM_GCC_541\Debug\Cm3Start.o
                0x00000010                Reset
                0x00000001                ASSERT ((. != __cy_reset), No reset code)
 *(.dma_init)
                0x00000001                ASSERT ((((appl_start + .) <= 0x10000) || 0x1), DMA Init must be within the first 64k of flash)
 *(.text .text.* .gnu.linkonce.t.*)
 .text          0x00000028       0x5c c:/program files (x86)/cypress/psoc creator/4.4/psoc creator/import/gnu/arm/5.4.1/bin/../lib/gcc/arm-none-eabi/5.4.1/armv7-m/crtbegin.o
 .text.isr_Button
                0x00000084       0x14 .\CortexM3\ARM_GCC_541\Debug\main.o
                0x00000084                isr_Button
 .text.ISR2_systick_handler
                0x00000098        0xc .\CortexM3\ARM_GCC_541\Debug\main.o
                0x00000098                ISR2_systick_handler
 .text.systick_handler
                0x000000a4       0x98 .\CortexM3\ARM_GCC_541\Debug\main.o
                0x000000a4                systick_handler
 .text.main     0x0000013c       0x38 .\CortexM3\ARM_GCC_541\Debug\main.o
                0x0000013c                main
 .text.Functsk_init
                0x00000174       0x6c .\CortexM3\ARM_GCC_541\Debug\main.o
                0x00000174                Functsk_init
 .text.Functsk_background
                0x000001e0        0x8 .\CortexM3\ARM_GCC_541\Debug\main.o
                0x000001e0                Functsk_background
 .text.BRAKELIGHT_setBrakeLight_run
                0x000001e8       0x88 .\CortexM3\ARM_GCC_541\Debug\swc_brakelight.o
                0x000001e8                BRAKELIGHT_setBrakeLight_run
 .text.CONTROL_calcControl_run
                0x00000270       0x80 .\CortexM3\ARM_GCC_541\Debug\swc_control.o
                0x00000270                CONTROL_calcControl_run
 .text.ENGINE_setEngine_run
                0x000002f0       0xa0 .\CortexM3\ARM_GCC_541\Debug\swc_engine.o
                0x000002f0                ENGINE_setEngine_run
 .text.REMOTE_readJoystick_run
                0x00000390       0xa8 .\CortexM3\ARM_GCC_541\Debug\swc_remote.o
                0x00000390                REMOTE_readJoystick_run
 .text.Functsk_brakelight
                0x00000438       0x2c .\CortexM3\ARM_GCC_541\Debug\tsk_brakelight.o
                0x00000438                Functsk_brakelight
 .text.Functsk_control
                0x00000464       0x2c .\CortexM3\ARM_GCC_541\Debug\tsk_control.o
                0x00000464                Functsk_control
 .text.Functsk_io
                0x00000490       0x2c .\CortexM3\ARM_GCC_541\Debug\tsk_io.o
                0x00000490                Functsk_io
 .text.WD_Start
                0x000004bc        0xc .\CortexM3\ARM_GCC_541\Debug\WatchDogTimer.o
                0x000004bc                WD_Start
 .text.WD_Trigger
                0x000004c8       0x1c .\CortexM3\ARM_GCC_541\Debug\WatchDogTimer.o
                0x000004c8                WD_Trigger
 .text.WD_CheckResetBit
                0x000004e4       0x18 .\CortexM3\ARM_GCC_541\Debug\WatchDogTimer.o
                0x000004e4                WD_CheckResetBit
 .text.WD_Alive
                0x000004fc       0x18 .\CortexM3\ARM_GCC_541\Debug\WatchDogTimer.o
                0x000004fc                WD_Alive
 .text.JOYSTICK_Init
                0x00000514       0x10 .\CortexM3\ARM_GCC_541\Debug\joystick.o
                0x00000514                JOYSTICK_Init
 .text.JOYSTICK_ReadPosition
                0x00000524       0x3c .\CortexM3\ARM_GCC_541\Debug\joystick.o
                0x00000524                JOYSTICK_ReadPosition
 .text.LED_Set  0x00000560       0x60 .\CortexM3\ARM_GCC_541\Debug\led.o
                0x00000560                LED_Set
 .text.LED_Init
                0x000005c0       0x34 .\CortexM3\ARM_GCC_541\Debug\led.o
                0x000005c0                LED_Init
 .text.LED_RGB_Set
                0x000005f4       0x28 .\CortexM3\ARM_GCC_541\Debug\led.o
                0x000005f4                LED_RGB_Set
 .text.RTE_ProcessCyclicTable
                0x0000061c       0x30 .\CortexM3\ARM_GCC_541\Debug\rte.o
                0x0000061c                RTE_ProcessCyclicTable
 .text.RTE_ProcessEventTable
                0x0000064c       0x28 .\CortexM3\ARM_GCC_541\Debug\rte.o
                0x0000064c                RTE_ProcessEventTable
 .text.SC_JOYSTICK_driverIn
                0x00000674       0x24 .\CortexM3\ARM_GCC_541\Debug\sc_joystick_type.o
                0x00000674                SC_JOYSTICK_driverIn
 .text.SC_SPEED_driverOut
                0x00000698       0x24 .\CortexM3\ARM_GCC_541\Debug\sc_speed_type.o
                0x00000698                SC_SPEED_driverOut
 .text.CyClockStartupError
                0x000006bc        0x4 .\CortexM3\ARM_GCC_541\Debug\cyfitter_cfg.o
 .text.cfg_write_bytes32
                0x000006c0       0x34 .\CortexM3\ARM_GCC_541\Debug\cyfitter_cfg.o
 .text.CYMEMZERO
                0x000006f4        0xc .\CortexM3\ARM_GCC_541\Debug\cyfitter_cfg.o
 .text.ClockSetup
                0x00000700       0xcc .\CortexM3\ARM_GCC_541\Debug\cyfitter_cfg.o
 .text.AnalogSetDefault
                0x000007cc       0x7c .\CortexM3\ARM_GCC_541\Debug\cyfitter_cfg.o
 .text.CYCONFIGCPY
                0x00000848        0x8 .\CortexM3\ARM_GCC_541\Debug\cyfitter_cfg.o
 .text.cyfitter_cfg
                0x00000850      0x140 .\CortexM3\ARM_GCC_541\Debug\cyfitter_cfg.o
                0x00000850                cyfitter_cfg
 .text.IntDefaultHandler
                0x00000990       0x10 .\CortexM3\ARM_GCC_541\Debug\Cm3Start.o
                0x00000990                IntDefaultHandler
 .text.Start_c  0x000009a0       0x4c .\CortexM3\ARM_GCC_541\Debug\Cm3Start.o
                0x000009a0                Start_c
 .text.initialize_psoc
                0x000009ec       0x6c .\CortexM3\ARM_GCC_541\Debug\Cm3Start.o
                0x000009ec                initialize_psoc
 .text.JOYSTICK_ADC_XY_Init
                0x00000a58       0x3c .\CortexM3\ARM_GCC_541\Debug\Lab01.a(JOYSTICK_ADC_XY.o)
                0x00000a58                JOYSTICK_ADC_XY_Init
 .text.JOYSTICK_ADC_XY_Enable
                0x00000a94       0xcc .\CortexM3\ARM_GCC_541\Debug\Lab01.a(JOYSTICK_ADC_XY.o)
                0x00000a94                JOYSTICK_ADC_XY_Enable
 .text.JOYSTICK_ADC_XY_Start
                0x00000b60       0x28 .\CortexM3\ARM_GCC_541\Debug\Lab01.a(JOYSTICK_ADC_XY.o)
                0x00000b60                JOYSTICK_ADC_XY_Start
 .text.JOYSTICK_ADC_XY_StartConvert
                0x00000b88        0x8 .\CortexM3\ARM_GCC_541\Debug\Lab01.a(JOYSTICK_ADC_XY.o)
                0x00000b88                JOYSTICK_ADC_XY_StartConvert
 .text.JOYSTICK_ADC_XY_IsEndConversion
                0x00000b90       0x18 .\CortexM3\ARM_GCC_541\Debug\Lab01.a(JOYSTICK_ADC_XY.o)
                0x00000b90                JOYSTICK_ADC_XY_IsEndConversion
 .text.JOYSTICK_ADC_XY_GetResult16
                0x00000ba8       0x1c .\CortexM3\ARM_GCC_541\Debug\Lab01.a(JOYSTICK_ADC_XY.o)
                0x00000ba8                JOYSTICK_ADC_XY_GetResult16
 .text.JOYSTICK_ADC_XY_ISR
                0x00000bc4        0x4 .\CortexM3\ARM_GCC_541\Debug\Lab01.a(JOYSTICK_ADC_XY_INT.o)
                0x00000bc4                JOYSTICK_ADC_XY_ISR
 .text.LED_red_Write
                0x00000bc8       0x18 .\CortexM3\ARM_GCC_541\Debug\Lab01.a(LED_red.o)
                0x00000bc8                LED_red_Write
 .text.LED_yellow_Write
                0x00000be0       0x18 .\CortexM3\ARM_GCC_541\Debug\Lab01.a(LED_yellow.o)
                0x00000be0                LED_yellow_Write
 .text.LED_green_Write
                0x00000bf8       0x18 .\CortexM3\ARM_GCC_541\Debug\Lab01.a(LED_green.o)
                0x00000bf8                LED_green_Write
 .text.RGB_PWM_red_Enable
                0x00000c10       0x10 .\CortexM3\ARM_GCC_541\Debug\Lab01.a(RGB_PWM_red.o)
                0x00000c10                RGB_PWM_red_Enable
 .text.RGB_PWM_red_WriteCounter
                0x00000c20        0xc .\CortexM3\ARM_GCC_541\Debug\Lab01.a(RGB_PWM_red.o)
                0x00000c20                RGB_PWM_red_WriteCounter
 .text.RGB_PWM_red_WritePeriod
                0x00000c2c        0xc .\CortexM3\ARM_GCC_541\Debug\Lab01.a(RGB_PWM_red.o)
                0x00000c2c                RGB_PWM_red_WritePeriod
 .text.RGB_PWM_red_WriteCompare
                0x00000c38        0xc .\CortexM3\ARM_GCC_541\Debug\Lab01.a(RGB_PWM_red.o)
                0x00000c38                RGB_PWM_red_WriteCompare
 .text.RGB_PWM_red_Init
                0x00000c44       0x40 .\CortexM3\ARM_GCC_541\Debug\Lab01.a(RGB_PWM_red.o)
                0x00000c44                RGB_PWM_red_Init
 .text.RGB_PWM_red_Start
                0x00000c84       0x1c .\CortexM3\ARM_GCC_541\Debug\Lab01.a(RGB_PWM_red.o)
                0x00000c84                RGB_PWM_red_Start
 .text.RGB_PWM_green_Enable
                0x00000ca0       0x10 .\CortexM3\ARM_GCC_541\Debug\Lab01.a(RGB_PWM_green.o)
                0x00000ca0                RGB_PWM_green_Enable
 .text.RGB_PWM_green_WriteCounter
                0x00000cb0        0xc .\CortexM3\ARM_GCC_541\Debug\Lab01.a(RGB_PWM_green.o)
                0x00000cb0                RGB_PWM_green_WriteCounter
 .text.RGB_PWM_green_WritePeriod
                0x00000cbc        0xc .\CortexM3\ARM_GCC_541\Debug\Lab01.a(RGB_PWM_green.o)
                0x00000cbc                RGB_PWM_green_WritePeriod
 .text.RGB_PWM_green_WriteCompare
                0x00000cc8        0xc .\CortexM3\ARM_GCC_541\Debug\Lab01.a(RGB_PWM_green.o)
                0x00000cc8                RGB_PWM_green_WriteCompare
 .text.RGB_PWM_green_Init
                0x00000cd4       0x40 .\CortexM3\ARM_GCC_541\Debug\Lab01.a(RGB_PWM_green.o)
                0x00000cd4                RGB_PWM_green_Init
 .text.RGB_PWM_green_Start
                0x00000d14       0x1c .\CortexM3\ARM_GCC_541\Debug\Lab01.a(RGB_PWM_green.o)
                0x00000d14                RGB_PWM_green_Start
 .text.RGB_PWM_blue_Enable
                0x00000d30       0x10 .\CortexM3\ARM_GCC_541\Debug\Lab01.a(RGB_PWM_blue.o)
                0x00000d30                RGB_PWM_blue_Enable
 .text.RGB_PWM_blue_WriteCounter
                0x00000d40        0xc .\CortexM3\ARM_GCC_541\Debug\Lab01.a(RGB_PWM_blue.o)
                0x00000d40                RGB_PWM_blue_WriteCounter
 .text.RGB_PWM_blue_WritePeriod
                0x00000d4c        0xc .\CortexM3\ARM_GCC_541\Debug\Lab01.a(RGB_PWM_blue.o)
                0x00000d4c                RGB_PWM_blue_WritePeriod
 .text.RGB_PWM_blue_WriteCompare
                0x00000d58        0xc .\CortexM3\ARM_GCC_541\Debug\Lab01.a(RGB_PWM_blue.o)
                0x00000d58                RGB_PWM_blue_WriteCompare
 .text.RGB_PWM_blue_Init
                0x00000d64       0x40 .\CortexM3\ARM_GCC_541\Debug\Lab01.a(RGB_PWM_blue.o)
                0x00000d64                RGB_PWM_blue_Init
 .text.RGB_PWM_blue_Start
                0x00000da4       0x1c .\CortexM3\ARM_GCC_541\Debug\Lab01.a(RGB_PWM_blue.o)
                0x00000da4                RGB_PWM_blue_Start
 .text.EE_oo_ActivateTask
                0x00000dc0       0xe8 .\CortexM3\ARM_GCC_541\Debug\Lab01.a(ErikaOS_1_ee_activate.o)
                0x00000dc0                EE_oo_ActivateTask
 .text.EE_oo_SetRelAlarm
                0x00000ea8       0x80 .\CortexM3\ARM_GCC_541\Debug\Lab01.a(ErikaOS_1_ee_alsetrel.o)
                0x00000ea8                EE_oo_SetRelAlarm
 .text.EE_oo_handle_action_callback
                0x00000f28        0xc .\CortexM3\ARM_GCC_541\Debug\Lab01.a(ErikaOS_1_ee_altick.o)
 .text.EE_oo_handle_action_task
                0x00000f34       0x4c .\CortexM3\ARM_GCC_541\Debug\Lab01.a(ErikaOS_1_ee_altick.o)
 .text.EE_oo_handle_action_event
                0x00000f80       0x60 .\CortexM3\ARM_GCC_541\Debug\Lab01.a(ErikaOS_1_ee_altick.o)
 .text.EE_oo_handle_action
                0x00000fe0       0x28 .\CortexM3\ARM_GCC_541\Debug\Lab01.a(ErikaOS_1_ee_altick.o)
 .text.EE_oo_counter_object_insert
                0x00001008       0x9c .\CortexM3\ARM_GCC_541\Debug\Lab01.a(ErikaOS_1_ee_altick.o)
                0x00001008                EE_oo_counter_object_insert
 .text.EE_oo_IncrementCounterImplementation
                0x000010a4      0x100 .\CortexM3\ARM_GCC_541\Debug\Lab01.a(ErikaOS_1_ee_altick.o)
                0x000010a4                EE_oo_IncrementCounterImplementation
 .text.EE_oo_IncrementCounter
                0x000011a4       0xb0 .\CortexM3\ARM_GCC_541\Debug\Lab01.a(ErikaOS_1_ee_altick.o)
                0x000011a4                EE_oo_IncrementCounter
 .text.EE_oo_ClearEvent
                0x00001254       0x5c .\CortexM3\ARM_GCC_541\Debug\Lab01.a(ErikaOS_1_ee_evclear.o)
                0x00001254                EE_oo_ClearEvent
 .text.EE_oo_GetEvent
                0x000012b0       0x40 .\CortexM3\ARM_GCC_541\Debug\Lab01.a(ErikaOS_1_ee_evget.o)
                0x000012b0                EE_oo_GetEvent
 .text.EE_oo_SetEvent
                0x000012f0      0x100 .\CortexM3\ARM_GCC_541\Debug\Lab01.a(ErikaOS_1_ee_evset.o)
                0x000012f0                EE_oo_SetEvent
 .text.EE_oo_WaitEvent
                0x000013f0      0x110 .\CortexM3\ARM_GCC_541\Debug\Lab01.a(ErikaOS_1_ee_evwait.o)
                0x000013f0                EE_oo_WaitEvent
 .text.EE_IRQ_run_next_task
                0x00001500       0x30 .\CortexM3\ARM_GCC_541\Debug\Lab01.a(ErikaOS_1_ee_irqendin.o)
 .text.EE_IRQ_end_instance
                0x00001530       0x68 .\CortexM3\ARM_GCC_541\Debug\Lab01.a(ErikaOS_1_ee_irqendin.o)
                0x00001530                EE_IRQ_end_instance
 .text.EE_IRQ_end_post_stub
                0x00001598       0x14 .\CortexM3\ARM_GCC_541\Debug\Lab01.a(ErikaOS_1_ee_irqendin.o)
                0x00001598                EE_IRQ_end_post_stub
 .text.EE_rq2stk_exchange
                0x000015ac       0x88 .\CortexM3\ARM_GCC_541\Debug\Lab01.a(ErikaOS_1_ee_rq_exchg.o)
                0x000015ac                EE_rq2stk_exchange
 .text.EE_rq_queryfirst
                0x00001634       0x44 .\CortexM3\ARM_GCC_541\Debug\Lab01.a(ErikaOS_1_ee_rq_first.o)
                0x00001634                EE_rq_queryfirst
 .text.EE_rq_insert
                0x00001678       0x74 .\CortexM3\ARM_GCC_541\Debug\Lab01.a(ErikaOS_1_ee_rq_inser.o)
                0x00001678                EE_rq_insert
 .text.EE_oo_shutdown
                0x000016ec        0xc .\CortexM3\ARM_GCC_541\Debug\Lab01.a(ErikaOS_1_ee_shtdown.o)
 .text.EE_oo_ShutdownOS_internal
                0x000016f8        0x8 .\CortexM3\ARM_GCC_541\Debug\Lab01.a(ErikaOS_1_ee_shtdown.o)
                0x000016f8                EE_oo_ShutdownOS_internal
 .text.EE_oo_ShutdownOS
                0x00001700        0x8 .\CortexM3\ARM_GCC_541\Debug\Lab01.a(ErikaOS_1_ee_shtdown.o)
                0x00001700                EE_oo_ShutdownOS
 .text.compute_task_tid
                0x00001708       0x10 .\CortexM3\ARM_GCC_541\Debug\Lab01.a(ErikaOS_1_ee_startos.o)
 .text.EE_oo_start_os
                0x00001718        0xc .\CortexM3\ARM_GCC_541\Debug\Lab01.a(ErikaOS_1_ee_startos.o)
 .text.EE_oo_autostart_tasks
                0x00001724       0x60 .\CortexM3\ARM_GCC_541\Debug\Lab01.a(ErikaOS_1_ee_startos.o)
 .text.EE_oo_autostart_os
                0x00001784        0xc .\CortexM3\ARM_GCC_541\Debug\Lab01.a(ErikaOS_1_ee_startos.o)
 .text.EE_oo_StartOS
                0x00001790       0x8c .\CortexM3\ARM_GCC_541\Debug\Lab01.a(ErikaOS_1_ee_startos.o)
                0x00001790                EE_oo_StartOS
 .text.EE_oo_TerminateTask
                0x0000181c       0x3c .\CortexM3\ARM_GCC_541\Debug\Lab01.a(ErikaOS_1_ee_terminat.o)
                0x0000181c                EE_oo_TerminateTask
 .text.EE_system_init
                0x00001858       0x20 .\CortexM3\ARM_GCC_541\Debug\Lab01.a(ErikaOS_1_cortex_mx_ee_utils.o)
                0x00001858                EE_system_init
 .text.UART_LOG_Init
                0x00001878       0x24 .\CortexM3\ARM_GCC_541\Debug\Lab01.a(UART_LOG.o)
                0x00001878                UART_LOG_Init
 .text.UART_LOG_Enable
                0x0000189c       0x38 .\CortexM3\ARM_GCC_541\Debug\Lab01.a(UART_LOG.o)
                0x0000189c                UART_LOG_Enable
 .text.UART_LOG_Start
                0x000018d4       0x1c .\CortexM3\ARM_GCC_541\Debug\Lab01.a(UART_LOG.o)
                0x000018d4                UART_LOG_Start
 .text.UART_LOG_PutChar
                0x000018f0       0x18 .\CortexM3\ARM_GCC_541\Debug\Lab01.a(UART_LOG.o)
                0x000018f0                UART_LOG_PutChar
 .text.UART_LOG_PutString
                0x00001908       0x24 .\CortexM3\ARM_GCC_541\Debug\Lab01.a(UART_LOG.o)
                0x00001908                UART_LOG_PutString
 .text.JOYSTICK_ADC_XY_SAR_CalcGain
                0x0000192c       0x64 .\CortexM3\ARM_GCC_541\Debug\Lab01.a(JOYSTICK_ADC_XY_SAR.o)
 .text.JOYSTICK_ADC_XY_SAR_Enable
                0x00001990       0x78 .\CortexM3\ARM_GCC_541\Debug\Lab01.a(JOYSTICK_ADC_XY_SAR.o)
                0x00001990                JOYSTICK_ADC_XY_SAR_Enable
 .text.JOYSTICK_ADC_XY_SAR_SetResolution
                0x00001a08       0x38 .\CortexM3\ARM_GCC_541\Debug\Lab01.a(JOYSTICK_ADC_XY_SAR.o)
                0x00001a08                JOYSTICK_ADC_XY_SAR_SetResolution
 .text.JOYSTICK_ADC_XY_SAR_Init
                0x00001a40       0x24 .\CortexM3\ARM_GCC_541\Debug\Lab01.a(JOYSTICK_ADC_XY_SAR.o)
                0x00001a40                JOYSTICK_ADC_XY_SAR_Init
 .text.JOYSTICK_ADC_XY_SAR_Start
                0x00001a64       0x1c .\CortexM3\ARM_GCC_541\Debug\Lab01.a(JOYSTICK_ADC_XY_SAR.o)
                0x00001a64                JOYSTICK_ADC_XY_SAR_Start
 .text.JOYSTICK_ADC_XY_SAR_StartConvert
                0x00001a80       0x10 .\CortexM3\ARM_GCC_541\Debug\Lab01.a(JOYSTICK_ADC_XY_SAR.o)
                0x00001a80                JOYSTICK_ADC_XY_SAR_StartConvert
 .text.JOYSTICK_ADC_XY_TempBuf_DmaInitialize
                0x00001a90       0x3c .\CortexM3\ARM_GCC_541\Debug\Lab01.a(JOYSTICK_ADC_XY_TempBuf_dma.o)
                0x00001a90                JOYSTICK_ADC_XY_TempBuf_DmaInitialize
 .text.JOYSTICK_ADC_XY_FinalBuf_DmaInitialize
                0x00001acc       0x3c .\CortexM3\ARM_GCC_541\Debug\Lab01.a(JOYSTICK_ADC_XY_FinalBuf_dma.o)
                0x00001acc                JOYSTICK_ADC_XY_FinalBuf_DmaInitialize
 .text.JOYSTICK_ADC_XY_IRQ_SetVector
                0x00001b08        0xc .\CortexM3\ARM_GCC_541\Debug\Lab01.a(JOYSTICK_ADC_XY_IRQ.o)
                0x00001b08                JOYSTICK_ADC_XY_IRQ_SetVector
 .text.JOYSTICK_ADC_XY_IRQ_SetPriority
                0x00001b14       0x10 .\CortexM3\ARM_GCC_541\Debug\Lab01.a(JOYSTICK_ADC_XY_IRQ.o)
                0x00001b14                JOYSTICK_ADC_XY_IRQ_SetPriority
 .text.UART_LOG_IntClock_Start
                0x00001b24       0x1c .\CortexM3\ARM_GCC_541\Debug\Lab01.a(UART_LOG_IntClock.o)
                0x00001b24                UART_LOG_IntClock_Start
 .text.CyDmacConfigure
                0x00001b40       0x34 .\CortexM3\ARM_GCC_541\Debug\Lab01.a(CyDmac.o)
                0x00001b40                CyDmacConfigure
 .text.CyDmaChEnable
                0x00001b74       0x38 .\CortexM3\ARM_GCC_541\Debug\Lab01.a(CyDmac.o)
                0x00001b74                CyDmaChEnable
 .text.CyDmaClearPendingDrq
                0x00001bac       0x28 .\CortexM3\ARM_GCC_541\Debug\Lab01.a(CyDmac.o)
                0x00001bac                CyDmaClearPendingDrq
 .text.CyDmaChPriority
                0x00001bd4       0x24 .\CortexM3\ARM_GCC_541\Debug\Lab01.a(CyDmac.o)
                0x00001bd4                CyDmaChPriority
 .text.CyDmaChSetExtendedAddress
                0x00001bf8       0x34 .\CortexM3\ARM_GCC_541\Debug\Lab01.a(CyDmac.o)
                0x00001bf8                CyDmaChSetExtendedAddress
 .text.CyDmaChSetInitialTd
                0x00001c2c       0x18 .\CortexM3\ARM_GCC_541\Debug\Lab01.a(CyDmac.o)
                0x00001c2c                CyDmaChSetInitialTd
 .text.CyDmaChSetConfiguration
                0x00001c44       0x44 .\CortexM3\ARM_GCC_541\Debug\Lab01.a(CyDmac.o)
                0x00001c44                CyDmaChSetConfiguration
 .text.CyDmaTdAllocate
                0x00001c88       0x34 .\CortexM3\ARM_GCC_541\Debug\Lab01.a(CyDmac.o)
                0x00001c88                CyDmaTdAllocate
 .text.CyDmaTdSetConfiguration
                0x00001cbc       0x28 .\CortexM3\ARM_GCC_541\Debug\Lab01.a(CyDmac.o)
                0x00001cbc                CyDmaTdSetConfiguration
 .text.CyDmaTdSetAddress
                0x00001ce4       0x1c .\CortexM3\ARM_GCC_541\Debug\Lab01.a(CyDmac.o)
                0x00001ce4                CyDmaTdSetAddress
 .text.CyHalt   0x00001d00        0x4 .\CortexM3\ARM_GCC_541\Debug\Lab01.a(CyLib.o)
                0x00001d00                CyHalt
 .text.CyDelayUs
                0x00001d04       0x14 .\CortexM3\ARM_GCC_541\Debug\Lab01.a(CyLib.o)
                0x00001d04                CyDelayUs
 .text.CyWdtStart
                0x00001d18       0x40 .\CortexM3\ARM_GCC_541\Debug\Lab01.a(CyLib.o)
                0x00001d18                CyWdtStart
 .text.CyWdtClear
                0x00001d58        0xc .\CortexM3\ARM_GCC_541\Debug\Lab01.a(CyLib.o)
                0x00001d58                CyWdtClear
 .text.WD_Button_Read
                0x00001d64       0x10 .\CortexM3\ARM_GCC_541\Debug\Lab01.a(WD_Button.o)
                0x00001d64                WD_Button_Read
 .text.isr_Button_SetVector
                0x00001d74        0xc .\CortexM3\ARM_GCC_541\Debug\Lab01.a(isr_Button.o)
                0x00001d74                isr_Button_SetVector
 .text.isr_Button_SetPriority
                0x00001d80       0x10 .\CortexM3\ARM_GCC_541\Debug\Lab01.a(isr_Button.o)
                0x00001d80                isr_Button_SetPriority
 .text.isr_Button_Enable
                0x00001d90        0xc .\CortexM3\ARM_GCC_541\Debug\Lab01.a(isr_Button.o)
                0x00001d90                isr_Button_Enable
 .text.isr_Button_Disable
                0x00001d9c        0xc .\CortexM3\ARM_GCC_541\Debug\Lab01.a(isr_Button.o)
                0x00001d9c                isr_Button_Disable
 .text.isr_Button_StartEx
                0x00001da8       0x1c .\CortexM3\ARM_GCC_541\Debug\Lab01.a(isr_Button.o)
                0x00001da8                isr_Button_StartEx
 .text          0x00001dc4       0x7c .\CortexM3\ARM_GCC_541\Debug\Lab01.a(ErikaOS_1_ee_gnu_change_context_isr.o)
                0x00001dc4                EE_set_switch_context_pri
                0x00001dde                EE_switch_context
                0x00001de8                EE_cortex_mx_pendsv_ISR
                0x00001e24                EE_cortex_mx_svc_ISR
 .text          0x00001e40       0x24 .\CortexM3\ARM_GCC_541\Debug\Lab01.a(ErikaOS_1_ee_gnu_irq_stack.o)
                0x00001e40                EE_cortex_mx_change_IRQ_stack
                0x00001e52                EE_cortex_mx_change_IRQ_stack_back
 .text          0x00001e64       0x68 .\CortexM3\ARM_GCC_541\Debug\Lab01.a(ErikaOS_1_ee_gnu_multi_context.o)
                0x00001e64                EE_cortex_mx_change_context
 .text          0x00001ecc       0x80 .\CortexM3\ARM_GCC_541\Debug\Lab01.a(ErikaOS_1_ee_gnu_oo.o)
                0x00001ecc                EE_hal_terminate_savestk
                0x00001f16                EE_hal_terminate_task
 *fill*         0x00001f4c        0x4 
 .text          0x00001f50       0x20 .\CortexM3\ARM_GCC_541\Debug\Lab01.a(CyBootAsmGnu.o)
                0x00001f50                CyDelayCycles
                0x00001f60                CyEnterCriticalSection
                0x00001f68                CyExitCriticalSection
 .text.EE_thread_not_terminated
                0x00001f70       0x10 .\CortexM3\ARM_GCC_541\Debug\Lab01.a(ErikaOS_1_ee_tnterm.o)
                0x00001f70                EE_thread_not_terminated
 .text.EE_oo_thread_stub
                0x00001f80       0x10 .\CortexM3\ARM_GCC_541\Debug\Lab01.a(ErikaOS_1_ee_tstub.o)
                0x00001f80                EE_oo_thread_stub
 .text.EE_std_run_task_code
                0x00001f90       0x18 .\CortexM3\ARM_GCC_541\Debug\Lab01.a(ErikaOS_1_cortex_mx_ee_context.o)
                0x00001f90                EE_std_run_task_code
 .text.EE_std_need_context_change
                0x00001fa8       0x28 .\CortexM3\ARM_GCC_541\Debug\Lab01.a(ErikaOS_1_cortex_mx_ee_context.o)
                0x00001fa8                EE_std_need_context_change
 .text.EE_thread_rnact_max
                0x00001fd0       0x20 .\CortexM3\ARM_GCC_541\Debug\Lab01.a(ErikaOS_1_ee_thendin.o)
 .text.EE_thread_endcycle_next
                0x00001ff0       0x30 .\CortexM3\ARM_GCC_541\Debug\Lab01.a(ErikaOS_1_ee_thendin.o)
 .text.EE_thread_end_instance
                0x00002020      0x108 .\CortexM3\ARM_GCC_541\Debug\Lab01.a(ErikaOS_1_ee_thendin.o)
                0x00002020                EE_thread_end_instance
 .text.__errno  0x00002128        0xc c:/program files (x86)/cypress/psoc creator/4.4/psoc creator/import/gnu/arm/5.4.1/bin/../lib/gcc/arm-none-eabi/5.4.1/../../../../arm-none-eabi/lib/armv7-m\libg_nano.a(lib_a-errno.o)
                0x00002128                __errno
 .text.__libc_init_array
                0x00002134       0x4c c:/program files (x86)/cypress/psoc creator/4.4/psoc creator/import/gnu/arm/5.4.1/bin/../lib/gcc/arm-none-eabi/5.4.1/../../../../arm-none-eabi/lib/armv7-m\libg_nano.a(lib_a-init.o)
                0x00002134                __libc_init_array
 .text.memcpy   0x00002180       0x16 c:/program files (x86)/cypress/psoc creator/4.4/psoc creator/import/gnu/arm/5.4.1/bin/../lib/gcc/arm-none-eabi/5.4.1/../../../../arm-none-eabi/lib/armv7-m\libg_nano.a(lib_a-memcpy-stub.o)
                0x00002180                memcpy
 .text.memset   0x00002196       0x10 c:/program files (x86)/cypress/psoc creator/4.4/psoc creator/import/gnu/arm/5.4.1/bin/../lib/gcc/arm-none-eabi/5.4.1/../../../../arm-none-eabi/lib/armv7-m\libg_nano.a(lib_a-memset.o)
                0x00002196                memset
 *(.plt)
 *(.gnu.warning)
 *(.glue_7t)
 .glue_7t       0x000021a6        0x0 linker stubs
 *(.glue_7)
 .glue_7        0x000021a6        0x0 linker stubs
 *(.vfp11_veneer)
 .vfp11_veneer  0x000021a6        0x0 linker stubs
 *(.bootloader)
 *(.ARM.extab* .gnu.linkonce.armextab.*)
 *(.gcc_except_table)

.v4_bx          0x000021a8        0x0
 .v4_bx         0x000021a8        0x0 linker stubs

.iplt           0x000021a8        0x0
 .iplt          0x000021a8        0x0 c:/program files (x86)/cypress/psoc creator/4.4/psoc creator/import/gnu/arm/5.4.1/bin/../lib/gcc/arm-none-eabi/5.4.1/armv7-m/crtbegin.o

.eh_frame_hdr
 *(.eh_frame_hdr)

.eh_frame       0x000021a8        0x4
 *(.eh_frame)
 .eh_frame      0x000021a8        0x0 c:/program files (x86)/cypress/psoc creator/4.4/psoc creator/import/gnu/arm/5.4.1/bin/../lib/gcc/arm-none-eabi/5.4.1/armv7-m/crtbegin.o
 .eh_frame      0x000021a8        0x4 c:/program files (x86)/cypress/psoc creator/4.4/psoc creator/import/gnu/arm/5.4.1/bin/../lib/gcc/arm-none-eabi/5.4.1/armv7-m/crtend.o
                [!provide]                PROVIDE (__exidx_start, .)

.ARM.exidx
 *(.ARM.exidx* .gnu.linkonce.armexidx.*)
                0x000021ac                __exidx_end = .

.rodata         0x000021ac      0x7bc
 *(.rodata .rodata.* .gnu.linkonce.r.*)
 .rodata.str1.4
                0x000021ac       0x43 .\CortexM3\ARM_GCC_541\Debug\main.o
 *fill*         0x000021ef        0x1 
 .rodata.str1.4
                0x000021f0       0x92 .\CortexM3\ARM_GCC_541\Debug\swc_brakelight.o
 *fill*         0x00002282        0x2 
 .rodata.str1.4
                0x00002284       0x31 .\CortexM3\ARM_GCC_541\Debug\swc_control.o
 *fill*         0x000022b5        0x3 
 .rodata.str1.4
                0x000022b8       0xdf .\CortexM3\ARM_GCC_541\Debug\swc_engine.o
 *fill*         0x00002397        0x1 
 .rodata.str1.4
                0x00002398       0x42 .\CortexM3\ARM_GCC_541\Debug\swc_remote.o
 *fill*         0x000023da        0x2 
 .rodata        0x000023dc        0xc .\CortexM3\ARM_GCC_541\Debug\tsk_brakelight.o
                0x000023dc                RTE_eventActivationTable_tsk_brakelight
                0x000023e4                RTE_eventActivation_tsk_brakelight_size
                0x000023e6                RTE_cyclicActivation_tsk_brakelight_size
                0x000023e8                RTE_cyclicActivationTable_tsk_brakelight
 .rodata        0x000023e8        0xc .\CortexM3\ARM_GCC_541\Debug\tsk_control.o
                0x000023e8                RTE_eventActivationTable_tsk_control
                0x000023f0                RTE_eventActivation_tsk_control_size
                0x000023f2                RTE_cyclicActivation_tsk_control_size
                0x000023f4                RTE_cyclicActivationTable_tsk_control
 .rodata        0x000023f4       0x12 .\CortexM3\ARM_GCC_541\Debug\tsk_io.o
                0x000023f4                RTE_cyclicActivationTable_tsk_io
                0x00002404                RTE_cyclicActivation_tsk_io_size
 *fill*         0x00002406        0x2 
 .rodata        0x00002408      0x200 .\CortexM3\ARM_GCC_541\Debug\led.o
 .rodata        0x00002608       0xa8 .\CortexM3\ARM_GCC_541\Debug\sp_common.o
                0x00002680                so_speed_updTasks
                0x000026ac                so_joystick_updTasks
 .rodata        0x000026b0       0x36 .\CortexM3\ARM_GCC_541\Debug\cyfitter_cfg.o
 *fill*         0x000026e6        0x2 
 .rodata        0x000026e8      0x100 .\CortexM3\ARM_GCC_541\Debug\Lab01.a(ErikaOS_1_ee_lookup.o)
                0x000026e8                EE_rq_lookup
 .rodata        0x000027e8       0xd8 .\CortexM3\ARM_GCC_541\Debug\Lab01.a(ErikaOS_1_eecfg.o)
                0x000027e8                EE_oo_autostart_task_data
                0x000027f4                EE_oo_action_ROM
                0x00002808                EE_oo_counter_object_ROM
                0x00002814                EE_ALARM_ID
                0x00002818                EE_alarm_ROM
                0x0000281c                EE_counter_ROM
                0x00002828                EE_th_is_extended
                0x0000283c                EE_th_rnact_max
                0x00002850                EE_th_dispatch_prio
                0x00002864                EE_EVENT_ID
                0x0000286c                EE_th_ready_prio
                0x00002880                EE_terminate_real_th_body
                0x00002894                EE_hal_thread_body
                0x000028a8                EE_std_thread_tos
 .rodata.str1.4
                0x000028c0       0x70 .\CortexM3\ARM_GCC_541\Debug\Lab01.a(ErikaOS_1_eecfg.o)
                                 0x6f (size before relaxing)
 .rodata.str1.1
                0x00002930        0x2 c:/program files (x86)/cypress/psoc creator/4.4/psoc creator/import/gnu/arm/5.4.1/bin/../lib/gcc/arm-none-eabi/5.4.1/../../../../arm-none-eabi/lib/armv7-m\libg_nano.a(lib_a-impure.o)
                0x00002934                . = ALIGN (0x4)
 *fill*         0x00002932        0x2 
 *(.init)
 .init          0x00002934        0x4 c:/program files (x86)/cypress/psoc creator/4.4/psoc creator/import/gnu/arm/5.4.1/bin/../lib/gcc/arm-none-eabi/5.4.1/armv7-m/crti.o
                0x00002934                _init
 .init          0x00002938        0x8 c:/program files (x86)/cypress/psoc creator/4.4/psoc creator/import/gnu/arm/5.4.1/bin/../lib/gcc/arm-none-eabi/5.4.1/armv7-m/crtn.o
                0x00002940                . = ALIGN (0x4)
                0x00002940                __preinit_array_start = .
 *(.preinit_array)
                0x00002940                __preinit_array_end = .
                0x00002940                . = ALIGN (0x4)
                0x00002940                __init_array_start = .
 *(SORT(.init_array.*))
 *(.init_array)
 .init_array    0x00002940        0x4 c:/program files (x86)/cypress/psoc creator/4.4/psoc creator/import/gnu/arm/5.4.1/bin/../lib/gcc/arm-none-eabi/5.4.1/armv7-m/crtbegin.o
 .init_array    0x00002944        0x4 .\CortexM3\ARM_GCC_541\Debug\Cm3Start.o
                0x00002948                __init_array_end = .
                0x00002948                . = ALIGN (0x4)
 *(.fini)
 .fini          0x00002948        0x4 c:/program files (x86)/cypress/psoc creator/4.4/psoc creator/import/gnu/arm/5.4.1/bin/../lib/gcc/arm-none-eabi/5.4.1/armv7-m/crti.o
                0x00002948                _fini
 .fini          0x0000294c        0x8 c:/program files (x86)/cypress/psoc creator/4.4/psoc creator/import/gnu/arm/5.4.1/bin/../lib/gcc/arm-none-eabi/5.4.1/armv7-m/crtn.o
                0x00002954                . = ALIGN (0x4)
                0x00002954                __fini_array_start = .
 *(.fini_array)
 .fini_array    0x00002954        0x4 c:/program files (x86)/cypress/psoc creator/4.4/psoc creator/import/gnu/arm/5.4.1/bin/../lib/gcc/arm-none-eabi/5.4.1/armv7-m/crtbegin.o
 *(SORT(.fini_array.*))
                0x00002958                __fini_array_end = .
                0x00002958                . = ALIGN (0x4)
 *crtbegin.o(.ctors)
 *(EXCLUDE_FILE(*crtend.o) .ctors)
 *(SORT(.ctors.*))
 *crtend.o(.ctors)
                0x00002958                . = ALIGN (0x4)
 *crtbegin.o(.dtors)
 *(EXCLUDE_FILE(*crtend.o) .dtors)
 *(SORT(.dtors.*))
 *crtend.o(.dtors)
                0x00002958                . = ALIGN (0x4)
                0x00002958                __cy_regions = .
                0x00002958        0x4 LONG 0x2968 __cy_region_init_ram
                0x0000295c        0x4 LONG 0x1fff80c8 __cy_region_start_data
                0x00002960        0x4 LONG 0x1f0 __cy_region_init_size_ram
                0x00002964        0x4 LONG 0xab8 __cy_region_zero_size_ram
                0x00002968                __cy_regions_end = .
                0x00002968                . = ALIGN (0x8)
                0x00002968                _etext = .

.cy_checksum_exclude
                0x00002968        0x0
 *(.cy_checksum_exclude)

.ramvectors     0x1fff8000       0xc0
                0x1fff8000                __cy_region_start_ram = .
 *(.ramvectors)
 .ramvectors    0x1fff8000       0xc0 .\CortexM3\ARM_GCC_541\Debug\Cm3Start.o
                0x1fff8000                CyRamVectors

.noinit         0x1fff80c0        0x1
 *(.noinit)
 .noinit        0x1fff80c0        0x1 .\CortexM3\ARM_GCC_541\Debug\Lab01.a(CyLib.o)
                0x1fff80c0                CyResetStatus

.data           0x1fff80c8      0x1f0 load address 0x00002968
                0x1fff80c8                __cy_region_start_data = .
 *(.jcr)
 .jcr           0x1fff80c8        0x0 c:/program files (x86)/cypress/psoc creator/4.4/psoc creator/import/gnu/arm/5.4.1/bin/../lib/gcc/arm-none-eabi/5.4.1/armv7-m/crtbegin.o
 .jcr           0x1fff80c8        0x4 c:/program files (x86)/cypress/psoc creator/4.4/psoc creator/import/gnu/arm/5.4.1/bin/../lib/gcc/arm-none-eabi/5.4.1/armv7-m/crtend.o
 *(.got.plt)
 *(.got)
 *(.shdata)
 *(.data .data.* .gnu.linkonce.d.*)
 .data          0x1fff80cc       0x30 .\CortexM3\ARM_GCC_541\Debug\sp_common.o
                0x1fff80cc                SO_JOYSTICK_signal
                0x1fff80d8                SO_SPEED_signal
                0x1fff80e4                SO_ENGINESIGNAL_signal
                0x1fff80f0                SO_BRAKELIGHT_signal
 .data          0x1fff80fc        0x2 .\CortexM3\ARM_GCC_541\Debug\Lab01.a(JOYSTICK_ADC_XY.o)
 *fill*         0x1fff80fe        0x2 
 .data          0x1fff8100      0x134 .\CortexM3\ARM_GCC_541\Debug\Lab01.a(ErikaOS_1_eecfg.o)
                0x1fff8100                EE_ALARM_NAME
                0x1fff8104                EE_counter_RAM
                0x1fff810c                EE_th_terminate_nextask
                0x1fff8120                EE_rq_pairs_next
                0x1fff8134                EE_rq_link
                0x1fff8148                EE_th_rnact
                0x1fff815c                EE_rq_queues_tail
                0x1fff819c                EE_rq_queues_head
                0x1fff81dc                EE_stkfirst
                0x1fff81e0                EE_th_next
                0x1fff81f4                EE_th_status
                0x1fff8208                EE_EVENT_NAME
                0x1fff8210                EE_TASK_NAME
                0x1fff8224                EE_cortex_mx_IRQ_tos
                0x1fff8228                EE_cortex_mx_system_tos
 .data          0x1fff8234        0x1 .\CortexM3\ARM_GCC_541\Debug\Lab01.a(JOYSTICK_ADC_XY_TempBuf_dma.o)
                0x1fff8234                JOYSTICK_ADC_XY_TempBuf_DmaHandle
 .data          0x1fff8235        0x1 .\CortexM3\ARM_GCC_541\Debug\Lab01.a(JOYSTICK_ADC_XY_FinalBuf_dma.o)
                0x1fff8235                JOYSTICK_ADC_XY_FinalBuf_DmaHandle
 *fill*         0x1fff8236        0x2 
 .data          0x1fff8238        0x8 .\CortexM3\ARM_GCC_541\Debug\Lab01.a(CyDmac.o)
 .data          0x1fff8240       0x10 .\CortexM3\ARM_GCC_541\Debug\Lab01.a(CyLib.o)
                0x1fff8240                cydelay_32k_ms
                0x1fff8244                cydelay_freq_khz
                0x1fff8248                cydelay_freq_mhz
                0x1fff824c                cydelay_freq_hz
 .data          0x1fff8250        0x4 .\CortexM3\ARM_GCC_541\Debug\Lab01.a(ErikaOS_1_ee_gnu_irq_stack.o)
 .data.impure_data
                0x1fff8254       0x60 c:/program files (x86)/cypress/psoc creator/4.4/psoc creator/import/gnu/arm/5.4.1/bin/../lib/gcc/arm-none-eabi/5.4.1/../../../../arm-none-eabi/lib/armv7-m\libg_nano.a(lib_a-impure.o)
 .data._impure_ptr
                0x1fff82b4        0x4 c:/program files (x86)/cypress/psoc creator/4.4/psoc creator/import/gnu/arm/5.4.1/bin/../lib/gcc/arm-none-eabi/5.4.1/../../../../arm-none-eabi/lib/armv7-m\libg_nano.a(lib_a-impure.o)
                0x1fff82b4                _impure_ptr
                0x1fff82b8                . = ALIGN (0x8)
 *(.ram)
                0x1fff82b8                _edata = .

.igot.plt       0x1fff82b8        0x0 load address 0x00002b58
 .igot.plt      0x1fff82b8        0x0 c:/program files (x86)/cypress/psoc creator/4.4/psoc creator/import/gnu/arm/5.4.1/bin/../lib/gcc/arm-none-eabi/5.4.1/armv7-m/crtbegin.o

.bss            0x1fff82b8      0xab8 load address 0x00002b58
                0x1fff82b8                PROVIDE (__bss_start__, .)
 *(.shbss)
 *(.bss .bss.* .gnu.linkonce.b.*)
 .bss           0x1fff82b8       0x1c c:/program files (x86)/cypress/psoc creator/4.4/psoc creator/import/gnu/arm/5.4.1/bin/../lib/gcc/arm-none-eabi/5.4.1/armv7-m/crtbegin.o
 .bss           0x1fff82d4        0x4 .\CortexM3\ARM_GCC_541\Debug\tsk_io.o
 .bss           0x1fff82d8        0x1 .\CortexM3\ARM_GCC_541\Debug\WatchDogTimer.o
 *fill*         0x1fff82d9        0x3 
 .bss           0x1fff82dc        0x3 .\CortexM3\ARM_GCC_541\Debug\led.o
 *fill*         0x1fff82df        0x1 
 .bss           0x1fff82e0        0xc .\CortexM3\ARM_GCC_541\Debug\Lab01.a(JOYSTICK_ADC_XY.o)
                0x1fff82e8                JOYSTICK_ADC_XY_initVar
 .bss           0x1fff82ec        0x1 .\CortexM3\ARM_GCC_541\Debug\Lab01.a(RGB_PWM_red.o)
                0x1fff82ec                RGB_PWM_red_initVar
 .bss           0x1fff82ed        0x1 .\CortexM3\ARM_GCC_541\Debug\Lab01.a(RGB_PWM_green.o)
                0x1fff82ed                RGB_PWM_green_initVar
 .bss           0x1fff82ee        0x1 .\CortexM3\ARM_GCC_541\Debug\Lab01.a(RGB_PWM_blue.o)
                0x1fff82ee                RGB_PWM_blue_initVar
 *fill*         0x1fff82ef        0x1 
 .bss           0x1fff82f0       0x4c .\CortexM3\ARM_GCC_541\Debug\Lab01.a(ErikaOS_1_eecfg.o)
                0x1fff82f0                EE_th_waswaiting
                0x1fff8304                EE_th_event_waitmask
                0x1fff8318                EE_th_event_active
                0x1fff832c                EE_rq_free
                0x1fff8330                EE_rq_bitmask
                0x1fff8334                EE_sys_ceiling
                0x1fff8338                EE_cortex_mx_active_tos
 .bss           0x1fff833c        0x2 .\CortexM3\ARM_GCC_541\Debug\Lab01.a(UART_LOG.o)
                0x1fff833c                UART_LOG_initVar
 .bss           0x1fff833e        0x1 .\CortexM3\ARM_GCC_541\Debug\Lab01.a(JOYSTICK_ADC_XY_SAR.o)
                0x1fff833e                JOYSTICK_ADC_XY_SAR_initVar
 *(COMMON)
 *fill*         0x1fff833f        0x1 
 COMMON         0x1fff8340        0x4 .\CortexM3\ARM_GCC_541\Debug\Lab01.a(JOYSTICK_ADC_XY.o)
                0x1fff8340                JOYSTICK_ADC_XY_finalArray
 COMMON         0x1fff8344        0x8 .\CortexM3\ARM_GCC_541\Debug\Lab01.a(ErikaOS_1_ee_lookup.o)
                0x1fff8344                EE_oo_IRQ_disable_count
                0x1fff8348                EE_oo_IRQ_suspend_status
 COMMON         0x1fff834c        0x4 .\CortexM3\ARM_GCC_541\Debug\Lab01.a(ErikaOS_1_ee_startos.o)
                0x1fff834c                EE_oo_started
 COMMON         0x1fff8350        0x8 .\CortexM3\ARM_GCC_541\Debug\Lab01.a(ErikaOS_1_common_ee_hal_structs.o)
                0x1fff8350                EE_IRQ_nesting_level
                0x1fff8354                EE_std_endcycle_next_tid
 COMMON         0x1fff8358      0xa0c .\CortexM3\ARM_GCC_541\Debug\Lab01.a(ErikaOS_1_eecfg.o)
                0x1fff8358                EE_rq_pairs_tid
                0x1fff836c                EE_terminate_data
                0x1fff8380                EE_oo_counter_object_RAM
                0x1fff8390                EE_cortex_mx_stack_5
                0x1fff8778                EE_ApplicationMode
                0x1fff877c                EE_cortex_mx_stack_4
                0x1fff8b64                EE_cortex_mx_stack_9
 COMMON         0x1fff8d64        0xc .\CortexM3\ARM_GCC_541\Debug\Lab01.a(JOYSTICK_ADC_XY_SAR.o)
                0x1fff8d64                JOYSTICK_ADC_XY_SAR_offset
                0x1fff8d66                JOYSTICK_ADC_XY_SAR_countsPerVolt
                0x1fff8d68                JOYSTICK_ADC_XY_SAR_shift
                0x1fff8d6c                JOYSTICK_ADC_XY_SAR_countsPer10Volt
                0x1fff8d70                . = ALIGN (0x8)
 *(.ram.b)
                0x1fff8d70                _end = .
                0x1fff8d70                __end = .
                0x1fff8d70                PROVIDE (end, .)
                0x1fff8d70                PROVIDE (__bss_end__, .)
                0x00002968                __cy_region_init_ram = LOADADDR (.data)
                0x000001f0                __cy_region_init_size_ram = (_edata - ADDR (.data))
                0x00000ab8                __cy_region_zero_size_ram = (_end - _edata)

.heap           0x1fff8d70       0x80 load address 0x00002b58
                0x1fff8d70                . = _end
                0x1fff8df0                . = (. + 0x80)
 *fill*         0x1fff8d70       0x80 
                0x1fff8df0                __cy_heap_limit = .

.stack          0x20007800      0x800
                0x20007800                __cy_stack_limit = .
                0x20008000                . = (. + 0x800)
 *fill*         0x20007800      0x800 
                0x00000001                ASSERT ((__cy_stack_limit >= __cy_heap_limit), region RAM overflowed with stack)
                0x00000000                cy_checksum_exclude_size = (CY_APPL_LOADABLE == 0x1)?SIZEOF (.cy_checksum_exclude):0x0
                0x00000001                ASSERT ((cy_checksum_exclude_size <= CY_CHECKSUM_EXCLUDE_SIZE), CY_BOOT: Section .cy_checksum_exclude size exceedes specified limit.)

.cyloadermeta
 *(.cyloadermeta)

.cyloadablemeta
 *(.cyloadablemeta)

.cyconfigecc    0x80000000      0xa04
 *(.cyconfigecc)
 .cyconfigecc   0x80000000      0xa04 .\CortexM3\ARM_GCC_541\Debug\cymetadata.o
                0x80000000                cy_meta_configecc

.cycustnvl      0x90000000        0x4
 *(.cycustnvl)
 .cycustnvl     0x90000000        0x4 .\CortexM3\ARM_GCC_541\Debug\cymetadata.o
                0x90000000                cy_meta_custnvl

.cywolatch      0x90100000        0x4
 *(.cywolatch)
 .cywolatch     0x90100000        0x4 .\CortexM3\ARM_GCC_541\Debug\cymetadata.o
                0x90100000                cy_meta_wonvl

.cyeeprom       0x90200000        0x0
 *(.cyeeprom)
                0x00000001                ASSERT ((. <= ((0x90200000 + ee_offset) + ee_size)), .cyeeprom data will not fit in EEPROM)

.cyflashprotect
                0x90400000      0x100
 *(.cyflashprotect)
 .cyflashprotect
                0x90400000      0x100 .\CortexM3\ARM_GCC_541\Debug\cymetadata.o
                0x90400000                cy_meta_flashprotect

.cymeta         0x90500000        0xc
 *(.cymeta)
 .cymeta        0x90500000        0xc .\CortexM3\ARM_GCC_541\Debug\cymetadata.o
                0x90500000                cy_metadata

.rel.dyn        0x00002b58        0x0 load address 0x9050000c
 .rel.iplt      0x00002b58        0x0 c:/program files (x86)/cypress/psoc creator/4.4/psoc creator/import/gnu/arm/5.4.1/bin/../lib/gcc/arm-none-eabi/5.4.1/armv7-m/crtbegin.o

.stab
 *(.stab)

.stabstr
 *(.stabstr)

.debug
 *(.debug)

.line
 *(.line)

.debug_srcinfo
 *(.debug_srcinfo)

.debug_sfnames
 *(.debug_sfnames)

.debug_aranges  0x00000000     0x1288
 *(.debug_aranges)
 .debug_aranges
                0x00000000       0x50 .\CortexM3\ARM_GCC_541\Debug\main.o
 .debug_aranges
                0x00000050       0x20 .\CortexM3\ARM_GCC_541\Debug\swc_brakelight.o
 .debug_aranges
                0x00000070       0x20 .\CortexM3\ARM_GCC_541\Debug\swc_control.o
 .debug_aranges
                0x00000090       0x20 .\CortexM3\ARM_GCC_541\Debug\swc_engine.o
 .debug_aranges
                0x000000b0       0x20 .\CortexM3\ARM_GCC_541\Debug\swc_remote.o
 .debug_aranges
                0x000000d0       0x20 .\CortexM3\ARM_GCC_541\Debug\tsk_brakelight.o
 .debug_aranges
                0x000000f0       0x20 .\CortexM3\ARM_GCC_541\Debug\tsk_control.o
 .debug_aranges
                0x00000110       0x20 .\CortexM3\ARM_GCC_541\Debug\tsk_io.o
 .debug_aranges
                0x00000130       0x38 .\CortexM3\ARM_GCC_541\Debug\WatchDogTimer.o
 .debug_aranges
                0x00000168       0x28 .\CortexM3\ARM_GCC_541\Debug\joystick.o
 .debug_aranges
                0x00000190       0x38 .\CortexM3\ARM_GCC_541\Debug\led.o
 .debug_aranges
                0x000001c8       0x28 .\CortexM3\ARM_GCC_541\Debug\rte.o
 .debug_aranges
                0x000001f0       0x20 .\CortexM3\ARM_GCC_541\Debug\sc_joystick_type.o
 .debug_aranges
                0x00000210       0x20 .\CortexM3\ARM_GCC_541\Debug\sc_speed_type.o
 .debug_aranges
                0x00000230       0x28 .\CortexM3\ARM_GCC_541\Debug\sp_common.o
 .debug_aranges
                0x00000258       0x58 .\CortexM3\ARM_GCC_541\Debug\cyfitter_cfg.o
 .debug_aranges
                0x000002b0       0x18 .\CortexM3\ARM_GCC_541\Debug\cymetadata.o
 .debug_aranges
                0x000002c8       0x48 .\CortexM3\ARM_GCC_541\Debug\Cm3Start.o
 .debug_aranges
                0x00000310       0xa0 .\CortexM3\ARM_GCC_541\Debug\Lab01.a(JOYSTICK_ADC_XY.o)
 .debug_aranges
                0x000003b0       0x20 .\CortexM3\ARM_GCC_541\Debug\Lab01.a(JOYSTICK_ADC_XY_INT.o)
 .debug_aranges
                0x000003d0       0x38 .\CortexM3\ARM_GCC_541\Debug\Lab01.a(LED_red.o)
 .debug_aranges
                0x00000408       0x38 .\CortexM3\ARM_GCC_541\Debug\Lab01.a(LED_yellow.o)
 .debug_aranges
                0x00000440       0x38 .\CortexM3\ARM_GCC_541\Debug\Lab01.a(LED_green.o)
 .debug_aranges
                0x00000478       0x80 .\CortexM3\ARM_GCC_541\Debug\Lab01.a(RGB_PWM_red.o)
 .debug_aranges
                0x000004f8       0x80 .\CortexM3\ARM_GCC_541\Debug\Lab01.a(RGB_PWM_green.o)
 .debug_aranges
                0x00000578       0x80 .\CortexM3\ARM_GCC_541\Debug\Lab01.a(RGB_PWM_blue.o)
 .debug_aranges
                0x000005f8       0x20 .\CortexM3\ARM_GCC_541\Debug\Lab01.a(ErikaOS_1_ee_activate.o)
 .debug_aranges
                0x00000618       0x20 .\CortexM3\ARM_GCC_541\Debug\Lab01.a(ErikaOS_1_ee_alsetrel.o)
 .debug_aranges
                0x00000638       0x58 .\CortexM3\ARM_GCC_541\Debug\Lab01.a(ErikaOS_1_ee_altick.o)
 .debug_aranges
                0x00000690       0x20 .\CortexM3\ARM_GCC_541\Debug\Lab01.a(ErikaOS_1_ee_evclear.o)
 .debug_aranges
                0x000006b0       0x20 .\CortexM3\ARM_GCC_541\Debug\Lab01.a(ErikaOS_1_ee_evget.o)
 .debug_aranges
                0x000006d0       0x20 .\CortexM3\ARM_GCC_541\Debug\Lab01.a(ErikaOS_1_ee_evset.o)
 .debug_aranges
                0x000006f0       0x20 .\CortexM3\ARM_GCC_541\Debug\Lab01.a(ErikaOS_1_ee_evwait.o)
 .debug_aranges
                0x00000710       0x30 .\CortexM3\ARM_GCC_541\Debug\Lab01.a(ErikaOS_1_ee_irqendin.o)
 .debug_aranges
                0x00000740       0x18 .\CortexM3\ARM_GCC_541\Debug\Lab01.a(ErikaOS_1_ee_lookup.o)
 .debug_aranges
                0x00000758       0x20 .\CortexM3\ARM_GCC_541\Debug\Lab01.a(ErikaOS_1_ee_rq_exchg.o)
 .debug_aranges
                0x00000778       0x20 .\CortexM3\ARM_GCC_541\Debug\Lab01.a(ErikaOS_1_ee_rq_first.o)
 .debug_aranges
                0x00000798       0x20 .\CortexM3\ARM_GCC_541\Debug\Lab01.a(ErikaOS_1_ee_rq_inser.o)
 .debug_aranges
                0x000007b8       0x30 .\CortexM3\ARM_GCC_541\Debug\Lab01.a(ErikaOS_1_ee_shtdown.o)
 .debug_aranges
                0x000007e8       0x40 .\CortexM3\ARM_GCC_541\Debug\Lab01.a(ErikaOS_1_ee_startos.o)
 .debug_aranges
                0x00000828       0x20 .\CortexM3\ARM_GCC_541\Debug\Lab01.a(ErikaOS_1_ee_terminat.o)
 .debug_aranges
                0x00000848       0x20 .\CortexM3\ARM_GCC_541\Debug\Lab01.a(ErikaOS_1_cortex_mx_ee_utils.o)
 .debug_aranges
                0x00000868       0x18 .\CortexM3\ARM_GCC_541\Debug\Lab01.a(ErikaOS_1_common_ee_hal_structs.o)
 .debug_aranges
                0x00000880       0x18 .\CortexM3\ARM_GCC_541\Debug\Lab01.a(ErikaOS_1_eecfg.o)
 .debug_aranges
                0x00000898       0xf0 .\CortexM3\ARM_GCC_541\Debug\Lab01.a(UART_LOG.o)
 .debug_aranges
                0x00000988       0xa8 .\CortexM3\ARM_GCC_541\Debug\Lab01.a(JOYSTICK_ADC_XY_SAR.o)
 .debug_aranges
                0x00000a30       0x28 .\CortexM3\ARM_GCC_541\Debug\Lab01.a(JOYSTICK_ADC_XY_TempBuf_dma.o)
 .debug_aranges
                0x00000a58       0x28 .\CortexM3\ARM_GCC_541\Debug\Lab01.a(JOYSTICK_ADC_XY_FinalBuf_dma.o)
 .debug_aranges
                0x00000a80       0x80 .\CortexM3\ARM_GCC_541\Debug\Lab01.a(JOYSTICK_ADC_XY_IRQ.o)
 .debug_aranges
                0x00000b00       0x70 .\CortexM3\ARM_GCC_541\Debug\Lab01.a(UART_LOG_IntClock.o)
 .debug_aranges
                0x00000b70       0xd8 .\CortexM3\ARM_GCC_541\Debug\Lab01.a(CyDmac.o)
 .debug_aranges
                0x00000c48      0x2a0 .\CortexM3\ARM_GCC_541\Debug\Lab01.a(CyLib.o)
 .debug_aranges
                0x00000ee8       0x98 .\CortexM3\ARM_GCC_541\Debug\Lab01.a(cyPm.o)
 .debug_aranges
                0x00000f80       0x48 .\CortexM3\ARM_GCC_541\Debug\Lab01.a(WD_Button.o)
 .debug_aranges
                0x00000fc8       0x80 .\CortexM3\ARM_GCC_541\Debug\Lab01.a(isr_Button.o)
 .debug_aranges
                0x00001048       0x20 .\CortexM3\ARM_GCC_541\Debug\Lab01.a(ErikaOS_1_ee_gnu_change_context_isr.o)
 .debug_aranges
                0x00001068       0x20 .\CortexM3\ARM_GCC_541\Debug\Lab01.a(ErikaOS_1_ee_gnu_irq_stack.o)
 .debug_aranges
                0x00001088       0x20 .\CortexM3\ARM_GCC_541\Debug\Lab01.a(ErikaOS_1_ee_gnu_multi_context.o)
 .debug_aranges
                0x000010a8       0x20 .\CortexM3\ARM_GCC_541\Debug\Lab01.a(ErikaOS_1_ee_gnu_oo.o)
 .debug_aranges
                0x000010c8       0x20 .\CortexM3\ARM_GCC_541\Debug\Lab01.a(CyBootAsmGnu.o)
 .debug_aranges
                0x000010e8       0x20 .\CortexM3\ARM_GCC_541\Debug\Lab01.a(ErikaOS_1_ee_tnterm.o)
 .debug_aranges
                0x00001108       0x20 .\CortexM3\ARM_GCC_541\Debug\Lab01.a(ErikaOS_1_ee_tstub.o)
 .debug_aranges
                0x00001128       0x28 .\CortexM3\ARM_GCC_541\Debug\Lab01.a(ErikaOS_1_cortex_mx_ee_context.o)
 .debug_aranges
                0x00001150       0x88 .\CortexM3\ARM_GCC_541\Debug\Lab01.a(CyFlash.o)
 .debug_aranges
                0x000011d8       0x80 .\CortexM3\ARM_GCC_541\Debug\Lab01.a(CySpc.o)
 .debug_aranges
                0x00001258       0x30 .\CortexM3\ARM_GCC_541\Debug\Lab01.a(ErikaOS_1_ee_thendin.o)

.debug_pubnames
 *(.debug_pubnames)

.debug_info     0x00000000    0x14f29
 *(.debug_info .gnu.linkonce.wi.*)
 .debug_info    0x00000000      0x6d3 .\CortexM3\ARM_GCC_541\Debug\main.o
 .debug_info    0x000006d3      0x62e .\CortexM3\ARM_GCC_541\Debug\swc_brakelight.o
 .debug_info    0x00000d01      0x761 .\CortexM3\ARM_GCC_541\Debug\swc_control.o
 .debug_info    0x00001462      0x692 .\CortexM3\ARM_GCC_541\Debug\swc_engine.o
 .debug_info    0x00001af4      0x6a1 .\CortexM3\ARM_GCC_541\Debug\swc_remote.o
 .debug_info    0x00002195      0x30a .\CortexM3\ARM_GCC_541\Debug\tsk_brakelight.o
 .debug_info    0x0000249f      0x30a .\CortexM3\ARM_GCC_541\Debug\tsk_control.o
 .debug_info    0x000027a9      0x252 .\CortexM3\ARM_GCC_541\Debug\tsk_io.o
 .debug_info    0x000029fb      0x2f9 .\CortexM3\ARM_GCC_541\Debug\WatchDogTimer.o
 .debug_info    0x00002cf4      0x2de .\CortexM3\ARM_GCC_541\Debug\joystick.o
 .debug_info    0x00002fd2      0x58b .\CortexM3\ARM_GCC_541\Debug\led.o
 .debug_info    0x0000355d      0x375 .\CortexM3\ARM_GCC_541\Debug\rte.o
 .debug_info    0x000038d2      0x27c .\CortexM3\ARM_GCC_541\Debug\sc_joystick_type.o
 .debug_info    0x00003b4e      0x2b6 .\CortexM3\ARM_GCC_541\Debug\sc_speed_type.o
 .debug_info    0x00003e04      0x885 .\CortexM3\ARM_GCC_541\Debug\sp_common.o
 .debug_info    0x00004689      0x634 .\CortexM3\ARM_GCC_541\Debug\cyfitter_cfg.o
 .debug_info    0x00004cbd      0x139 .\CortexM3\ARM_GCC_541\Debug\cymetadata.o
 .debug_info    0x00004df6      0x3cf .\CortexM3\ARM_GCC_541\Debug\Cm3Start.o
 .debug_info    0x000051c5      0x6f2 .\CortexM3\ARM_GCC_541\Debug\Lab01.a(JOYSTICK_ADC_XY.o)
 .debug_info    0x000058b7       0xa0 .\CortexM3\ARM_GCC_541\Debug\Lab01.a(JOYSTICK_ADC_XY_INT.o)
 .debug_info    0x00005957      0x11f .\CortexM3\ARM_GCC_541\Debug\Lab01.a(LED_red.o)
 .debug_info    0x00005a76      0x11f .\CortexM3\ARM_GCC_541\Debug\Lab01.a(LED_yellow.o)
 .debug_info    0x00005b95      0x11f .\CortexM3\ARM_GCC_541\Debug\Lab01.a(LED_green.o)
 .debug_info    0x00005cb4      0x295 .\CortexM3\ARM_GCC_541\Debug\Lab01.a(RGB_PWM_red.o)
 .debug_info    0x00005f49      0x295 .\CortexM3\ARM_GCC_541\Debug\Lab01.a(RGB_PWM_green.o)
 .debug_info    0x000061de      0x295 .\CortexM3\ARM_GCC_541\Debug\Lab01.a(RGB_PWM_blue.o)
 .debug_info    0x00006473      0x80d .\CortexM3\ARM_GCC_541\Debug\Lab01.a(ErikaOS_1_ee_activate.o)
 .debug_info    0x00006c80      0x5e5 .\CortexM3\ARM_GCC_541\Debug\Lab01.a(ErikaOS_1_ee_alsetrel.o)
 .debug_info    0x00007265      0xc3b .\CortexM3\ARM_GCC_541\Debug\Lab01.a(ErikaOS_1_ee_altick.o)
 .debug_info    0x00007ea0      0x5a7 .\CortexM3\ARM_GCC_541\Debug\Lab01.a(ErikaOS_1_ee_evclear.o)
 .debug_info    0x00008447      0x4ca .\CortexM3\ARM_GCC_541\Debug\Lab01.a(ErikaOS_1_ee_evget.o)
 .debug_info    0x00008911      0x7c3 .\CortexM3\ARM_GCC_541\Debug\Lab01.a(ErikaOS_1_ee_evset.o)
 .debug_info    0x000090d4      0x84e .\CortexM3\ARM_GCC_541\Debug\Lab01.a(ErikaOS_1_ee_evwait.o)
 .debug_info    0x00009922      0x5cb .\CortexM3\ARM_GCC_541\Debug\Lab01.a(ErikaOS_1_ee_irqendin.o)
 .debug_info    0x00009eed      0x3d0 .\CortexM3\ARM_GCC_541\Debug\Lab01.a(ErikaOS_1_ee_lookup.o)
 .debug_info    0x0000a2bd      0x46f .\CortexM3\ARM_GCC_541\Debug\Lab01.a(ErikaOS_1_ee_rq_exchg.o)
 .debug_info    0x0000a72c      0x421 .\CortexM3\ARM_GCC_541\Debug\Lab01.a(ErikaOS_1_ee_rq_first.o)
 .debug_info    0x0000ab4d      0x475 .\CortexM3\ARM_GCC_541\Debug\Lab01.a(ErikaOS_1_ee_rq_inser.o)
 .debug_info    0x0000afc2      0x4f5 .\CortexM3\ARM_GCC_541\Debug\Lab01.a(ErikaOS_1_ee_shtdown.o)
 .debug_info    0x0000b4b7     0x2040 .\CortexM3\ARM_GCC_541\Debug\Lab01.a(ErikaOS_1_ee_startos.o)
 .debug_info    0x0000d4f7      0x589 .\CortexM3\ARM_GCC_541\Debug\Lab01.a(ErikaOS_1_ee_terminat.o)
 .debug_info    0x0000da80      0x4cc .\CortexM3\ARM_GCC_541\Debug\Lab01.a(ErikaOS_1_cortex_mx_ee_utils.o)
 .debug_info    0x0000df4c      0x3cb .\CortexM3\ARM_GCC_541\Debug\Lab01.a(ErikaOS_1_common_ee_hal_structs.o)
 .debug_info    0x0000e317      0x8c7 .\CortexM3\ARM_GCC_541\Debug\Lab01.a(ErikaOS_1_eecfg.o)
 .debug_info    0x0000ebde      0x60c .\CortexM3\ARM_GCC_541\Debug\Lab01.a(UART_LOG.o)
 .debug_info    0x0000f1ea      0x544 .\CortexM3\ARM_GCC_541\Debug\Lab01.a(JOYSTICK_ADC_XY_SAR.o)
 .debug_info    0x0000f72e      0x1a8 .\CortexM3\ARM_GCC_541\Debug\Lab01.a(JOYSTICK_ADC_XY_TempBuf_dma.o)
 .debug_info    0x0000f8d6      0x1aa .\CortexM3\ARM_GCC_541\Debug\Lab01.a(JOYSTICK_ADC_XY_FinalBuf_dma.o)
 .debug_info    0x0000fa80      0x2d2 .\CortexM3\ARM_GCC_541\Debug\Lab01.a(JOYSTICK_ADC_XY_IRQ.o)
 .debug_info    0x0000fd52      0x283 .\CortexM3\ARM_GCC_541\Debug\Lab01.a(UART_LOG_IntClock.o)
 .debug_info    0x0000ffd5      0x94e .\CortexM3\ARM_GCC_541\Debug\Lab01.a(CyDmac.o)
 .debug_info    0x00010923     0x1374 .\CortexM3\ARM_GCC_541\Debug\Lab01.a(CyLib.o)
 .debug_info    0x00011c97      0xa2a .\CortexM3\ARM_GCC_541\Debug\Lab01.a(cyPm.o)
 .debug_info    0x000126c1      0x174 .\CortexM3\ARM_GCC_541\Debug\Lab01.a(WD_Button.o)
 .debug_info    0x00012835      0x2d2 .\CortexM3\ARM_GCC_541\Debug\Lab01.a(isr_Button.o)
 .debug_info    0x00012b07       0xcc .\CortexM3\ARM_GCC_541\Debug\Lab01.a(ErikaOS_1_ee_gnu_change_context_isr.o)
 .debug_info    0x00012bd3       0xc3 .\CortexM3\ARM_GCC_541\Debug\Lab01.a(ErikaOS_1_ee_gnu_irq_stack.o)
 .debug_info    0x00012c96       0xc7 .\CortexM3\ARM_GCC_541\Debug\Lab01.a(ErikaOS_1_ee_gnu_multi_context.o)
 .debug_info    0x00012d5d       0xbc .\CortexM3\ARM_GCC_541\Debug\Lab01.a(ErikaOS_1_ee_gnu_oo.o)
 .debug_info    0x00012e19       0xb5 .\CortexM3\ARM_GCC_541\Debug\Lab01.a(CyBootAsmGnu.o)
 .debug_info    0x00012ece      0x43d .\CortexM3\ARM_GCC_541\Debug\Lab01.a(ErikaOS_1_ee_tnterm.o)
 .debug_info    0x0001330b      0x487 .\CortexM3\ARM_GCC_541\Debug\Lab01.a(ErikaOS_1_ee_tstub.o)
 .debug_info    0x00013792      0x501 .\CortexM3\ARM_GCC_541\Debug\Lab01.a(ErikaOS_1_cortex_mx_ee_context.o)
 .debug_info    0x00013c93      0x64d .\CortexM3\ARM_GCC_541\Debug\Lab01.a(CyFlash.o)
 .debug_info    0x000142e0      0x550 .\CortexM3\ARM_GCC_541\Debug\Lab01.a(CySpc.o)
 .debug_info    0x00014830      0x6f9 .\CortexM3\ARM_GCC_541\Debug\Lab01.a(ErikaOS_1_ee_thendin.o)

.debug_abbrev   0x00000000     0x5d7a
 *(.debug_abbrev)
 .debug_abbrev  0x00000000      0x218 .\CortexM3\ARM_GCC_541\Debug\main.o
 .debug_abbrev  0x00000218      0x1f9 .\CortexM3\ARM_GCC_541\Debug\swc_brakelight.o
 .debug_abbrev  0x00000411      0x204 .\CortexM3\ARM_GCC_541\Debug\swc_control.o
 .debug_abbrev  0x00000615      0x226 .\CortexM3\ARM_GCC_541\Debug\swc_engine.o
 .debug_abbrev  0x0000083b      0x250 .\CortexM3\ARM_GCC_541\Debug\swc_remote.o
 .debug_abbrev  0x00000a8b      0x170 .\CortexM3\ARM_GCC_541\Debug\tsk_brakelight.o
 .debug_abbrev  0x00000bfb      0x170 .\CortexM3\ARM_GCC_541\Debug\tsk_control.o
 .debug_abbrev  0x00000d6b      0x139 .\CortexM3\ARM_GCC_541\Debug\tsk_io.o
 .debug_abbrev  0x00000ea4      0x13e .\CortexM3\ARM_GCC_541\Debug\WatchDogTimer.o
 .debug_abbrev  0x00000fe2      0x11e .\CortexM3\ARM_GCC_541\Debug\joystick.o
 .debug_abbrev  0x00001100      0x1c5 .\CortexM3\ARM_GCC_541\Debug\led.o
 .debug_abbrev  0x000012c5      0x16b .\CortexM3\ARM_GCC_541\Debug\rte.o
 .debug_abbrev  0x00001430      0x10f .\CortexM3\ARM_GCC_541\Debug\sc_joystick_type.o
 .debug_abbrev  0x0000153f      0x127 .\CortexM3\ARM_GCC_541\Debug\sc_speed_type.o
 .debug_abbrev  0x00001666      0x1df .\CortexM3\ARM_GCC_541\Debug\sp_common.o
 .debug_abbrev  0x00001845      0x20d .\CortexM3\ARM_GCC_541\Debug\cyfitter_cfg.o
 .debug_abbrev  0x00001a52       0x77 .\CortexM3\ARM_GCC_541\Debug\cymetadata.o
 .debug_abbrev  0x00001ac9      0x1e8 .\CortexM3\ARM_GCC_541\Debug\Cm3Start.o
 .debug_abbrev  0x00001cb1      0x13e .\CortexM3\ARM_GCC_541\Debug\Lab01.a(JOYSTICK_ADC_XY.o)
 .debug_abbrev  0x00001def       0x42 .\CortexM3\ARM_GCC_541\Debug\Lab01.a(JOYSTICK_ADC_XY_INT.o)
 .debug_abbrev  0x00001e31       0x90 .\CortexM3\ARM_GCC_541\Debug\Lab01.a(LED_red.o)
 .debug_abbrev  0x00001ec1       0x90 .\CortexM3\ARM_GCC_541\Debug\Lab01.a(LED_yellow.o)
 .debug_abbrev  0x00001f51       0x90 .\CortexM3\ARM_GCC_541\Debug\Lab01.a(LED_green.o)
 .debug_abbrev  0x00001fe1      0x12d .\CortexM3\ARM_GCC_541\Debug\Lab01.a(RGB_PWM_red.o)
 .debug_abbrev  0x0000210e      0x12d .\CortexM3\ARM_GCC_541\Debug\Lab01.a(RGB_PWM_green.o)
 .debug_abbrev  0x0000223b      0x12d .\CortexM3\ARM_GCC_541\Debug\Lab01.a(RGB_PWM_blue.o)
 .debug_abbrev  0x00002368      0x284 .\CortexM3\ARM_GCC_541\Debug\Lab01.a(ErikaOS_1_ee_activate.o)
 .debug_abbrev  0x000025ec      0x1f7 .\CortexM3\ARM_GCC_541\Debug\Lab01.a(ErikaOS_1_ee_alsetrel.o)
 .debug_abbrev  0x000027e3      0x362 .\CortexM3\ARM_GCC_541\Debug\Lab01.a(ErikaOS_1_ee_altick.o)
 .debug_abbrev  0x00002b45      0x1e0 .\CortexM3\ARM_GCC_541\Debug\Lab01.a(ErikaOS_1_ee_evclear.o)
 .debug_abbrev  0x00002d25      0x150 .\CortexM3\ARM_GCC_541\Debug\Lab01.a(ErikaOS_1_ee_evget.o)
 .debug_abbrev  0x00002e75      0x27f .\CortexM3\ARM_GCC_541\Debug\Lab01.a(ErikaOS_1_ee_evset.o)
 .debug_abbrev  0x000030f4      0x25d .\CortexM3\ARM_GCC_541\Debug\Lab01.a(ErikaOS_1_ee_evwait.o)
 .debug_abbrev  0x00003351      0x1da .\CortexM3\ARM_GCC_541\Debug\Lab01.a(ErikaOS_1_ee_irqendin.o)
 .debug_abbrev  0x0000352b       0xcf .\CortexM3\ARM_GCC_541\Debug\Lab01.a(ErikaOS_1_ee_lookup.o)
 .debug_abbrev  0x000035fa       0xfc .\CortexM3\ARM_GCC_541\Debug\Lab01.a(ErikaOS_1_ee_rq_exchg.o)
 .debug_abbrev  0x000036f6       0xed .\CortexM3\ARM_GCC_541\Debug\Lab01.a(ErikaOS_1_ee_rq_first.o)
 .debug_abbrev  0x000037e3      0x109 .\CortexM3\ARM_GCC_541\Debug\Lab01.a(ErikaOS_1_ee_rq_inser.o)
 .debug_abbrev  0x000038ec      0x193 .\CortexM3\ARM_GCC_541\Debug\Lab01.a(ErikaOS_1_ee_shtdown.o)
 .debug_abbrev  0x00003a7f      0x4a7 .\CortexM3\ARM_GCC_541\Debug\Lab01.a(ErikaOS_1_ee_startos.o)
 .debug_abbrev  0x00003f26      0x1de .\CortexM3\ARM_GCC_541\Debug\Lab01.a(ErikaOS_1_ee_terminat.o)
 .debug_abbrev  0x00004104      0x1ad .\CortexM3\ARM_GCC_541\Debug\Lab01.a(ErikaOS_1_cortex_mx_ee_utils.o)
 .debug_abbrev  0x000042b1       0xcf .\CortexM3\ARM_GCC_541\Debug\Lab01.a(ErikaOS_1_common_ee_hal_structs.o)
 .debug_abbrev  0x00004380      0x127 .\CortexM3\ARM_GCC_541\Debug\Lab01.a(ErikaOS_1_eecfg.o)
 .debug_abbrev  0x000044a7      0x175 .\CortexM3\ARM_GCC_541\Debug\Lab01.a(UART_LOG.o)
 .debug_abbrev  0x0000461c      0x1ac .\CortexM3\ARM_GCC_541\Debug\Lab01.a(JOYSTICK_ADC_XY_SAR.o)
 .debug_abbrev  0x000047c8       0xcd .\CortexM3\ARM_GCC_541\Debug\Lab01.a(JOYSTICK_ADC_XY_TempBuf_dma.o)
 .debug_abbrev  0x00004895       0xcd .\CortexM3\ARM_GCC_541\Debug\Lab01.a(JOYSTICK_ADC_XY_FinalBuf_dma.o)
 .debug_abbrev  0x00004962      0x173 .\CortexM3\ARM_GCC_541\Debug\Lab01.a(JOYSTICK_ADC_XY_IRQ.o)
 .debug_abbrev  0x00004ad5      0x139 .\CortexM3\ARM_GCC_541\Debug\Lab01.a(UART_LOG_IntClock.o)
 .debug_abbrev  0x00004c0e      0x1b2 .\CortexM3\ARM_GCC_541\Debug\Lab01.a(CyDmac.o)
 .debug_abbrev  0x00004dc0      0x254 .\CortexM3\ARM_GCC_541\Debug\Lab01.a(CyLib.o)
 .debug_abbrev  0x00005014      0x1ab .\CortexM3\ARM_GCC_541\Debug\Lab01.a(cyPm.o)
 .debug_abbrev  0x000051bf       0x90 .\CortexM3\ARM_GCC_541\Debug\Lab01.a(WD_Button.o)
 .debug_abbrev  0x0000524f      0x173 .\CortexM3\ARM_GCC_541\Debug\Lab01.a(isr_Button.o)
 .debug_abbrev  0x000053c2       0x14 .\CortexM3\ARM_GCC_541\Debug\Lab01.a(ErikaOS_1_ee_gnu_change_context_isr.o)
 .debug_abbrev  0x000053d6       0x14 .\CortexM3\ARM_GCC_541\Debug\Lab01.a(ErikaOS_1_ee_gnu_irq_stack.o)
 .debug_abbrev  0x000053ea       0x14 .\CortexM3\ARM_GCC_541\Debug\Lab01.a(ErikaOS_1_ee_gnu_multi_context.o)
 .debug_abbrev  0x000053fe       0x14 .\CortexM3\ARM_GCC_541\Debug\Lab01.a(ErikaOS_1_ee_gnu_oo.o)
 .debug_abbrev  0x00005412       0x14 .\CortexM3\ARM_GCC_541\Debug\Lab01.a(CyBootAsmGnu.o)
 .debug_abbrev  0x00005426      0x157 .\CortexM3\ARM_GCC_541\Debug\Lab01.a(ErikaOS_1_ee_tnterm.o)
 .debug_abbrev  0x0000557d      0x143 .\CortexM3\ARM_GCC_541\Debug\Lab01.a(ErikaOS_1_ee_tstub.o)
 .debug_abbrev  0x000056c0      0x156 .\CortexM3\ARM_GCC_541\Debug\Lab01.a(ErikaOS_1_cortex_mx_ee_context.o)
 .debug_abbrev  0x00005816      0x1a7 .\CortexM3\ARM_GCC_541\Debug\Lab01.a(CyFlash.o)
 .debug_abbrev  0x000059bd      0x194 .\CortexM3\ARM_GCC_541\Debug\Lab01.a(CySpc.o)
 .debug_abbrev  0x00005b51      0x229 .\CortexM3\ARM_GCC_541\Debug\Lab01.a(ErikaOS_1_ee_thendin.o)

.debug_line     0x00000000     0x816b
 *(.debug_line)
 .debug_line    0x00000000      0x472 .\CortexM3\ARM_GCC_541\Debug\main.o
 .debug_line    0x00000472      0x395 .\CortexM3\ARM_GCC_541\Debug\swc_brakelight.o
 .debug_line    0x00000807      0x3be .\CortexM3\ARM_GCC_541\Debug\swc_control.o
 .debug_line    0x00000bc5      0x39e .\CortexM3\ARM_GCC_541\Debug\swc_engine.o
 .debug_line    0x00000f63      0x39b .\CortexM3\ARM_GCC_541\Debug\swc_remote.o
 .debug_line    0x000012fe      0x288 .\CortexM3\ARM_GCC_541\Debug\tsk_brakelight.o
 .debug_line    0x00001586      0x285 .\CortexM3\ARM_GCC_541\Debug\tsk_control.o
 .debug_line    0x0000180b      0x284 .\CortexM3\ARM_GCC_541\Debug\tsk_io.o
 .debug_line    0x00001a8f      0x29a .\CortexM3\ARM_GCC_541\Debug\WatchDogTimer.o
 .debug_line    0x00001d29      0x250 .\CortexM3\ARM_GCC_541\Debug\joystick.o
 .debug_line    0x00001f79      0x35d .\CortexM3\ARM_GCC_541\Debug\led.o
 .debug_line    0x000022d6      0x295 .\CortexM3\ARM_GCC_541\Debug\rte.o
 .debug_line    0x0000256b        0x0 .\CortexM3\ARM_GCC_541\Debug\sc_joystick.o
 .debug_line    0x0000256b      0x260 .\CortexM3\ARM_GCC_541\Debug\sc_joystick_type.o
 .debug_line    0x000027cb        0x0 .\CortexM3\ARM_GCC_541\Debug\sc_speed.o
 .debug_line    0x000027cb      0x263 .\CortexM3\ARM_GCC_541\Debug\sc_speed_type.o
 .debug_line    0x00002a2e      0x363 .\CortexM3\ARM_GCC_541\Debug\sp_common.o
 .debug_line    0x00002d91      0x207 .\CortexM3\ARM_GCC_541\Debug\cyfitter_cfg.o
 .debug_line    0x00002f98      0x141 .\CortexM3\ARM_GCC_541\Debug\cymetadata.o
 .debug_line    0x000030d9      0x241 .\CortexM3\ARM_GCC_541\Debug\Cm3Start.o
 .debug_line    0x0000331a      0x23e .\CortexM3\ARM_GCC_541\Debug\Lab01.a(JOYSTICK_ADC_XY.o)
 .debug_line    0x00003558       0x5c .\CortexM3\ARM_GCC_541\Debug\Lab01.a(JOYSTICK_ADC_XY_INT.o)
 .debug_line    0x000035b4       0x94 .\CortexM3\ARM_GCC_541\Debug\Lab01.a(LED_red.o)
 .debug_line    0x00003648       0x97 .\CortexM3\ARM_GCC_541\Debug\Lab01.a(LED_yellow.o)
 .debug_line    0x000036df       0x96 .\CortexM3\ARM_GCC_541\Debug\Lab01.a(LED_green.o)
 .debug_line    0x00003775      0x143 .\CortexM3\ARM_GCC_541\Debug\Lab01.a(RGB_PWM_red.o)
 .debug_line    0x000038b8      0x145 .\CortexM3\ARM_GCC_541\Debug\Lab01.a(RGB_PWM_green.o)
 .debug_line    0x000039fd      0x144 .\CortexM3\ARM_GCC_541\Debug\Lab01.a(RGB_PWM_blue.o)
 .debug_line    0x00003b41      0x1fa .\CortexM3\ARM_GCC_541\Debug\Lab01.a(ErikaOS_1_ee_activate.o)
 .debug_line    0x00003d3b      0x1d1 .\CortexM3\ARM_GCC_541\Debug\Lab01.a(ErikaOS_1_ee_alsetrel.o)
 .debug_line    0x00003f0c      0x305 .\CortexM3\ARM_GCC_541\Debug\Lab01.a(ErikaOS_1_ee_altick.o)
 .debug_line    0x00004211      0x1d5 .\CortexM3\ARM_GCC_541\Debug\Lab01.a(ErikaOS_1_ee_evclear.o)
 .debug_line    0x000043e6      0x15b .\CortexM3\ARM_GCC_541\Debug\Lab01.a(ErikaOS_1_ee_evget.o)
 .debug_line    0x00004541      0x1f7 .\CortexM3\ARM_GCC_541\Debug\Lab01.a(ErikaOS_1_ee_evset.o)
 .debug_line    0x00004738      0x203 .\CortexM3\ARM_GCC_541\Debug\Lab01.a(ErikaOS_1_ee_evwait.o)
 .debug_line    0x0000493b      0x1a0 .\CortexM3\ARM_GCC_541\Debug\Lab01.a(ErikaOS_1_ee_irqendin.o)
 .debug_line    0x00004adb      0x119 .\CortexM3\ARM_GCC_541\Debug\Lab01.a(ErikaOS_1_ee_lookup.o)
 .debug_line    0x00004bf4      0x15b .\CortexM3\ARM_GCC_541\Debug\Lab01.a(ErikaOS_1_ee_rq_exchg.o)
 .debug_line    0x00004d4f      0x152 .\CortexM3\ARM_GCC_541\Debug\Lab01.a(ErikaOS_1_ee_rq_first.o)
 .debug_line    0x00004ea1      0x156 .\CortexM3\ARM_GCC_541\Debug\Lab01.a(ErikaOS_1_ee_rq_inser.o)
 .debug_line    0x00004ff7      0x179 .\CortexM3\ARM_GCC_541\Debug\Lab01.a(ErikaOS_1_ee_shtdown.o)
 .debug_line    0x00005170      0x3fa .\CortexM3\ARM_GCC_541\Debug\Lab01.a(ErikaOS_1_ee_startos.o)
 .debug_line    0x0000556a      0x1c0 .\CortexM3\ARM_GCC_541\Debug\Lab01.a(ErikaOS_1_ee_terminat.o)
 .debug_line    0x0000572a      0x166 .\CortexM3\ARM_GCC_541\Debug\Lab01.a(ErikaOS_1_cortex_mx_ee_utils.o)
 .debug_line    0x00005890       0xf9 .\CortexM3\ARM_GCC_541\Debug\Lab01.a(ErikaOS_1_common_ee_hal_structs.o)
 .debug_line    0x00005989      0x13c .\CortexM3\ARM_GCC_541\Debug\Lab01.a(ErikaOS_1_eecfg.o)
 .debug_line    0x00005ac5      0x2c4 .\CortexM3\ARM_GCC_541\Debug\Lab01.a(UART_LOG.o)
 .debug_line    0x00005d89      0x20f .\CortexM3\ARM_GCC_541\Debug\Lab01.a(JOYSTICK_ADC_XY_SAR.o)
 .debug_line    0x00005f98       0x94 .\CortexM3\ARM_GCC_541\Debug\Lab01.a(JOYSTICK_ADC_XY_TempBuf_dma.o)
 .debug_line    0x0000602c       0x95 .\CortexM3\ARM_GCC_541\Debug\Lab01.a(JOYSTICK_ADC_XY_FinalBuf_dma.o)
 .debug_line    0x000060c1      0x140 .\CortexM3\ARM_GCC_541\Debug\Lab01.a(JOYSTICK_ADC_XY_IRQ.o)
 .debug_line    0x00006201      0x180 .\CortexM3\ARM_GCC_541\Debug\Lab01.a(UART_LOG_IntClock.o)
 .debug_line    0x00006381      0x2e4 .\CortexM3\ARM_GCC_541\Debug\Lab01.a(CyDmac.o)
 .debug_line    0x00006665      0x816 .\CortexM3\ARM_GCC_541\Debug\Lab01.a(CyLib.o)
 .debug_line    0x00006e7b      0x367 .\CortexM3\ARM_GCC_541\Debug\Lab01.a(cyPm.o)
 .debug_line    0x000071e2       0xba .\CortexM3\ARM_GCC_541\Debug\Lab01.a(WD_Button.o)
 .debug_line    0x0000729c      0x137 .\CortexM3\ARM_GCC_541\Debug\Lab01.a(isr_Button.o)
 .debug_line    0x000073d3       0xae .\CortexM3\ARM_GCC_541\Debug\Lab01.a(ErikaOS_1_ee_gnu_change_context_isr.o)
 .debug_line    0x00007481       0x74 .\CortexM3\ARM_GCC_541\Debug\Lab01.a(ErikaOS_1_ee_gnu_irq_stack.o)
 .debug_line    0x000074f5       0x9d .\CortexM3\ARM_GCC_541\Debug\Lab01.a(ErikaOS_1_ee_gnu_multi_context.o)
 .debug_line    0x00007592       0x99 .\CortexM3\ARM_GCC_541\Debug\Lab01.a(ErikaOS_1_ee_gnu_oo.o)
 .debug_line    0x0000762b       0x66 .\CortexM3\ARM_GCC_541\Debug\Lab01.a(CyBootAsmGnu.o)
 .debug_line    0x00007691      0x17b .\CortexM3\ARM_GCC_541\Debug\Lab01.a(ErikaOS_1_ee_tnterm.o)
 .debug_line    0x0000780c      0x172 .\CortexM3\ARM_GCC_541\Debug\Lab01.a(ErikaOS_1_ee_tstub.o)
 .debug_line    0x0000797e      0x1ac .\CortexM3\ARM_GCC_541\Debug\Lab01.a(ErikaOS_1_cortex_mx_ee_context.o)
 .debug_line    0x00007b2a      0x21a .\CortexM3\ARM_GCC_541\Debug\Lab01.a(CyFlash.o)
 .debug_line    0x00007d44      0x260 .\CortexM3\ARM_GCC_541\Debug\Lab01.a(CySpc.o)
 .debug_line    0x00007fa4      0x1c7 .\CortexM3\ARM_GCC_541\Debug\Lab01.a(ErikaOS_1_ee_thendin.o)

.debug_frame    0x00000000     0x2894
 *(.debug_frame)
 .debug_frame   0x00000000       0xdc .\CortexM3\ARM_GCC_541\Debug\main.o
 .debug_frame   0x000000dc       0x30 .\CortexM3\ARM_GCC_541\Debug\swc_brakelight.o
 .debug_frame   0x0000010c       0x34 .\CortexM3\ARM_GCC_541\Debug\swc_control.o
 .debug_frame   0x00000140       0x30 .\CortexM3\ARM_GCC_541\Debug\swc_engine.o
 .debug_frame   0x00000170       0x38 .\CortexM3\ARM_GCC_541\Debug\swc_remote.o
 .debug_frame   0x000001a8       0x2c .\CortexM3\ARM_GCC_541\Debug\tsk_brakelight.o
 .debug_frame   0x000001d4       0x2c .\CortexM3\ARM_GCC_541\Debug\tsk_control.o
 .debug_frame   0x00000200       0x2c .\CortexM3\ARM_GCC_541\Debug\tsk_io.o
 .debug_frame   0x0000022c       0x68 .\CortexM3\ARM_GCC_541\Debug\WatchDogTimer.o
 .debug_frame   0x00000294       0x4c .\CortexM3\ARM_GCC_541\Debug\joystick.o
 .debug_frame   0x000002e0       0x8c .\CortexM3\ARM_GCC_541\Debug\led.o
 .debug_frame   0x0000036c       0x60 .\CortexM3\ARM_GCC_541\Debug\rte.o
 .debug_frame   0x000003cc       0x30 .\CortexM3\ARM_GCC_541\Debug\sc_joystick_type.o
 .debug_frame   0x000003fc       0x2c .\CortexM3\ARM_GCC_541\Debug\sc_speed_type.o
 .debug_frame   0x00000428       0x30 .\CortexM3\ARM_GCC_541\Debug\sp_common.o
 .debug_frame   0x00000458       0xfc .\CortexM3\ARM_GCC_541\Debug\cyfitter_cfg.o
 .debug_frame   0x00000554       0xb8 .\CortexM3\ARM_GCC_541\Debug\Cm3Start.o
 .debug_frame   0x0000060c      0x1dc .\CortexM3\ARM_GCC_541\Debug\Lab01.a(JOYSTICK_ADC_XY.o)
 .debug_frame   0x000007e8       0x20 .\CortexM3\ARM_GCC_541\Debug\Lab01.a(JOYSTICK_ADC_XY_INT.o)
 .debug_frame   0x00000808       0x50 .\CortexM3\ARM_GCC_541\Debug\Lab01.a(LED_red.o)
 .debug_frame   0x00000858       0x50 .\CortexM3\ARM_GCC_541\Debug\Lab01.a(LED_yellow.o)
 .debug_frame   0x000008a8       0x50 .\CortexM3\ARM_GCC_541\Debug\Lab01.a(LED_green.o)
 .debug_frame   0x000008f8       0xf8 .\CortexM3\ARM_GCC_541\Debug\Lab01.a(RGB_PWM_red.o)
 .debug_frame   0x000009f0       0xf8 .\CortexM3\ARM_GCC_541\Debug\Lab01.a(RGB_PWM_green.o)
 .debug_frame   0x00000ae8       0xf8 .\CortexM3\ARM_GCC_541\Debug\Lab01.a(RGB_PWM_blue.o)
 .debug_frame   0x00000be0       0x30 .\CortexM3\ARM_GCC_541\Debug\Lab01.a(ErikaOS_1_ee_activate.o)
 .debug_frame   0x00000c10       0x38 .\CortexM3\ARM_GCC_541\Debug\Lab01.a(ErikaOS_1_ee_alsetrel.o)
 .debug_frame   0x00000c48      0x10c .\CortexM3\ARM_GCC_541\Debug\Lab01.a(ErikaOS_1_ee_altick.o)
 .debug_frame   0x00000d54       0x38 .\CortexM3\ARM_GCC_541\Debug\Lab01.a(ErikaOS_1_ee_evclear.o)
 .debug_frame   0x00000d8c       0x20 .\CortexM3\ARM_GCC_541\Debug\Lab01.a(ErikaOS_1_ee_evget.o)
 .debug_frame   0x00000dac       0x30 .\CortexM3\ARM_GCC_541\Debug\Lab01.a(ErikaOS_1_ee_evset.o)
 .debug_frame   0x00000ddc       0x30 .\CortexM3\ARM_GCC_541\Debug\Lab01.a(ErikaOS_1_ee_evwait.o)
 .debug_frame   0x00000e0c       0x58 .\CortexM3\ARM_GCC_541\Debug\Lab01.a(ErikaOS_1_ee_irqendin.o)
 .debug_frame   0x00000e64       0x3c .\CortexM3\ARM_GCC_541\Debug\Lab01.a(ErikaOS_1_ee_rq_exchg.o)
 .debug_frame   0x00000ea0       0x20 .\CortexM3\ARM_GCC_541\Debug\Lab01.a(ErikaOS_1_ee_rq_first.o)
 .debug_frame   0x00000ec0       0x30 .\CortexM3\ARM_GCC_541\Debug\Lab01.a(ErikaOS_1_ee_rq_inser.o)
 .debug_frame   0x00000ef0       0x58 .\CortexM3\ARM_GCC_541\Debug\Lab01.a(ErikaOS_1_ee_shtdown.o)
 .debug_frame   0x00000f48       0x90 .\CortexM3\ARM_GCC_541\Debug\Lab01.a(ErikaOS_1_ee_startos.o)
 .debug_frame   0x00000fd8       0x2c .\CortexM3\ARM_GCC_541\Debug\Lab01.a(ErikaOS_1_ee_terminat.o)
 .debug_frame   0x00001004       0x2c .\CortexM3\ARM_GCC_541\Debug\Lab01.a(ErikaOS_1_cortex_mx_ee_utils.o)
 .debug_frame   0x00001030      0x250 .\CortexM3\ARM_GCC_541\Debug\Lab01.a(UART_LOG.o)
 .debug_frame   0x00001280      0x1b0 .\CortexM3\ARM_GCC_541\Debug\Lab01.a(JOYSTICK_ADC_XY_SAR.o)
 .debug_frame   0x00001430       0x54 .\CortexM3\ARM_GCC_541\Debug\Lab01.a(JOYSTICK_ADC_XY_TempBuf_dma.o)
 .debug_frame   0x00001484       0x54 .\CortexM3\ARM_GCC_541\Debug\Lab01.a(JOYSTICK_ADC_XY_FinalBuf_dma.o)
 .debug_frame   0x000014d8      0x104 .\CortexM3\ARM_GCC_541\Debug\Lab01.a(JOYSTICK_ADC_XY_IRQ.o)
 .debug_frame   0x000015dc       0xe0 .\CortexM3\ARM_GCC_541\Debug\Lab01.a(UART_LOG_IntClock.o)
 .debug_frame   0x000016bc      0x1f8 .\CortexM3\ARM_GCC_541\Debug\Lab01.a(CyDmac.o)
 .debug_frame   0x000018b4      0x738 .\CortexM3\ARM_GCC_541\Debug\Lab01.a(CyLib.o)
 .debug_frame   0x00001fec      0x1f8 .\CortexM3\ARM_GCC_541\Debug\Lab01.a(cyPm.o)
 .debug_frame   0x000021e4       0x70 .\CortexM3\ARM_GCC_541\Debug\Lab01.a(WD_Button.o)
 .debug_frame   0x00002254      0x104 .\CortexM3\ARM_GCC_541\Debug\Lab01.a(isr_Button.o)
 .debug_frame   0x00002358       0x2c .\CortexM3\ARM_GCC_541\Debug\Lab01.a(ErikaOS_1_ee_tnterm.o)
 .debug_frame   0x00002384       0x2c .\CortexM3\ARM_GCC_541\Debug\Lab01.a(ErikaOS_1_ee_tstub.o)
 .debug_frame   0x000023b0       0x3c .\CortexM3\ARM_GCC_541\Debug\Lab01.a(ErikaOS_1_cortex_mx_ee_context.o)
 .debug_frame   0x000023ec      0x194 .\CortexM3\ARM_GCC_541\Debug\Lab01.a(CyFlash.o)
 .debug_frame   0x00002580      0x180 .\CortexM3\ARM_GCC_541\Debug\Lab01.a(CySpc.o)
 .debug_frame   0x00002700       0x5c .\CortexM3\ARM_GCC_541\Debug\Lab01.a(ErikaOS_1_ee_thendin.o)
 .debug_frame   0x0000275c       0x44 c:/program files (x86)/cypress/psoc creator/4.4/psoc creator/import/gnu/arm/5.4.1/bin/../lib/gcc/arm-none-eabi/5.4.1/armv7-m\libgcc.a(_aeabi_ldivmod.o)
 .debug_frame   0x000027a0       0x38 c:/program files (x86)/cypress/psoc creator/4.4/psoc creator/import/gnu/arm/5.4.1/bin/../lib/gcc/arm-none-eabi/5.4.1/armv7-m\libgcc.a(_udivmoddi4.o)
 .debug_frame   0x000027d8       0x20 c:/program files (x86)/cypress/psoc creator/4.4/psoc creator/import/gnu/arm/5.4.1/bin/../lib/gcc/arm-none-eabi/5.4.1/../../../../arm-none-eabi/lib/armv7-m\libg_nano.a(lib_a-errno.o)
 .debug_frame   0x000027f8       0x28 c:/program files (x86)/cypress/psoc creator/4.4/psoc creator/import/gnu/arm/5.4.1/bin/../lib/gcc/arm-none-eabi/5.4.1/../../../../arm-none-eabi/lib/armv7-m\libg_nano.a(lib_a-exit.o)
 .debug_frame   0x00002820       0x2c c:/program files (x86)/cypress/psoc creator/4.4/psoc creator/import/gnu/arm/5.4.1/bin/../lib/gcc/arm-none-eabi/5.4.1/../../../../arm-none-eabi/lib/armv7-m\libg_nano.a(lib_a-init.o)
 .debug_frame   0x0000284c       0x28 c:/program files (x86)/cypress/psoc creator/4.4/psoc creator/import/gnu/arm/5.4.1/bin/../lib/gcc/arm-none-eabi/5.4.1/../../../../arm-none-eabi/lib/armv7-m\libg_nano.a(lib_a-memcpy-stub.o)
 .debug_frame   0x00002874       0x20 c:/program files (x86)/cypress/psoc creator/4.4/psoc creator/import/gnu/arm/5.4.1/bin/../lib/gcc/arm-none-eabi/5.4.1/../../../../arm-none-eabi/lib/armv7-m\libg_nano.a(lib_a-memset.o)

.debug_str      0x00000000     0x534c
 *(.debug_str)
 .debug_str     0x00000000      0x5e7 .\CortexM3\ARM_GCC_541\Debug\main.o
                                0x654 (size before relaxing)
 .debug_str     0x000005e7      0x46f .\CortexM3\ARM_GCC_541\Debug\swc_brakelight.o
                                0x711 (size before relaxing)
 .debug_str     0x00000a56      0x104 .\CortexM3\ARM_GCC_541\Debug\swc_control.o
                                0x78a (size before relaxing)
 .debug_str     0x00000b5a       0x6a .\CortexM3\ARM_GCC_541\Debug\swc_engine.o
                                0x717 (size before relaxing)
 .debug_str     0x00000bc4       0x78 .\CortexM3\ARM_GCC_541\Debug\swc_remote.o
                                0x712 (size before relaxing)
 .debug_str     0x00000c3c      0x171 .\CortexM3\ARM_GCC_541\Debug\tsk_brakelight.o
                                0x407 (size before relaxing)
 .debug_str     0x00000dad       0xc0 .\CortexM3\ARM_GCC_541\Debug\tsk_control.o
                                0x3f5 (size before relaxing)
 .debug_str     0x00000e6d       0x79 .\CortexM3\ARM_GCC_541\Debug\tsk_io.o
                                0x35b (size before relaxing)
 .debug_str     0x00000ee6       0x83 .\CortexM3\ARM_GCC_541\Debug\WatchDogTimer.o
                                0x52d (size before relaxing)
 .debug_str     0x00000f69       0xa6 .\CortexM3\ARM_GCC_541\Debug\joystick.o
                                0x4f9 (size before relaxing)
 .debug_str     0x0000100f      0x14e .\CortexM3\ARM_GCC_541\Debug\led.o
                                0x5e8 (size before relaxing)
 .debug_str     0x0000115d       0x1c .\CortexM3\ARM_GCC_541\Debug\rte.o
                                0x4e8 (size before relaxing)
 .debug_str     0x00001179       0x1a .\CortexM3\ARM_GCC_541\Debug\sc_joystick.o
                                0x10f (size before relaxing)
 .debug_str     0x00001193       0x34 .\CortexM3\ARM_GCC_541\Debug\sc_joystick_type.o
                                0x4a9 (size before relaxing)
 .debug_str     0x000011c7       0x17 .\CortexM3\ARM_GCC_541\Debug\sc_speed.o
                                0x10c (size before relaxing)
 .debug_str     0x000011de       0x3d .\CortexM3\ARM_GCC_541\Debug\sc_speed_type.o
                                0x4ad (size before relaxing)
 .debug_str     0x0000121b      0x10f .\CortexM3\ARM_GCC_541\Debug\sp_common.o
                                0x81b (size before relaxing)
 .debug_str     0x0000132a      0x197 .\CortexM3\ARM_GCC_541\Debug\cyfitter_cfg.o
                                0x373 (size before relaxing)
 .debug_str     0x000014c1       0x75 .\CortexM3\ARM_GCC_541\Debug\cymetadata.o
                                0x209 (size before relaxing)
 .debug_str     0x00001536      0x141 .\CortexM3\ARM_GCC_541\Debug\Cm3Start.o
                                0x33f (size before relaxing)
 .debug_str     0x00001677      0x555 .\CortexM3\ARM_GCC_541\Debug\Lab01.a(JOYSTICK_ADC_XY.o)
                                0x79d (size before relaxing)
 .debug_str     0x00001bcc       0x41 .\CortexM3\ARM_GCC_541\Debug\Lab01.a(JOYSTICK_ADC_XY_INT.o)
                                0x1e1 (size before relaxing)
 .debug_str     0x00001c0d       0x67 .\CortexM3\ARM_GCC_541\Debug\Lab01.a(LED_red.o)
                                0x211 (size before relaxing)
 .debug_str     0x00001c74       0x63 .\CortexM3\ARM_GCC_541\Debug\Lab01.a(LED_yellow.o)
                                0x220 (size before relaxing)
 .debug_str     0x00001cd7       0x5f .\CortexM3\ARM_GCC_541\Debug\Lab01.a(LED_green.o)
                                0x21b (size before relaxing)
 .debug_str     0x00001d36      0x154 .\CortexM3\ARM_GCC_541\Debug\Lab01.a(RGB_PWM_red.o)
                                0x34d (size before relaxing)
 .debug_str     0x00001e8a      0x159 .\CortexM3\ARM_GCC_541\Debug\Lab01.a(RGB_PWM_green.o)
                                0x36b (size before relaxing)
 .debug_str     0x00001fe3      0x14c .\CortexM3\ARM_GCC_541\Debug\Lab01.a(RGB_PWM_blue.o)
                                0x35c (size before relaxing)
 .debug_str     0x0000212f      0x5bf .\CortexM3\ARM_GCC_541\Debug\Lab01.a(ErikaOS_1_ee_activate.o)
                                0x82c (size before relaxing)
 .debug_str     0x000026ee       0x99 .\CortexM3\ARM_GCC_541\Debug\Lab01.a(ErikaOS_1_ee_alsetrel.o)
                                0x624 (size before relaxing)
 .debug_str     0x00002787      0x232 .\CortexM3\ARM_GCC_541\Debug\Lab01.a(ErikaOS_1_ee_altick.o)
                                0xa87 (size before relaxing)
 .debug_str     0x000029b9       0x2e .\CortexM3\ARM_GCC_541\Debug\Lab01.a(ErikaOS_1_ee_evclear.o)
                                0x604 (size before relaxing)
 .debug_str     0x000029e7       0x5d .\CortexM3\ARM_GCC_541\Debug\Lab01.a(ErikaOS_1_ee_evget.o)
                                0x574 (size before relaxing)
 .debug_str     0x00002a44       0x2c .\CortexM3\ARM_GCC_541\Debug\Lab01.a(ErikaOS_1_ee_evset.o)
                                0x804 (size before relaxing)
 .debug_str     0x00002a70       0x8f .\CortexM3\ARM_GCC_541\Debug\Lab01.a(ErikaOS_1_ee_evwait.o)
                                0x848 (size before relaxing)
 .debug_str     0x00002aff       0xca .\CortexM3\ARM_GCC_541\Debug\Lab01.a(ErikaOS_1_ee_irqendin.o)
                                0x6e1 (size before relaxing)
 .debug_str     0x00002bc9       0x2d .\CortexM3\ARM_GCC_541\Debug\Lab01.a(ErikaOS_1_ee_lookup.o)
                                0x4b0 (size before relaxing)
 .debug_str     0x00002bf6       0x8c .\CortexM3\ARM_GCC_541\Debug\Lab01.a(ErikaOS_1_ee_rq_exchg.o)
                                0x522 (size before relaxing)
 .debug_str     0x00002c82       0x2f .\CortexM3\ARM_GCC_541\Debug\Lab01.a(ErikaOS_1_ee_rq_first.o)
                                0x4ed (size before relaxing)
 .debug_str     0x00002cb1       0x3a .\CortexM3\ARM_GCC_541\Debug\Lab01.a(ErikaOS_1_ee_rq_inser.o)
                                0x527 (size before relaxing)
 .debug_str     0x00002ceb       0x8f .\CortexM3\ARM_GCC_541\Debug\Lab01.a(ErikaOS_1_ee_shtdown.o)
                                0x598 (size before relaxing)
 .debug_str     0x00002d7a      0xea0 .\CortexM3\ARM_GCC_541\Debug\Lab01.a(ErikaOS_1_ee_startos.o)
                               0x1753 (size before relaxing)
 .debug_str     0x00003c1a       0x5d .\CortexM3\ARM_GCC_541\Debug\Lab01.a(ErikaOS_1_ee_terminat.o)
                                0x611 (size before relaxing)
 .debug_str     0x00003c77       0x73 .\CortexM3\ARM_GCC_541\Debug\Lab01.a(ErikaOS_1_cortex_mx_ee_utils.o)
                                0x552 (size before relaxing)
 .debug_str     0x00003cea       0x39 .\CortexM3\ARM_GCC_541\Debug\Lab01.a(ErikaOS_1_common_ee_hal_structs.o)
                                0x4bc (size before relaxing)
 .debug_str     0x00003d23      0x19f .\CortexM3\ARM_GCC_541\Debug\Lab01.a(ErikaOS_1_eecfg.o)
                                0x80a (size before relaxing)
 .debug_str     0x00003ec2      0x2e0 .\CortexM3\ARM_GCC_541\Debug\Lab01.a(UART_LOG.o)
                                0x516 (size before relaxing)
 .debug_str     0x000041a2      0x17b .\CortexM3\ARM_GCC_541\Debug\Lab01.a(JOYSTICK_ADC_XY_SAR.o)
                                0x583 (size before relaxing)
 .debug_str     0x0000431d       0xf7 .\CortexM3\ARM_GCC_541\Debug\Lab01.a(JOYSTICK_ADC_XY_TempBuf_dma.o)
                                0x2d9 (size before relaxing)
 .debug_str     0x00004414       0x7d .\CortexM3\ARM_GCC_541\Debug\Lab01.a(JOYSTICK_ADC_XY_FinalBuf_dma.o)
                                0x2dd (size before relaxing)
 .debug_str     0x00004491      0x17b .\CortexM3\ARM_GCC_541\Debug\Lab01.a(JOYSTICK_ADC_XY_IRQ.o)
                                0x38f (size before relaxing)
 .debug_str     0x0000460c      0x1ab .\CortexM3\ARM_GCC_541\Debug\Lab01.a(UART_LOG_IntClock.o)
                                0x38b (size before relaxing)
 .debug_str     0x000047b7      0x263 .\CortexM3\ARM_GCC_541\Debug\Lab01.a(CyDmac.o)
                                0x56f (size before relaxing)
 .debug_str     0x00004a1a      0x23e .\CortexM3\ARM_GCC_541\Debug\Lab01.a(CyLib.o)
                                0xa6c (size before relaxing)
 .debug_str     0x00004c58      0x2dc .\CortexM3\ARM_GCC_541\Debug\Lab01.a(cyPm.o)
                                0x758 (size before relaxing)
 .debug_str     0x00004f34       0x9d .\CortexM3\ARM_GCC_541\Debug\Lab01.a(WD_Button.o)
                                0x25f (size before relaxing)
 .debug_str     0x00004fd1      0x119 .\CortexM3\ARM_GCC_541\Debug\Lab01.a(isr_Button.o)
                                0x311 (size before relaxing)
 .debug_str     0x000050ea       0x46 .\CortexM3\ARM_GCC_541\Debug\Lab01.a(ErikaOS_1_ee_tnterm.o)
                                0x523 (size before relaxing)
 .debug_str     0x00005130       0x57 .\CortexM3\ARM_GCC_541\Debug\Lab01.a(ErikaOS_1_ee_tstub.o)
                                0x5fa (size before relaxing)
 .debug_str     0x00005187       0x8c .\CortexM3\ARM_GCC_541\Debug\Lab01.a(ErikaOS_1_cortex_mx_ee_context.o)
                                0x5b1 (size before relaxing)
 .debug_str     0x00005213       0x6c .\CortexM3\ARM_GCC_541\Debug\Lab01.a(CyFlash.o)
                                0x3e5 (size before relaxing)
 .debug_str     0x0000527f       0x64 .\CortexM3\ARM_GCC_541\Debug\Lab01.a(CySpc.o)
                                0x35d (size before relaxing)
 .debug_str     0x000052e3       0x69 .\CortexM3\ARM_GCC_541\Debug\Lab01.a(ErikaOS_1_ee_thendin.o)
                                0x777 (size before relaxing)

.debug_loc      0x00000000     0x4c53
 *(.debug_loc)
 .debug_loc     0x00000000       0xa8 .\CortexM3\ARM_GCC_541\Debug\main.o
 .debug_loc     0x000000a8       0xd8 .\CortexM3\ARM_GCC_541\Debug\swc_brakelight.o
 .debug_loc     0x00000180       0xc0 .\CortexM3\ARM_GCC_541\Debug\swc_control.o
 .debug_loc     0x00000240      0x106 .\CortexM3\ARM_GCC_541\Debug\swc_engine.o
 .debug_loc     0x00000346      0x172 .\CortexM3\ARM_GCC_541\Debug\swc_remote.o
 .debug_loc     0x000004b8       0x42 .\CortexM3\ARM_GCC_541\Debug\WatchDogTimer.o
 .debug_loc     0x000004fa       0x62 .\CortexM3\ARM_GCC_541\Debug\joystick.o
 .debug_loc     0x0000055c      0x322 .\CortexM3\ARM_GCC_541\Debug\led.o
 .debug_loc     0x0000087e      0x10e .\CortexM3\ARM_GCC_541\Debug\rte.o
 .debug_loc     0x0000098c       0x1e .\CortexM3\ARM_GCC_541\Debug\sc_joystick_type.o
 .debug_loc     0x000009aa       0x4d .\CortexM3\ARM_GCC_541\Debug\sc_speed_type.o
 .debug_loc     0x000009f7      0x13b .\CortexM3\ARM_GCC_541\Debug\sp_common.o
 .debug_loc     0x00000b32      0x27f .\CortexM3\ARM_GCC_541\Debug\cyfitter_cfg.o
 .debug_loc     0x00000db1      0x144 .\CortexM3\ARM_GCC_541\Debug\Cm3Start.o
 .debug_loc     0x00000ef5      0x13c .\CortexM3\ARM_GCC_541\Debug\Lab01.a(JOYSTICK_ADC_XY.o)
 .debug_loc     0x00001031       0x42 .\CortexM3\ARM_GCC_541\Debug\Lab01.a(LED_red.o)
 .debug_loc     0x00001073       0x42 .\CortexM3\ARM_GCC_541\Debug\Lab01.a(LED_yellow.o)